Component: ARM Compiler 5.06 update 5 (build 528) Tool: armlink [4d35e2]

==============================================================================

Section Cross References

    main.o(i.CAN1_RX0_IRQHandler) refers to m2006driver.o(i.CAN_RX_ISR) for CAN_RX_ISR
    main.o(i.ClearRxBuffer) refers to rt_memclr_w.o(.text) for __aeabi_memclr4
    main.o(i.ClearRxBuffer) refers to main.o(.bss) for rx_buffer
    main.o(i.ClearRxBuffer) refers to main.o(.data) for rx_index
    main.o(i.CopeSerial4Data) refers to main.o(.data) for ucRxCnt
    main.o(i.CopeSerial4Data) refers to main.o(.bss) for ucRxBuffer
    main.o(i.InitPIDControllers) refers to pid.o(i.PID_Init) for PID_Init
    main.o(i.InitPIDControllers) refers to pid.o(i.PID_SetOutputLimits) for PID_SetOutputLimits
    main.o(i.InitPIDControllers) refers to main.o(.bss) for angle_pid_controllers
    main.o(i.LimitAcceleration) refers to f2d.o(x$fpl$f2d) for __aeabi_f2d
    main.o(i.LimitAcceleration) refers to fabs.o(i.__hardfp_fabs) for __hardfp_fabs
    main.o(i.LimitAcceleration) refers to drleqf.o(x$fpl$drleqf) for __aeabi_cdrcmple
    main.o(i.ProcessReceivedData) refers to oled.o(i.OLED_Clear) for OLED_Clear
    main.o(i.ProcessReceivedData) refers to oled.o(i.OLED_ShowUTF8String) for OLED_ShowUTF8String
    main.o(i.ProcessReceivedData) refers to main.o(.data) for rx_complete
    main.o(i.ProcessReceivedData) refers to main.o(.bss) for rx_buffer
    main.o(i.TIM6_DAC_IRQHandler) refers to stm32f4xx_tim.o(i.TIM_GetITStatus) for TIM_GetITStatus
    main.o(i.TIM6_DAC_IRQHandler) refers to stm32f4xx_tim.o(i.TIM_ClearITPendingBit) for TIM_ClearITPendingBit
    main.o(i.TIM6_DAC_IRQHandler) refers to main.o(i.ProcessReceivedData) for ProcessReceivedData
    main.o(i.TIM6_DAC_IRQHandler) refers to main.o(i.pi_data_process) for pi_data_process
    main.o(i.TIM6_DAC_IRQHandler) refers to main.o(.data) for system_ticks
    main.o(i.TIM6_DAC_IRQHandler) refers to main.o(.bss) for rx_buffer
    main.o(i.TIM7_IRQHandler) refers to stm32f4xx_tim.o(i.TIM_GetITStatus) for TIM_GetITStatus
    main.o(i.TIM7_IRQHandler) refers to stm32f4xx_tim.o(i.TIM_ClearITPendingBit) for TIM_ClearITPendingBit
    main.o(i.TIM7_IRQHandler) refers to pid.o(i.PID_Compute) for PID_Compute
    main.o(i.TIM7_IRQHandler) refers to f2d.o(x$fpl$f2d) for __aeabi_f2d
    main.o(i.TIM7_IRQHandler) refers to fabs.o(i.__hardfp_fabs) for __hardfp_fabs
    main.o(i.TIM7_IRQHandler) refers to dleqf.o(x$fpl$dleqf) for __aeabi_cdcmple
    main.o(i.TIM7_IRQHandler) refers to m2006driver.o(i.M2006_SetCurrent_ALL) for M2006_SetCurrent_ALL
    main.o(i.TIM7_IRQHandler) refers to main.o(.data) for stcAngle
    main.o(i.TIM7_IRQHandler) refers to main.o(.bss) for angle_pid_controllers
    main.o(i.UART4_IRQHandler) refers to stm32f4xx_usart.o(i.USART_GetITStatus) for USART_GetITStatus
    main.o(i.UART4_IRQHandler) refers to main.o(i.CopeSerial4Data) for CopeSerial4Data
    main.o(i.UART4_IRQHandler) refers to stm32f4xx_usart.o(i.USART_ClearITPendingBit) for USART_ClearITPendingBit
    main.o(i.UART5_IRQHandler) refers to stm32f4xx_usart.o(i.USART_GetITStatus) for USART_GetITStatus
    main.o(i.UART5_IRQHandler) refers to stm32f4xx_usart.o(i.USART_ReceiveData) for USART_ReceiveData
    main.o(i.UART5_IRQHandler) refers to stm32f4xx_usart.o(i.USART_ClearITPendingBit) for USART_ClearITPendingBit
    main.o(i.UART5_IRQHandler) refers to main.o(.data) for rx_index
    main.o(i.UART5_IRQHandler) refers to main.o(.bss) for rx_buffer
    main.o(i.UART5_Transmit) refers to stm32f4xx_usart.o(i.USART_GetFlagStatus) for USART_GetFlagStatus
    main.o(i.UART5_Transmit) refers to stm32f4xx_usart.o(i.USART_SendData) for USART_SendData
    main.o(i.USART2_IRQHandler) refers to stm32f4xx_usart.o(i.USART_GetITStatus) for USART_GetITStatus
    main.o(i.USART2_IRQHandler) refers to stm32f4xx_usart.o(i.USART_ReceiveData) for USART_ReceiveData
    main.o(i.USART2_IRQHandler) refers to main.o(.data) for uartReceiveIndex
    main.o(i.USART2_IRQHandler) refers to main.o(.bss) for uartReceiveBuffer
    main.o(i.UpdateOLEDDisplay) refers to oled.o(i.OLED_Clear) for OLED_Clear
    main.o(i.UpdateOLEDDisplay) refers to oled.o(i.OLED_ShowNumber) for OLED_ShowNumber
    main.o(i.UpdateOLEDDisplay) refers to main.o(.data) for x_pi
    main.o(i.main) refers to system_stm32f4xx.o(i.SystemInit) for SystemInit
    main.o(i.main) refers to oled.o(i.OLED_Init) for OLED_Init
    main.o(i.main) refers to oled.o(i.OLED_Clear) for OLED_Clear
    main.o(i.main) refers to delay.o(i.delay_init) for delay_init
    main.o(i.main) refers to timer.o(i.TIM6_Int_Init) for TIM6_Int_Init
    main.o(i.main) refers to timer.o(i.TIM7_Int_Init) for TIM7_Int_Init
    main.o(i.main) refers to main.o(i.InitPIDControllers) for InitPIDControllers
    main.o(i.main) refers to m2006driver.o(i.CAN_Config) for CAN_Config
    main.o(i.main) refers to stm32f4xx_can.o(i.CAN_ITConfig) for CAN_ITConfig
    main.o(i.main) refers to usart.o(i.USART4_Init) for USART4_Init
[...]
    ../fplib/dcmpi.s                         0x00000000   Number         0  dcmpi.o ABSOLUTE
    ../fplib/dleqf.s                         0x00000000   Number         0  dleqf.o ABSOLUTE
    ../fplib/dnaninf.s                       0x00000000   Number         0  dnaninf.o ABSOLUTE
    ../fplib/dretinf.s                       0x00000000   Number         0  dretinf.o ABSOLUTE
    ../fplib/drleqf.s                        0x00000000   Number         0  drleqf.o ABSOLUTE
    ../fplib/f2d.s                           0x00000000   Number         0  f2d.o ABSOLUTE
    ../fplib/fnaninf.s                       0x00000000   Number         0  fnaninf.o ABSOLUTE
    ../fplib/fpinit.s                        0x00000000   Number         0  fpinit.o ABSOLUTE
    ../fplib/usenofp.s                       0x00000000   Number         0  usenofp.o ABSOLUTE
    ../mathlib/fabs.c                        0x00000000   Number         0  fabs.o ABSOLUTE
    ..\CORE\startup_stm32f40_41xxx.s         0x00000000   Number         0  startup_stm32f40_41xxx.o ABSOLUTE
    ..\FWLIB\src\misc.c                      0x00000000   Number         0  misc.o ABSOLUTE
    ..\FWLIB\src\stm32f4xx_adc.c             0x00000000   Number         0  stm32f4xx_adc.o ABSOLUTE
    ..\FWLIB\src\stm32f4xx_can.c             0x00000000   Number         0  stm32f4xx_can.o ABSOLUTE
    ..\FWLIB\src\stm32f4xx_crc.c             0x00000000   Number         0  stm32f4xx_crc.o ABSOLUTE
    ..\FWLIB\src\stm32f4xx_cryp.c            0x00000000   Number         0  stm32f4xx_cryp.o ABSOLUTE
    ..\FWLIB\src\stm32f4xx_cryp_aes.c        0x00000000   Number         0  stm32f4xx_cryp_aes.o ABSOLUTE
    ..\FWLIB\src\stm32f4xx_cryp_des.c        0x00000000   Number         0  stm32f4xx_cryp_des.o ABSOLUTE
    ..\FWLIB\src\stm32f4xx_cryp_tdes.c       0x00000000   Number         0  stm32f4xx_cryp_tdes.o ABSOLUTE
    ..\FWLIB\src\stm32f4xx_dac.c             0x00000000   Number         0  stm32f4xx_dac.o ABSOLUTE
    ..\FWLIB\src\stm32f4xx_dbgmcu.c          0x00000000   Number         0  stm32f4xx_dbgmcu.o ABSOLUTE
    ..\FWLIB\src\stm32f4xx_dcmi.c            0x00000000   Number         0  stm32f4xx_dcmi.o ABSOLUTE
    ..\FWLIB\src\stm32f4xx_dma.c             0x00000000   Number         0  stm32f4xx_dma.o ABSOLUTE
    ..\FWLIB\src\stm32f4xx_dma2d.c           0x00000000   Number         0  stm32f4xx_dma2d.o ABSOLUTE
    ..\FWLIB\src\stm32f4xx_exti.c            0x00000000   Number         0  stm32f4xx_exti.o ABSOLUTE
    ..\FWLIB\src\stm32f4xx_flash.c           0x00000000   Number         0  stm32f4xx_flash.o ABSOLUTE
    ..\FWLIB\src\stm32f4xx_flash_ramfunc.c   0x00000000   Number         0  stm32f4xx_flash_ramfunc.o ABSOLUTE
    ..\FWLIB\src\stm32f4xx_fsmc.c            0x00000000   Number         0  stm32f4xx_fsmc.o ABSOLUTE
    ..\FWLIB\src\stm32f4xx_gpio.c            0x00000000   Number         0  stm32f4xx_gpio.o ABSOLUTE
    ..\FWLIB\src\stm32f4xx_hash.c            0x00000000   Number         0  stm32f4xx_hash.o ABSOLUTE
    ..\FWLIB\src\stm32f4xx_hash_md5.c        0x00000000   Number         0  stm32f4xx_hash_md5.o ABSOLUTE
    ..\FWLIB\src\stm32f4xx_hash_sha1.c       0x00000000   Number         0  stm32f4xx_hash_sha1.o ABSOLUTE
    ..\FWLIB\src\stm32f4xx_i2c.c             0x00000000   Number         0  stm32f4xx_i2c.o ABSOLUTE
    ..\FWLIB\src\stm32f4xx_iwdg.c            0x00000000   Number         0  stm32f4xx_iwdg.o ABSOLUTE
    ..\FWLIB\src\stm32f4xx_ltdc.c            0x00000000   Number         0  stm32f4xx_ltdc.o ABSOLUTE
    ..\FWLIB\src\stm32f4xx_pwr.c             0x00000000   Number         0  stm32f4xx_pwr.o ABSOLUTE
    ..\FWLIB\src\stm32f4xx_rcc.c             0x00000000   Number         0  stm32f4xx_rcc.o ABSOLUTE
    ..\FWLIB\src\stm32f4xx_rng.c             0x00000000   Number         0  stm32f4xx_rng.o ABSOLUTE
    ..\FWLIB\src\stm32f4xx_rtc.c             0x00000000   Number         0  stm32f4xx_rtc.o ABSOLUTE
    ..\FWLIB\src\stm32f4xx_sai.c             0x00000000   Number         0  stm32f4xx_sai.o ABSOLUTE
    ..\FWLIB\src\stm32f4xx_sdio.c            0x00000000   Number         0  stm32f4xx_sdio.o ABSOLUTE
    ..\FWLIB\src\stm32f4xx_spi.c             0x00000000   Number         0  stm32f4xx_spi.o ABSOLUTE
    ..\FWLIB\src\stm32f4xx_syscfg.c          0x00000000   Number         0  stm32f4xx_syscfg.o ABSOLUTE
    ..\FWLIB\src\stm32f4xx_tim.c             0x00000000   Number         0  stm32f4xx_tim.o ABSOLUTE
    ..\FWLIB\src\stm32f4xx_usart.c           0x00000000   Number         0  stm32f4xx_usart.o ABSOLUTE
    ..\FWLIB\src\stm32f4xx_wwdg.c            0x00000000   Number         0  stm32f4xx_wwdg.o ABSOLUTE
    ..\Hardware\Encoder.c                    0x00000000   Number         0  encoder.o ABSOLUTE
    ..\Hardware\Motor.c                      0x00000000   Number         0  motor.o ABSOLUTE
    ..\Hardware\OLED.c                       0x00000000   Number         0  oled.o ABSOLUTE
    ..\Hardware\m2006driver.c                0x00000000   Number         0  m2006driver.o ABSOLUTE
    ..\Hardware\wit_c_sdk.c                  0x00000000   Number         0  wit_c_sdk.o ABSOLUTE
    ..\SYSTEM\ACTION.c                       0x00000000   Number         0  action.o ABSOLUTE
    ..\SYSTEM\Change.c                       0x00000000   Number         0  change.o ABSOLUTE
    ..\SYSTEM\Delay.c                        0x00000000   Number         0  delay.o ABSOLUTE
    ..\SYSTEM\Move.c                         0x00000000   Number         0  move.o ABSOLUTE
    ..\SYSTEM\PID.c                          0x00000000   Number         0  pid.o ABSOLUTE
    ..\SYSTEM\Timer.c                        0x00000000   Number         0  timer.o ABSOLUTE
    ..\SYSTEM\dmp.c                          0x00000000   Number         0  dmp.o ABSOLUTE
    ..\SYSTEM\pack_one.c                     0x00000000   Number         0  pack_one.o ABSOLUTE
    ..\SYSTEM\usart.c                        0x00000000   Number         0  usart.o ABSOLUTE
    ..\\FWLIB\\src\\misc.c                   0x00000000   Number         0  misc.o ABSOLUTE
    ..\\FWLIB\\src\\stm32f4xx_adc.c          0x00000000   Number         0  stm32f4xx_adc.o ABSOLUTE
    ..\\FWLIB\\src\\stm32f4xx_can.c          0x00000000   Number         0  stm32f4xx_can.o ABSOLUTE
    ..\\FWLIB\\src\\stm32f4xx_crc.c          0x00000000   Number         0  stm32f4xx_crc.o ABSOLUTE
    ..\\FWLIB\\src\\stm32f4xx_cryp.c         0x00000000   Number         0  stm32f4xx_cryp.o ABSOLUTE
    ..\\FWLIB\\src\\stm32f4xx_cryp_aes.c     0x00000000   Number         0  stm32f4xx_cryp_aes.o ABSOLUTE
    ..\\FWLIB\\src\\stm32f4xx_cryp_des.c     0x00000000   Number         0  stm32f4xx_cryp_des.o ABSOLUTE
    ..\\FWLIB\\src\\stm32f4xx_cryp_tdes.c    0x00000000   Number         0  stm32f4xx_cryp_tdes.o ABSOLUTE
    ..\\FWLIB\\src\\stm32f4xx_dac.c          0x00000000   Number         0  stm32f4xx_dac.o ABSOLUTE
    ..\\FWLIB\\src\\stm32f4xx_dbgmcu.c       0x00000000   Number         0  stm32f4xx_dbgmcu.o ABSOLUTE
    ..\\FWLIB\\src\\stm32f4xx_dcmi.c         0x00000000   Number         0  stm32f4xx_dcmi.o ABSOLUTE
    ..\\FWLIB\\src\\stm32f4xx_dma.c          0x00000000   Number         0  stm32f4xx_dma.o ABSOLUTE
    ..\\FWLIB\\src\\stm32f4xx_dma2d.c        0x00000000   Number         0  stm32f4xx_dma2d.o ABSOLUTE
    ..\\FWLIB\\src\\stm32f4xx_exti.c         0x00000000   Number         0  stm32f4xx_exti.o ABSOLUTE
    ..\\FWLIB\\src\\stm32f4xx_flash.c        0x00000000   Number         0  stm32f4xx_flash.o ABSOLUTE
    ..\\FWLIB\\src\\stm32f4xx_flash_ramfunc.c 0x00000000   Number         0  stm32f4xx_flash_ramfunc.o ABSOLUTE
    ..\\FWLIB\\src\\stm32f4xx_fsmc.c         0x00000000   Number         0  stm32f4xx_fsmc.o ABSOLUTE
    ..\\FWLIB\\src\\stm32f4xx_gpio.c         0x00000000   Number         0  stm32f4xx_gpio.o ABSOLUTE
    ..\\FWLIB\\src\\stm32f4xx_hash.c         0x00000000   Number         0  stm32f4xx_hash.o ABSOLUTE
    ..\\FWLIB\\src\\stm32f4xx_hash_md5.c     0x00000000   Number         0  stm32f4xx_hash_md5.o ABSOLUTE
    ..\\FWLIB\\src\\stm32f4xx_hash_sha1.c    0x00000000   Number         0  stm32f4xx_hash_sha1.o ABSOLUTE
    ..\\FWLIB\\src\\stm32f4xx_i2c.c          0x00000000   Number         0  stm32f4xx_i2c.o ABSOLUTE
    ..\\FWLIB\\src\\stm32f4xx_iwdg.c         0x00000000   Number         0  stm32f4xx_iwdg.o ABSOLUTE
    ..\\FWLIB\\src\\stm32f4xx_ltdc.c         0x00000000   Number         0  stm32f4xx_ltdc.o ABSOLUTE
    ..\\FWLIB\\src\\stm32f4xx_pwr.c          0x00000000   Number         0  stm32f4xx_pwr.o ABSOLUTE
    ..\\FWLIB\\src\\stm32f4xx_rcc.c          0x00000000   Number         0  stm32f4xx_rcc.o ABSOLUTE
    ..\\FWLIB\\src\\stm32f4xx_rng.c          0x00000000   Number         0  stm32f4xx_rng.o ABSOLUTE
    ..\\FWLIB\\src\\stm32f4xx_rtc.c          0x00000000   Number         0  stm32f4xx_rtc.o ABSOLUTE
    ..\\FWLIB\\src\\stm32f4xx_sai.c          0x00000000   Number         0  stm32f4xx_sai.o ABSOLUTE
    ..\\FWLIB\\src\\stm32f4xx_sdio.c         0x00000000   Number         0  stm32f4xx_sdio.o ABSOLUTE
    ..\\FWLIB\\src\\stm32f4xx_spi.c          0x00000000   Number         0  stm32f4xx_spi.o ABSOLUTE
    ..\\FWLIB\\src\\stm32f4xx_syscfg.c       0x00000000   Number         0  stm32f4xx_syscfg.o ABSOLUTE
    ..\\FWLIB\\src\\stm32f4xx_tim.c          0x00000000   Number         0  stm32f4xx_tim.o ABSOLUTE
    ..\\FWLIB\\src\\stm32f4xx_usart.c        0x00000000   Number         0  stm32f4xx_usart.o ABSOLUTE
    ..\\FWLIB\\src\\stm32f4xx_wwdg.c         0x00000000   Number         0  stm32f4xx_wwdg.o ABSOLUTE
    ..\\Hardware\\Encoder.c                  0x00000000   Number         0  encoder.o ABSOLUTE
    ..\\Hardware\\Motor.c                    0x00000000   Number         0  motor.o ABSOLUTE
    ..\\Hardware\\OLED.c                     0x00000000   Number         0  oled.o ABSOLUTE
    ..\\Hardware\\m2006driver.c              0x00000000   Number         0  m2006driver.o ABSOLUTE
    ..\\SYSTEM\\ACTION.c                     0x00000000   Number         0  action.o ABSOLUTE
    ..\\SYSTEM\\Delay.c                      0x00000000   Number         0  delay.o ABSOLUTE
    ..\\SYSTEM\\Move.c                       0x00000000   Number         0  move.o ABSOLUTE
    ..\\SYSTEM\\PID.c                        0x00000000   Number         0  pid.o ABSOLUTE
    ..\\SYSTEM\\Timer.c                      0x00000000   Number         0  timer.o ABSOLUTE
    ..\\SYSTEM\\pack_one.c                   0x00000000   Number         0  pack_one.o ABSOLUTE
    ..\\SYSTEM\\usart.c                      0x00000000   Number         0  usart.o ABSOLUTE
    dc.s                                     0x00000000   Number         0  dc.o ABSOLUTE
    main.c                                   0x00000000   Number         0  main.o ABSOLUTE
    main.c                                   0x00000000   Number         0  main.o ABSOLUTE
    stm32f4xx_it.c                           0x00000000   Number         0  stm32f4xx_it.o ABSOLUTE
    stm32f4xx_it.c                           0x00000000   Number         0  stm32f4xx_it.o ABSOLUTE
    system_stm32f4xx.c                       0x00000000   Number         0  system_stm32f4xx.o ABSOLUTE
    system_stm32f4xx.c                       0x00000000   Number         0  system_stm32f4xx.o ABSOLUTE
    RESET                                    0x08000000   Section      392  startup_stm32f40_41xxx.o(RESET)
    !!!main                                  0x08000188   Section        8  __main.o(!!!main)
    !!!scatter                               0x08000190   Section       52  __scatter.o(!!!scatter)
    !!handler_copy                           0x080001c4   Section       26  __scatter_copy.o(!!handler_copy)
    !!handler_zi                             0x080001e0   Section       28  __scatter_zi.o(!!handler_zi)
    .ARM.Collect$$_printf_percent$$00000000  0x080001fc   Section        0  _printf_percent.o(.ARM.Collect$$_printf_percent$$00000000)
    .ARM.Collect$$_printf_percent$$00000009  0x080001fc   Section        6  _printf_d.o(.ARM.Collect$$_printf_percent$$00000009)
    .ARM.Collect$$_printf_percent$$00000017  0x08000202   Section        4  _printf_percent_end.o(.ARM.Collect$$_printf_percent$$00000017)
    .ARM.Collect$$libinit$$00000000          0x08000206   Section        2  libinit.o(.ARM.Collect$$libinit$$00000000)
    .ARM.Collect$$libinit$$00000001          0x08000208   Section        4  libinit2.o(.ARM.Collect$$libinit$$00000001)
    .ARM.Collect$$libinit$$00000004          0x0800020c   Section        0  libinit2.o(.ARM.Collect$$libinit$$00000004)
    .ARM.Collect$$libinit$$0000000A          0x0800020c   Section        0  libinit2.o(.ARM.Collect$$libinit$$0000000A)
    .ARM.Collect$$libinit$$0000000C          0x0800020c   Section        0  libinit2.o(.ARM.Collect$$libinit$$0000000C)
    .ARM.Collect$$libinit$$0000000E          0x0800020c   Section        0  libinit2.o(.ARM.Collect$$libinit$$0000000E)
    .ARM.Collect$$libinit$$0000000F          0x0800020c   Section        6  libinit2.o(.ARM.Collect$$libinit$$0000000F)
    .ARM.Collect$$libinit$$00000011          0x08000212   Section        0  libinit2.o(.ARM.Collect$$libinit$$00000011)
    .ARM.Collect$$libinit$$00000012          0x08000212   Section       12  libinit2.o(.ARM.Collect$$libinit$$00000012)
    .ARM.Collect$$libinit$$00000013          0x0800021e   Section        0  libinit2.o(.ARM.Collect$$libinit$$00000013)
    .ARM.Collect$$libinit$$00000015          0x0800021e   Section        0  libinit2.o(.ARM.Collect$$libinit$$00000015)
    .ARM.Collect$$libinit$$00000017          0x0800021e   Section        0  libinit2.o(.ARM.Collect$$libinit$$00000017)
    .ARM.Collect$$libinit$$00000019          0x0800021e   Section        0  libinit2.o(.ARM.Collect$$libinit$$00000019)
    .ARM.Collect$$libinit$$0000001B          0x0800021e   Section        0  libinit2.o(.ARM.Collect$$libinit$$0000001B)
    .ARM.Collect$$libinit$$0000001D          0x0800021e   Section        0  libinit2.o(.ARM.Collect$$libinit$$0000001D)
    .ARM.Collect$$libinit$$0000001F          0x0800021e   Section        0  libinit2.o(.ARM.Collect$$libinit$$0000001F)
    .ARM.Collect$$libinit$$00000021          0x0800021e   Section        0  libinit2.o(.ARM.Collect$$libinit$$00000021)
    .ARM.Collect$$libinit$$00000023          0x0800021e   Section        0  libinit2.o(.ARM.Collect$$libinit$$00000023)
    .ARM.Collect$$libinit$$00000025          0x0800021e   Section        0  libinit2.o(.ARM.Collect$$libinit$$00000025)
    .ARM.Collect$$libinit$$0000002C          0x0800021e   Section        0  libinit2.o(.ARM.Collect$$libinit$$0000002C)
    .ARM.Collect$$libinit$$0000002E          0x0800021e   Section        0  libinit2.o(.ARM.Collect$$libinit$$0000002E)
    .ARM.Collect$$libinit$$00000030          0x0800021e   Section        0  libinit2.o(.ARM.Collect$$libinit$$00000030)
    .ARM.Collect$$libinit$$00000032          0x0800021e   Section        0  libinit2.o(.ARM.Collect$$libinit$$00000032)
    .ARM.Collect$$libinit$$00000033          0x0800021e   Section        2  libinit2.o(.ARM.Collect$$libinit$$00000033)
    .ARM.Collect$$libshutdown$$00000000      0x08000220   Section        2  libshutdown.o(.ARM.Collect$$libshutdown$$00000000)
    .ARM.Collect$$libshutdown$$00000002      0x08000222   Section        0  libshutdown2.o(.ARM.Collect$$libshutdown$$00000002)
    .ARM.Collect$$libshutdown$$00000004      0x08000222   Section        0  libshutdown2.o(.ARM.Collect$$libshutdown$$00000004)
    .ARM.Collect$$libshutdown$$00000007      0x08000222   Section        0  libshutdown2.o(.ARM.Collect$$libshutdown$$00000007)
    .ARM.Collect$$libshutdown$$0000000A      0x08000222   Section        0  libshutdown2.o(.ARM.Collect$$libshutdown$$0000000A)
    .ARM.Collect$$libshutdown$$0000000C      0x08000222   Section        0  libshutdown2.o(.ARM.Collect$$libshutdown$$0000000C)
    .ARM.Collect$$libshutdown$$0000000F      0x08000222   Section        0  libshutdown2.o(.ARM.Collect$$libshutdown$$0000000F)
    .ARM.Collect$$libshutdown$$00000010      0x08000222   Section        2  libshutdown2.o(.ARM.Collect$$libshutdown$$00000010)
    .ARM.Collect$$rtentry$$00000000          0x08000224   Section        0  __rtentry.o(.ARM.Collect$$rtentry$$00000000)
    .ARM.Collect$$rtentry$$00000002          0x08000224   Section        0  __rtentry2.o(.ARM.Collect$$rtentry$$00000002)
    .ARM.Collect$$rtentry$$00000004          0x08000224   Section        6  __rtentry4.o(.ARM.Collect$$rtentry$$00000004)
    .ARM.Collect$$rtentry$$00000009          0x0800022a   Section        0  __rtentry2.o(.ARM.Collect$$rtentry$$00000009)
    .ARM.Collect$$rtentry$$0000000A          0x0800022a   Section        4  __rtentry2.o(.ARM.Collect$$rtentry$$0000000A)
    .ARM.Collect$$rtentry$$0000000C          0x0800022e   Section        0  __rtentry2.o(.ARM.Collect$$rtentry$$0000000C)
    .ARM.Collect$$rtentry$$0000000D          0x0800022e   Section        8  __rtentry2.o(.ARM.Collect$$rtentry$$0000000D)
    .ARM.Collect$$rtexit$$00000000           0x08000236   Section        2  rtexit.o(.ARM.Collect$$rtexit$$00000000)
    .ARM.Collect$$rtexit$$00000002           0x08000238   Section        0  rtexit2.o(.ARM.Collect$$rtexit$$00000002)
    .ARM.Collect$$rtexit$$00000003           0x08000238   Section        4  rtexit2.o(.ARM.Collect$$rtexit$$00000003)
    .ARM.Collect$$rtexit$$00000004           0x0800023c   Section        6  rtexit2.o(.ARM.Collect$$rtexit$$00000004)
    .text                                    0x08000244   Section       64  startup_stm32f40_41xxx.o(.text)
    $v0                                      0x08000244   Number         0  startup_stm32f40_41xxx.o(.text)
    .text                                    0x08000284   Section        0  noretval__2sprintf.o(.text)
    .text                                    0x080002ac   Section        0  __printf.o(.text)
    .text                                    0x08000314   Section        0  _printf_dec.o(.text)
    .text                                    0x0800038c   Section        0  __0sscanf.o(.text)
    .text                                    0x080003c8   Section        0  _scanf_int.o(.text)
    .text                                    0x08000514   Section        0  strlen.o(.text)
    .text                                    0x08000552   Section        0  heapauxi.o(.text)
    .text                                    0x08000558   Section        0  _printf_intcommon.o(.text)
    .text                                    0x0800060c   Section        0  _printf_char_common.o(.text)
    _printf_input_char                       0x0800060d   Thumb Code    10  _printf_char_common.o(.text)
    .text                                    0x0800063c   Section        0  _sputc.o(.text)
    .text                                    0x08000646   Section        0  _chval.o(.text)
    .text                                    0x08000664   Section        0  scanf_char.o(.text)
    _scanf_char_input                        0x08000665   Thumb Code    12  scanf_char.o(.text)
    .text                                    0x08000690   Section        0  _sgetc.o(.text)
    .text                                    0x080006d0   Section        0  isspace.o(.text)
    .text                                    0x080006e4   Section        0  _scanf.o(.text)
    .text                                    0x08000a58   Section       74  sys_stackheap_outer.o(.text)
    .text                                    0x08000aa4   Section       16  rt_ctype_table.o(.text)
    .text                                    0x08000ab4   Section        0  exit.o(.text)
    .text                                    0x08000ac8   Section        8  libspace.o(.text)
    .text                                    0x08000ad0   Section        8  rt_locale_intlibspace.o(.text)
    .text                                    0x08000ad8   Section      128  strcmpv7m.o(.text)
    .text                                    0x08000b58   Section        0  sys_exit.o(.text)
    .text                                    0x08000b64   Section        2  use_no_semi.o(.text)
    .text                                    0x08000b66   Section        0  indicate_semi.o(.text)
    i.BusFault_Handler                       0x08000b66   Section        0  stm32f4xx_it.o(i.BusFault_Handler)
    i.CAN1_RX0_IRQHandler                    0x08000b6a   Section        0  main.o(i.CAN1_RX0_IRQHandler)
    i.CAN_ClearITPendingBit                  0x08000b74   Section        0  stm32f4xx_can.o(i.CAN_ClearITPendingBit)
    i.CAN_Config                             0x08000c1c   Section        0  m2006driver.o(i.CAN_Config)
    i.CAN_FilterInit                         0x08000d08   Section        0  stm32f4xx_can.o(i.CAN_FilterInit)
    i.CAN_GetITStatus                        0x08000e10   Section        0  stm32f4xx_can.o(i.CAN_GetITStatus)
    i.CAN_ITConfig                           0x08000f30   Section        0  stm32f4xx_can.o(i.CAN_ITConfig)
    i.CAN_Init                               0x08000f42   Section        0  stm32f4xx_can.o(i.CAN_Init)
    i.CAN_RX_ISR                             0x08001058   Section        0  m2006driver.o(i.CAN_RX_ISR)
    i.CAN_Receive                            0x08001254   Section        0  stm32f4xx_can.o(i.CAN_Receive)
    i.CAN_Transmit                           0x08001344   Section        0  stm32f4xx_can.o(i.CAN_Transmit)
    i.CheckITStatus                          0x0800146a   Section        0  stm32f4xx_can.o(i.CheckITStatus)
    CheckITStatus                            0x0800146b   Thumb Code    18  stm32f4xx_can.o(i.CheckITStatus)
    i.CopeSerial4Data                        0x0800147c   Section        0  main.o(i.CopeSerial4Data)
    i.DebugMon_Handler                       0x080014d4   Section        0  stm32f4xx_it.o(i.DebugMon_Handler)
    i.GPIO_Init                              0x080014d6   Section        0  stm32f4xx_gpio.o(i.GPIO_Init)
    i.GPIO_PinAFConfig                       0x08001566   Section        0  stm32f4xx_gpio.o(i.GPIO_PinAFConfig)
    i.GPIO_ResetBits                         0x080015ac   Section        0  stm32f4xx_gpio.o(i.GPIO_ResetBits)
    i.GPIO_SetBits                           0x080015b0   Section        0  stm32f4xx_gpio.o(i.GPIO_SetBits)
    i.HardFault_Handler                      0x080015b4   Section        0  stm32f4xx_it.o(i.HardFault_Handler)
    i.InitPIDControllers                     0x080015b8   Section        0  main.o(i.InitPIDControllers)
    i.LimitAcceleration                      0x08001798   Section        0  main.o(i.LimitAcceleration)
    i.M2006_SetCurrent_ALL                   0x08001814   Section        0  m2006driver.o(i.M2006_SetCurrent_ALL)
    i.MemManage_Handler                      0x08001878   Section        0  stm32f4xx_it.o(i.MemManage_Handler)
    i.NMI_Handler                            0x0800187c   Section        0  stm32f4xx_it.o(i.NMI_Handler)
    i.NVIC_Init                              0x08001880   Section        0  misc.o(i.NVIC_Init)
    i.OLED_Clear                             0x080018f8   Section        0  oled.o(i.OLED_Clear)
    i.OLED_Init                              0x08001930   Section        0  oled.o(i.OLED_Init)
    i.OLED_ShowChar                          0x08001a48   Section        0  oled.o(i.OLED_ShowChar)
    i.OLED_ShowNumber                        0x08001aa8   Section        0  oled.o(i.OLED_ShowNumber)
    i.OLED_ShowString                        0x08001acc   Section        0  oled.o(i.OLED_ShowString)
    i.OLED_ShowUTF8String                    0x08001af8   Section        0  oled.o(i.OLED_ShowUTF8String)
    i.OLED_WriteCommand                      0x08001b38   Section        0  oled.o(i.OLED_WriteCommand)
    i.OLED_WriteData                         0x08001b54   Section        0  oled.o(i.OLED_WriteData)
    i.PID_Compute                            0x08001b70   Section        0  pid.o(i.PID_Compute)
    i.PID_Init                               0x08001c24   Section        0  pid.o(i.PID_Init)
    i.PID_SetOutputLimits                    0x08001c64   Section        0  pid.o(i.PID_SetOutputLimits)
    i.PendSV_Handler                         0x08001c6e   Section        0  stm32f4xx_it.o(i.PendSV_Handler)
    i.ProcessReceivedData                    0x08001c70   Section        0  main.o(i.ProcessReceivedData)
    i.RCC_AHB1PeriphClockCmd                 0x08001c98   Section        0  stm32f4xx_rcc.o(i.RCC_AHB1PeriphClockCmd)
    i.RCC_APB1PeriphClockCmd                 0x08001cb8   Section        0  stm32f4xx_rcc.o(i.RCC_APB1PeriphClockCmd)
    i.RCC_GetClocksFreq                      0x08001cd8   Section        0  stm32f4xx_rcc.o(i.RCC_GetClocksFreq)
    i.SPI_SendByte                           0x08001dc0   Section        0  oled.o(i.SPI_SendByte)
    i.SVC_Handler                            0x08001e08   Section        0  stm32f4xx_it.o(i.SVC_Handler)
    i.SetSysClock                            0x08001e0c   Section        0  system_stm32f4xx.o(i.SetSysClock)
    SetSysClock                              0x08001e0d   Thumb Code   220  system_stm32f4xx.o(i.SetSysClock)
    i.SysTick_CLKSourceConfig                0x08001ef8   Section        0  misc.o(i.SysTick_CLKSourceConfig)
    i.SysTick_Handler                        0x08001f20   Section        0  stm32f4xx_it.o(i.SysTick_Handler)
    i.SystemInit                             0x08001f24   Section        0  system_stm32f4xx.o(i.SystemInit)
    i.TIM6_DAC_IRQHandler                    0x08001f8c   Section        0  main.o(i.TIM6_DAC_IRQHandler)
    i.TIM6_Int_Init                          0x08001ff8   Section        0  timer.o(i.TIM6_Int_Init)
    i.TIM7_IRQHandler                        0x08002054   Section        0  main.o(i.TIM7_IRQHandler)
    i.TIM7_Int_Init                          0x08002468   Section        0  timer.o(i.TIM7_Int_Init)
    i.TIM_ClearITPendingBit                  0x080024c4   Section        0  stm32f4xx_tim.o(i.TIM_ClearITPendingBit)
    i.TIM_Cmd                                0x080024ca   Section        0  stm32f4xx_tim.o(i.TIM_Cmd)
    i.TIM_GetITStatus                        0x080024e2   Section        0  stm32f4xx_tim.o(i.TIM_GetITStatus)
    i.TIM_ITConfig                           0x08002504   Section        0  stm32f4xx_tim.o(i.TIM_ITConfig)
    i.TIM_TimeBaseInit                       0x08002518   Section        0  stm32f4xx_tim.o(i.TIM_TimeBaseInit)
    i.UART4_IRQHandler                       0x0800259c   Section        0  main.o(i.UART4_IRQHandler)
    i.UART5_IRQHandler                       0x080025d0   Section        0  main.o(i.UART5_IRQHandler)
    i.USART2_IRQHandler                      0x0800264c   Section        0  main.o(i.USART2_IRQHandler)
    i.USART4_Init                            0x080026a0   Section        0  usart.o(i.USART4_Init)
    i.USART5_Init                            0x0800274c   Section        0  usart.o(i.USART5_Init)
    i.USART_ClearITPendingBit                0x08002814   Section        0  stm32f4xx_usart.o(i.USART_ClearITPendingBit)
    i.USART_Cmd                              0x08002832   Section        0  stm32f4xx_usart.o(i.USART_Cmd)
    i.USART_GetITStatus                      0x0800284a   Section        0  stm32f4xx_usart.o(i.USART_GetITStatus)
    i.USART_ITConfig                         0x0800289e   Section        0  stm32f4xx_usart.o(i.USART_ITConfig)
    i.USART_Init                             0x080028e8   Section        0  stm32f4xx_usart.o(i.USART_Init)
    i.USART_ReceiveData                      0x080029bc   Section        0  stm32f4xx_usart.o(i.USART_ReceiveData)
    i.UpdateOLEDDisplay                      0x080029c8   Section        0  main.o(i.UpdateOLEDDisplay)
    i.UsageFault_Handler                     0x08002a10   Section        0  stm32f4xx_it.o(i.UsageFault_Handler)
    i.__hardfp_fabs                          0x08002a14   Section        0  fabs.o(i.__hardfp_fabs)
    i.delay_init                             0x08002a28   Section        0  delay.o(i.delay_init)
    i.delay_ms                               0x08002a60   Section        0  delay.o(i.delay_ms)
    i.delay_us                               0x08002a98   Section        0  delay.o(i.delay_us)
    i.main                                   0x08002ae4   Section        0  main.o(i.main)
    i.pi_data_process                        0x08002fcc   Section        0  main.o(i.pi_data_process)
    i.set_target_position                    0x08003050   Section        0  main.o(i.set_target_position)
    locale$$code                             0x080031fc   Section       44  lc_ctype_c.o(locale$$code)
    x$fpl$dcmpinf                            0x08003228   Section       24  dcmpi.o(x$fpl$dcmpinf)
    $v0                                      0x08003228   Number         0  dcmpi.o(x$fpl$dcmpinf)
    x$fpl$dleqf                              0x08003240   Section      120  dleqf.o(x$fpl$dleqf)
    $v0                                      0x08003240   Number         0  dleqf.o(x$fpl$dleqf)
    x$fpl$dnaninf                            0x080032b8   Section      156  dnaninf.o(x$fpl$dnaninf)
    $v0                                      0x080032b8   Number         0  dnaninf.o(x$fpl$dnaninf)
    x$fpl$dretinf                            0x08003354   Section       12  dretinf.o(x$fpl$dretinf)
    $v0                                      0x08003354   Number         0  dretinf.o(x$fpl$dretinf)
    x$fpl$drleqf                             0x08003360   Section      108  drleqf.o(x$fpl$drleqf)
    $v0                                      0x08003360   Number         0  drleqf.o(x$fpl$drleqf)
    x$fpl$f2d                                0x080033cc   Section       86  f2d.o(x$fpl$f2d)
    $v0                                      0x080033cc   Number         0  f2d.o(x$fpl$f2d)
    x$fpl$fnaninf                            0x08003422   Section      140  fnaninf.o(x$fpl$fnaninf)
    $v0                                      0x08003422   Number         0  fnaninf.o(x$fpl$fnaninf)
    x$fpl$fpinit                             0x080034ae   Section       10  fpinit.o(x$fpl$fpinit)
    $v0                                      0x080034ae   Number         0  fpinit.o(x$fpl$fpinit)
    .constdata                               0x080034b8   Section     2072  oled.o(.constdata)
    x$fpl$usenofp                            0x080034b8   Section        0  usenofp.o(x$fpl$usenofp)
    locale$$data                             0x08003cf0   Section      272  lc_ctype_c.o(locale$$data)
    __lcctype_c_name                         0x08003cf4   Data           2  lc_ctype_c.o(locale$$data)
    __lcctype_c_start                        0x08003cfc   Data           0  lc_ctype_c.o(locale$$data)
    __lcctype_c_end                          0x08003e00   Data           0  lc_ctype_c.o(locale$$data)
    .data                                    0x20000000   Section      110  main.o(.data)
    s_cDataUpdate                            0x20000008   Data           1  main.o(.data)
    s_cCmd                                   0x20000009   Data           1  main.o(.data)
    ucRxCnt                                  0x2000006d   Data           1  main.o(.data)
    .data                                    0x2000006e   Section       16  stm32f4xx_rcc.o(.data)
    APBAHBPrescTable                         0x2000006e   Data          16  stm32f4xx_rcc.o(.data)
    .data                                    0x20000080   Section        8  delay.o(.data)
    fac_us                                   0x20000080   Data           4  delay.o(.data)
    fac_ms                                   0x20000084   Data           4  delay.o(.data)
    .bss                                     0x20000088   Section     1578  main.o(.bss)
    ucRxBuffer                               0x200005b8   Data         250  main.o(.bss)
    .bss                                     0x200006b4   Section       96  libspace.o(.bss)
    HEAP                                     0x20000718   Section      512  startup_stm32f40_41xxx.o(HEAP)
    Heap_Mem                                 0x20000718   Data         512  startup_stm32f40_41xxx.o(HEAP)
    STACK                                    0x20000918   Section     1024  startup_stm32f40_41xxx.o(STACK)
    Stack_Mem                                0x20000918   Data        1024  startup_stm32f40_41xxx.o(STACK)
    __initial_sp                             0x20000d18   Data           0  startup_stm32f40_41xxx.o(STACK)

    Global Symbols

    Symbol Name                              Value     Ov Type        Size  Object(Section)

    BuildAttributes$$THM_ISAv4$E$P$D$K$B$S$7EM$VFPi3$EXTD16$VFPS$VFMA$PE$A:L22UL41UL21$X:L11$S22US41US21$IEEE1$IW$USESV6$~STKCKD$USESV7$~SHL$OTIME$ROPI$IEEEJ$EBA8$UX$STANDARDLIB$REQ8$PRES8$EABIv2 0x00000000   Number         0  anon$$obj.o ABSOLUTE
    __ARM_use_no_argv                        0x00000000   Number         0  main.o ABSOLUTE
    __ARM_exceptions_init                     - Undefined Weak Reference
    __alloca_initialize                       - Undefined Weak Reference
    __arm_preinit_                            - Undefined Weak Reference
    __cpp_initialize__aeabi_                  - Undefined Weak Reference
    __cxa_finalize                            - Undefined Weak Reference
    __sigvec_lookup                           - Undefined Weak Reference
    _atexit_init                              - Undefined Weak Reference
    _call_atexit_fns                          - Undefined Weak Reference
    _clock_init                               - Undefined Weak Reference
    _fp_trap_init                             - Undefined Weak Reference
    _fp_trap_shutdown                         - Undefined Weak Reference
    _get_lc_collate                           - Undefined Weak Reference
    _get_lc_monetary                          - Undefined Weak Reference
    _get_lc_numeric                           - Undefined Weak Reference
    _get_lc_time                              - Undefined Weak Reference
    _getenv_init                              - Undefined Weak Reference
    _handle_redirection                       - Undefined Weak Reference
    _init_alloc                               - Undefined Weak Reference
    _init_user_alloc                          - Undefined Weak Reference
    _initio                                   - Undefined Weak Reference
    _printf_post_padding                      - Undefined Weak Reference
    _printf_pre_padding                       - Undefined Weak Reference
    _printf_truncate_signed                   - Undefined Weak Reference
    _printf_truncate_unsigned                 - Undefined Weak Reference
    _rand_init                                - Undefined Weak Reference
    _scanf_longlong                           - Undefined Weak Reference
    _scanf_mbtowc                             - Undefined Weak Reference
    _scanf_real                               - Undefined Weak Reference
    _scanf_string                             - Undefined Weak Reference
    _scanf_wctomb                             - Undefined Weak Reference
    _scanf_wstring                            - Undefined Weak Reference
    _signal_finish                            - Undefined Weak Reference
    _signal_init                              - Undefined Weak Reference
    _terminate_alloc                          - Undefined Weak Reference
    _terminate_user_alloc                     - Undefined Weak Reference
    _terminateio                              - Undefined Weak Reference
    __Vectors_Size                           0x00000188   Number         0  startup_stm32f40_41xxx.o ABSOLUTE
    __Vectors                                0x08000000   Data           4  startup_stm32f40_41xxx.o(RESET)
    __Vectors_End                            0x08000188   Data           0  startup_stm32f40_41xxx.o(RESET)
    __main                                   0x08000189   Thumb Code     8  __main.o(!!!main)
    __scatterload                            0x08000191   Thumb Code     0  __scatter.o(!!!scatter)
    __scatterload_rt2                        0x08000191   Thumb Code    44  __scatter.o(!!!scatter)
    __scatterload_rt2_thumb_only             0x08000191   Thumb Code     0  __scatter.o(!!!scatter)
    __scatterload_null                       0x0800019f   Thumb Code     0  __scatter.o(!!!scatter)
    __scatterload_copy                       0x080001c5   Thumb Code    26  __scatter_copy.o(!!handler_copy)
    __scatterload_zeroinit                   0x080001e1   Thumb Code    28  __scatter_zi.o(!!handler_zi)
    _printf_d                                0x080001fd   Thumb Code     0  _printf_d.o(.ARM.Collect$$_printf_percent$$00000009)
    _printf_percent                          0x080001fd   Thumb Code     0  _printf_percent.o(.ARM.Collect$$_printf_percent$$00000000)
    _printf_percent_end                      0x08000203   Thumb Code     0  _printf_percent_end.o(.ARM.Collect$$_printf_percent$$00000017)
    __rt_lib_init                            0x08000207   Thumb Code     0  libinit.o(.ARM.Collect$$libinit$$00000000)
    __rt_lib_init_fp_1                       0x08000209   Thumb Code     0  libinit2.o(.ARM.Collect$$libinit$$00000001)
    __rt_lib_init_heap_1                     0x0800020d   Thumb Code     0  libinit2.o(.ARM.Collect$$libinit$$0000000A)
    __rt_lib_init_lc_common                  0x0800020d   Thumb Code     0  libinit2.o(.ARM.Collect$$libinit$$0000000F)
    __rt_lib_init_preinit_1                  0x0800020d   Thumb Code     0  libinit2.o(.ARM.Collect$$libinit$$00000004)
    __rt_lib_init_rand_1                     0x0800020d   Thumb Code     0  libinit2.o(.ARM.Collect$$libinit$$0000000E)
    __rt_lib_init_user_alloc_1               0x0800020d   Thumb Code     0  libinit2.o(.ARM.Collect$$libinit$$0000000C)
    __rt_lib_init_lc_collate_1               0x08000213   Thumb Code     0  libinit2.o(.ARM.Collect$$libinit$$00000011)
    __rt_lib_init_lc_ctype_2                 0x08000213   Thumb Code     0  libinit2.o(.ARM.Collect$$libinit$$00000012)
    __rt_lib_init_alloca_1                   0x0800021f   Thumb Code     0  libinit2.o(.ARM.Collect$$libinit$$0000002E)
    __rt_lib_init_argv_1                     0x0800021f   Thumb Code     0  libinit2.o(.ARM.Collect$$libinit$$0000002C)
    __rt_lib_init_atexit_1                   0x0800021f   Thumb Code     0  libinit2.o(.ARM.Collect$$libinit$$0000001B)
    __rt_lib_init_clock_1                    0x0800021f   Thumb Code     0  libinit2.o(.ARM.Collect$$libinit$$00000021)
    __rt_lib_init_cpp_1                      0x0800021f   Thumb Code     0  libinit2.o(.ARM.Collect$$libinit$$00000032)
    __rt_lib_init_exceptions_1               0x0800021f   Thumb Code     0  libinit2.o(.ARM.Collect$$libinit$$00000030)
    __rt_lib_init_fp_trap_1                  0x0800021f   Thumb Code     0  libinit2.o(.ARM.Collect$$libinit$$0000001F)
    __rt_lib_init_getenv_1                   0x0800021f   Thumb Code     0  libinit2.o(.ARM.Collect$$libinit$$00000023)
    __rt_lib_init_lc_ctype_1                 0x0800021f   Thumb Code     0  libinit2.o(.ARM.Collect$$libinit$$00000013)
    __rt_lib_init_lc_monetary_1              0x0800021f   Thumb Code     0  libinit2.o(.ARM.Collect$$libinit$$00000015)
    __rt_lib_init_lc_numeric_1               0x0800021f   Thumb Code     0  libinit2.o(.ARM.Collect$$libinit$$00000017)
    __rt_lib_init_lc_time_1                  0x0800021f   Thumb Code     0  libinit2.o(.ARM.Collect$$libinit$$00000019)
    __rt_lib_init_return                     0x0800021f   Thumb Code     0  libinit2.o(.ARM.Collect$$libinit$$00000033)
    __rt_lib_init_signal_1                   0x0800021f   Thumb Code     0  libinit2.o(.ARM.Collect$$libinit$$0000001D)
    __rt_lib_init_stdio_1                    0x0800021f   Thumb Code     0  libinit2.o(.ARM.Collect$$libinit$$00000025)
    __rt_lib_shutdown                        0x08000221   Thumb Code     0  libshutdown.o(.ARM.Collect$$libshutdown$$00000000)
    __rt_lib_shutdown_cpp_1                  0x08000223   Thumb Code     0  libshutdown2.o(.ARM.Collect$$libshutdown$$00000002)
    __rt_lib_shutdown_fp_trap_1              0x08000223   Thumb Code     0  libshutdown2.o(.ARM.Collect$$libshutdown$$00000007)
    __rt_lib_shutdown_heap_1                 0x08000223   Thumb Code     0  libshutdown2.o(.ARM.Collect$$libshutdown$$0000000F)
    __rt_lib_shutdown_return                 0x08000223   Thumb Code     0  libshutdown2.o(.ARM.Collect$$libshutdown$$00000010)
    __rt_lib_shutdown_signal_1               0x08000223   Thumb Code     0  libshutdown2.o(.ARM.Collect$$libshutdown$$0000000A)
    __rt_lib_shutdown_stdio_1                0x08000223   Thumb Code     0  libshutdown2.o(.ARM.Collect$$libshutdown$$00000004)
    __rt_lib_shutdown_user_alloc_1           0x08000223   Thumb Code     0  libshutdown2.o(.ARM.Collect$$libshutdown$$0000000C)
    __rt_entry                               0x08000225   Thumb Code     0  __rtentry.o(.ARM.Collect$$rtentry$$00000000)
    __rt_entry_presh_1                       0x08000225   Thumb Code     0  __rtentry2.o(.ARM.Collect$$rtentry$$00000002)
    __rt_entry_sh                            0x08000225   Thumb Code     0  __rtentry4.o(.ARM.Collect$$rtentry$$00000004)
    __rt_entry_li                            0x0800022b   Thumb Code     0  __rtentry2.o(.ARM.Collect$$rtentry$$0000000A)
    __rt_entry_postsh_1                      0x0800022b   Thumb Code     0  __rtentry2.o(.ARM.Collect$$rtentry$$00000009)
    __rt_entry_main                          0x0800022f   Thumb Code     0  __rtentry2.o(.ARM.Collect$$rtentry$$0000000D)
    __rt_entry_postli_1                      0x0800022f   Thumb Code     0  __rtentry2.o(.ARM.Collect$$rtentry$$0000000C)
    __rt_exit                                0x08000237   Thumb Code     0  rtexit.o(.ARM.Collect$$rtexit$$00000000)
    __rt_exit_ls                             0x08000239   Thumb Code     0  rtexit2.o(.ARM.Collect$$rtexit$$00000003)
    __rt_exit_prels_1                        0x08000239   Thumb Code     0  rtexit2.o(.ARM.Collect$$rtexit$$00000002)
    __rt_exit_exit                           0x0800023d   Thumb Code     0  rtexit2.o(.ARM.Collect$$rtexit$$00000004)
    Reset_Handler                            0x08000245   Thumb Code     8  startup_stm32f40_41xxx.o(.text)
    ADC_IRQHandler                           0x0800025f   Thumb Code     0  startup_stm32f40_41xxx.o(.text)
    CAN1_RX1_IRQHandler                      0x0800025f   Thumb Code     0  startup_stm32f40_41xxx.o(.text)
    CAN1_SCE_IRQHandler                      0x0800025f   Thumb Code     0  startup_stm32f40_41xxx.o(.text)
    CAN1_TX_IRQHandler                       0x0800025f   Thumb Code     0  startup_stm32f40_41xxx.o(.text)
    CAN2_RX0_IRQHandler                      0x0800025f   Thumb Code     0  startup_stm32f40_41xxx.o(.text)
    CAN2_RX1_IRQHandler                      0x0800025f   Thumb Code     0  startup_stm32f40_41xxx.o(.text)
    CAN2_SCE_IRQHandler                      0x0800025f   Thumb Code     0  startup_stm32f40_41xxx.o(.text)
    CAN2_TX_IRQHandler                       0x0800025f   Thumb Code     0  startup_stm32f40_41xxx.o(.text)
    CRYP_IRQHandler                          0x0800025f   Thumb Code     0  startup_stm32f40_41xxx.o(.text)
    DCMI_IRQHandler                          0x0800025f   Thumb Code     0  startup_stm32f40_41xxx.o(.text)
    DMA1_Stream0_IRQHandler                  0x0800025f   Thumb Code     0  startup_stm32f40_41xxx.o(.text)
    DMA1_Stream1_IRQHandler                  0x0800025f   Thumb Code     0  startup_stm32f40_41xxx.o(.text)
    DMA1_Stream2_IRQHandler                  0x0800025f   Thumb Code     0  startup_stm32f40_41xxx.o(.text)
    DMA1_Stream3_IRQHandler                  0x0800025f   Thumb Code     0  startup_stm32f40_41xxx.o(.text)
    DMA1_Stream4_IRQHandler                  0x0800025f   Thumb Code     0  startup_stm32f40_41xxx.o(.text)
    DMA1_Stream5_IRQHandler                  0x0800025f   Thumb Code     0  startup_stm32f40_41xxx.o(.text)
    DMA1_Stream6_IRQHandler                  0x0800025f   Thumb Code     0  startup_stm32f40_41xxx.o(.text)
    DMA1_Stream7_IRQHandler                  0x0800025f   Thumb Code     0  startup_stm32f40_41xxx.o(.text)
    DMA2_Stream0_IRQHandler                  0x0800025f   Thumb Code     0  startup_stm32f40_41xxx.o(.text)
    DMA2_Stream1_IRQHandler                  0x0800025f   Thumb Code     0  startup_stm32f40_41xxx.o(.text)
    DMA2_Stream2_IRQHandler                  0x0800025f   Thumb Code     0  startup_stm32f40_41xxx.o(.text)
    DMA2_Stream3_IRQHandler                  0x0800025f   Thumb Code     0  startup_stm32f40_41xxx.o(.text)
    DMA2_Stream4_IRQHandler                  0x0800025f   Thumb Code     0  startup_stm32f40_41xxx.o(.text)
    DMA2_Stream5_IRQHandler                  0x0800025f   Thumb Code     0  startup_stm32f40_41xxx.o(.text)
    DMA2_Stream6_IRQHandler                  0x0800025f   Thumb Code     0  startup_stm32f40_41xxx.o(.text)
    DMA2_Stream7_IRQHandler                  0x0800025f   Thumb Code     0  startup_stm32f40_41xxx.o(.text)
    ETH_IRQHandler                           0x0800025f   Thumb Code     0  startup_stm32f40_41xxx.o(.text)
    ETH_WKUP_IRQHandler                      0x0800025f   Thumb Code     0  startup_stm32f40_41xxx.o(.text)
    EXTI0_IRQHandler                         0x0800025f   Thumb Code     0  startup_stm32f40_41xxx.o(.text)
    EXTI15_10_IRQHandler                     0x0800025f   Thumb Code     0  startup_stm32f40_41xxx.o(.text)
    EXTI1_IRQHandler                         0x0800025f   Thumb Code     0  startup_stm32f40_41xxx.o(.text)
    EXTI2_IRQHandler                         0x0800025f   Thumb Code     0  startup_stm32f40_41xxx.o(.text)
    EXTI3_IRQHandler                         0x0800025f   Thumb Code     0  startup_stm32f40_41xxx.o(.text)
    EXTI4_IRQHandler                         0x0800025f   Thumb Code     0  startup_stm32f40_41xxx.o(.text)
    EXTI9_5_IRQHandler                       0x0800025f   Thumb Code     0  startup_stm32f40_41xxx.o(.text)
    FLASH_IRQHandler                         0x0800025f   Thumb Code     0  startup_stm32f40_41xxx.o(.text)
    FPU_IRQHandler                           0x0800025f   Thumb Code     0  startup_stm32f40_41xxx.o(.text)
    FSMC_IRQHandler                          0x0800025f   Thumb Code     0  startup_stm32f40_41xxx.o(.text)
    HASH_RNG_IRQHandler                      0x0800025f   Thumb Code     0  startup_stm32f40_41xxx.o(.text)
    I2C1_ER_IRQHandler                       0x0800025f   Thumb Code     0  startup_stm32f40_41xxx.o(.text)
    I2C1_EV_IRQHandler                       0x0800025f   Thumb Code     0  startup_stm32f40_41xxx.o(.text)
    I2C2_ER_IRQHandler                       0x0800025f   Thumb Code     0  startup_stm32f40_41xxx.o(.text)
    I2C2_EV_IRQHandler                       0x0800025f   Thumb Code     0  startup_stm32f40_41xxx.o(.text)
    I2C3_ER_IRQHandler                       0x0800025f   Thumb Code     0  startup_stm32f40_41xxx.o(.text)
    I2C3_EV_IRQHandler                       0x0800025f   Thumb Code     0  startup_stm32f40_41xxx.o(.text)
    OTG_FS_IRQHandler                        0x0800025f   Thumb Code     0  startup_stm32f40_41xxx.o(.text)
    OTG_FS_WKUP_IRQHandler                   0x0800025f   Thumb Code     0  startup_stm32f40_41xxx.o(.text)
    OTG_HS_EP1_IN_IRQHandler                 0x0800025f   Thumb Code     0  startup_stm32f40_41xxx.o(.text)
    OTG_HS_EP1_OUT_IRQHandler                0x0800025f   Thumb Code     0  startup_stm32f40_41xxx.o(.text)
    OTG_HS_IRQHandler                        0x0800025f   Thumb Code     0  startup_stm32f40_41xxx.o(.text)
    OTG_HS_WKUP_IRQHandler                   0x0800025f   Thumb Code     0  startup_stm32f40_41xxx.o(.text)
    PVD_IRQHandler                           0x0800025f   Thumb Code     0  startup_stm32f40_41xxx.o(.text)
    RCC_IRQHandler                           0x0800025f   Thumb Code     0  startup_stm32f40_41xxx.o(.text)
    RTC_Alarm_IRQHandler                     0x0800025f   Thumb Code     0  startup_stm32f40_41xxx.o(.text)
    RTC_WKUP_IRQHandler                      0x0800025f   Thumb Code     0  startup_stm32f40_41xxx.o(.text)
    SDIO_IRQHandler                          0x0800025f   Thumb Code     0  startup_stm32f40_41xxx.o(.text)
    SPI1_IRQHandler                          0x0800025f   Thumb Code     0  startup_stm32f40_41xxx.o(.text)
    SPI2_IRQHandler                          0x0800025f   Thumb Code     0  startup_stm32f40_41xxx.o(.text)
    SPI3_IRQHandler                          0x0800025f   Thumb Code     0  startup_stm32f40_41xxx.o(.text)
    TAMP_STAMP_IRQHandler                    0x0800025f   Thumb Code     0  startup_stm32f40_41xxx.o(.text)
    TIM1_BRK_TIM9_IRQHandler                 0x0800025f   Thumb Code     0  startup_stm32f40_41xxx.o(.text)
    TIM1_CC_IRQHandler                       0x0800025f   Thumb Code     0  startup_stm32f40_41xxx.o(.text)
    TIM1_TRG_COM_TIM11_IRQHandler            0x0800025f   Thumb Code     0  startup_stm32f40_41xxx.o(.text)
    TIM1_UP_TIM10_IRQHandler                 0x0800025f   Thumb Code     0  startup_stm32f40_41xxx.o(.text)
    TIM2_IRQHandler                          0x0800025f   Thumb Code     0  startup_stm32f40_41xxx.o(.text)
    TIM3_IRQHandler                          0x0800025f   Thumb Code     0  startup_stm32f40_41xxx.o(.text)
    TIM4_IRQHandler                          0x0800025f   Thumb Code     0  startup_stm32f40_41xxx.o(.text)
    TIM5_IRQHandler                          0x0800025f   Thumb Code     0  startup_stm32f40_41xxx.o(.text)
    TIM8_BRK_TIM12_IRQHandler                0x0800025f   Thumb Code     0  startup_stm32f40_41xxx.o(.text)
    TIM8_CC_IRQHandler                       0x0800025f   Thumb Code     0  startup_stm32f40_41xxx.o(.text)
    TIM8_TRG_COM_TIM14_IRQHandler            0x0800025f   Thumb Code     0  startup_stm32f40_41xxx.o(.text)
    TIM8_UP_TIM13_IRQHandler                 0x0800025f   Thumb Code     0  startup_stm32f40_41xxx.o(.text)
    USART1_IRQHandler                        0x0800025f   Thumb Code     0  startup_stm32f40_41xxx.o(.text)
    USART3_IRQHandler                        0x0800025f   Thumb Code     0  startup_stm32f40_41xxx.o(.text)
    USART6_IRQHandler                        0x0800025f   Thumb Code     0  startup_stm32f40_41xxx.o(.text)
    WWDG_IRQHandler                          0x0800025f   Thumb Code     0  startup_stm32f40_41xxx.o(.text)
    __user_initial_stackheap                 0x08000261   Thumb Code     0  startup_stm32f40_41xxx.o(.text)
    __2sprintf                               0x08000285   Thumb Code    34  noretval__2sprintf.o(.text)
    __printf                                 0x080002ad   Thumb Code   104  __printf.o(.text)
    _printf_int_dec                          0x08000315   Thumb Code   104  _printf_dec.o(.text)
    __0sscanf                                0x0800038d   Thumb Code    52  __0sscanf.o(.text)
    _scanf_int                               0x080003c9   Thumb Code   332  _scanf_int.o(.text)
    strlen                                   0x08000515   Thumb Code    62  strlen.o(.text)
    __use_two_region_memory                  0x08000553   Thumb Code     2  heapauxi.o(.text)
    __rt_heap_escrow$2region                 0x08000555   Thumb Code     2  heapauxi.o(.text)
    __rt_heap_expand$2region                 0x08000557   Thumb Code     2  heapauxi.o(.text)
    _printf_int_common                       0x08000559   Thumb Code   178  _printf_intcommon.o(.text)
    _printf_char_common                      0x08000617   Thumb Code    32  _printf_char_common.o(.text)
    _sputc                                   0x0800063d   Thumb Code    10  _sputc.o(.text)
    _chval                                   0x08000647   Thumb Code    28  _chval.o(.text)
    __vfscanf_char                           0x08000671   Thumb Code    24  scanf_char.o(.text)
    _sgetc                                   0x08000691   Thumb Code    30  _sgetc.o(.text)
    _sbackspace                              0x080006af   Thumb Code    34  _sgetc.o(.text)
    isspace                                  0x080006d1   Thumb Code    18  isspace.o(.text)
    __vfscanf                                0x080006e5   Thumb Code   878  _scanf.o(.text)
    __user_setup_stackheap                   0x08000a59   Thumb Code    74  sys_stackheap_outer.o(.text)
    __rt_ctype_table                         0x08000aa5   Thumb Code    16  rt_ctype_table.o(.text)
    exit                                     0x08000ab5   Thumb Code    18  exit.o(.text)
    __user_libspace                          0x08000ac9   Thumb Code     8  libspace.o(.text)
    __user_perproc_libspace                  0x08000ac9   Thumb Code     0  libspace.o(.text)
    __user_perthread_libspace                0x08000ac9   Thumb Code     0  libspace.o(.text)
    __rt_locale                              0x08000ad1   Thumb Code     8  rt_locale_intlibspace.o(.text)
    strcmp                                   0x08000ad9   Thumb Code   128  strcmpv7m.o(.text)
    _sys_exit                                0x08000b59   Thumb Code     8  sys_exit.o(.text)
    __I$use$semihosting                      0x08000b65   Thumb Code     0  use_no_semi.o(.text)
    __use_no_semihosting_swi                 0x08000b65   Thumb Code     2  use_no_semi.o(.text)
    BusFault_Handler                         0x08000b67   Thumb Code     4  stm32f4xx_it.o(i.BusFault_Handler)
    __semihosting_library_function           0x08000b67   Thumb Code     0  indicate_semi.o(.text)
    CAN1_RX0_IRQHandler                      0x08000b6b   Thumb Code     8  main.o(i.CAN1_RX0_IRQHandler)
    CAN_ClearITPendingBit                    0x08000b75   Thumb Code   162  stm32f4xx_can.o(i.CAN_ClearITPendingBit)
    CAN_Config                               0x08000c1d   Thumb Code   228  m2006driver.o(i.CAN_Config)
    CAN_FilterInit                           0x08000d09   Thumb Code   258  stm32f4xx_can.o(i.CAN_FilterInit)
    CAN_GetITStatus                          0x08000e11   Thumb Code   284  stm32f4xx_can.o(i.CAN_GetITStatus)
    CAN_ITConfig                             0x08000f31   Thumb Code    18  stm32f4xx_can.o(i.CAN_ITConfig)
    CAN_Init                                 0x08000f43   Thumb Code   276  stm32f4xx_can.o(i.CAN_Init)
    CAN_RX_ISR                               0x08001059   Thumb Code   496  m2006driver.o(i.CAN_RX_ISR)
    CAN_Receive                              0x08001255   Thumb Code   240  stm32f4xx_can.o(i.CAN_Receive)
    CAN_Transmit                             0x08001345   Thumb Code   294  stm32f4xx_can.o(i.CAN_Transmit)
    CopeSerial4Data                          0x0800147d   Thumb Code    76  main.o(i.CopeSerial4Data)
    DebugMon_Handler                         0x080014d5   Thumb Code     2  stm32f4xx_it.o(i.DebugMon_Handler)
    GPIO_Init                                0x080014d7   Thumb Code   144  stm32f4xx_gpio.o(i.GPIO_Init)
    GPIO_PinAFConfig                         0x08001567   Thumb Code    70  stm32f4xx_gpio.o(i.GPIO_PinAFConfig)
    GPIO_ResetBits                           0x080015ad   Thumb Code     4  stm32f4xx_gpio.o(i.GPIO_ResetBits)
    GPIO_SetBits                             0x080015b1   Thumb Code     4  stm32f4xx_gpio.o(i.GPIO_SetBits)
    HardFault_Handler                        0x080015b5   Thumb Code     4  stm32f4xx_it.o(i.HardFault_Handler)
    InitPIDControllers                       0x080015b9   Thumb Code   386  main.o(i.InitPIDControllers)
    LimitAcceleration                        0x08001799   Thumb Code   112  main.o(i.LimitAcceleration)
    M2006_SetCurrent_ALL                     0x08001815   Thumb Code    94  m2006driver.o(i.M2006_SetCurrent_ALL)
    MemManage_Handler                        0x08001879   Thumb Code     4  stm32f4xx_it.o(i.MemManage_Handler)
    NMI_Handler                              0x0800187d   Thumb Code     2  stm32f4xx_it.o(i.NMI_Handler)
    NVIC_Init                                0x08001881   Thumb Code   106  misc.o(i.NVIC_Init)
    OLED_Clear                               0x080018f9   Thumb Code    56  oled.o(i.OLED_Clear)
    OLED_Init                                0x08001931   Thumb Code   276  oled.o(i.OLED_Init)
    OLED_ShowChar                            0x08001a49   Thumb Code    92  oled.o(i.OLED_ShowChar)
    OLED_ShowNumber                          0x08001aa9   Thumb Code    30  oled.o(i.OLED_ShowNumber)
    OLED_ShowString                          0x08001acd   Thumb Code    44  oled.o(i.OLED_ShowString)
    OLED_ShowUTF8String                      0x08001af9   Thumb Code    62  oled.o(i.OLED_ShowUTF8String)
    OLED_WriteCommand                        0x08001b39   Thumb Code    22  oled.o(i.OLED_WriteCommand)
    OLED_WriteData                           0x08001b55   Thumb Code    22  oled.o(i.OLED_WriteData)
    PID_Compute                              0x08001b71   Thumb Code   178  pid.o(i.PID_Compute)
    PID_Init                                 0x08001c25   Thumb Code    50  pid.o(i.PID_Init)
    PID_SetOutputLimits                      0x08001c65   Thumb Code    10  pid.o(i.PID_SetOutputLimits)
    PendSV_Handler                           0x08001c6f   Thumb Code     2  stm32f4xx_it.o(i.PendSV_Handler)
    ProcessReceivedData                      0x08001c71   Thumb Code    30  main.o(i.ProcessReceivedData)
    RCC_AHB1PeriphClockCmd                   0x08001c99   Thumb Code    26  stm32f4xx_rcc.o(i.RCC_AHB1PeriphClockCmd)
    RCC_APB1PeriphClockCmd                   0x08001cb9   Thumb Code    26  stm32f4xx_rcc.o(i.RCC_APB1PeriphClockCmd)
    RCC_GetClocksFreq                        0x08001cd9   Thumb Code   214  stm32f4xx_rcc.o(i.RCC_GetClocksFreq)
    SPI_SendByte                             0x08001dc1   Thumb Code    68  oled.o(i.SPI_SendByte)
    SVC_Handler                              0x08001e09   Thumb Code     2  stm32f4xx_it.o(i.SVC_Handler)
    SysTick_CLKSourceConfig                  0x08001ef9   Thumb Code    40  misc.o(i.SysTick_CLKSourceConfig)
    SysTick_Handler                          0x08001f21   Thumb Code     2  stm32f4xx_it.o(i.SysTick_Handler)
    SystemInit                               0x08001f25   Thumb Code    88  system_stm32f4xx.o(i.SystemInit)
    TIM6_DAC_IRQHandler                      0x08001f8d   Thumb Code    76  main.o(i.TIM6_DAC_IRQHandler)
    TIM6_Int_Init                            0x08001ff9   Thumb Code    88  timer.o(i.TIM6_Int_Init)
    TIM7_IRQHandler                          0x08002055   Thumb Code   972  main.o(i.TIM7_IRQHandler)
    TIM7_Int_Init                            0x08002469   Thumb Code    88  timer.o(i.TIM7_Int_Init)
    TIM_ClearITPendingBit                    0x080024c5   Thumb Code     6  stm32f4xx_tim.o(i.TIM_ClearITPendingBit)
    TIM_Cmd                                  0x080024cb   Thumb Code    24  stm32f4xx_tim.o(i.TIM_Cmd)
    TIM_GetITStatus                          0x080024e3   Thumb Code    34  stm32f4xx_tim.o(i.TIM_GetITStatus)
    TIM_ITConfig                             0x08002505   Thumb Code    18  stm32f4xx_tim.o(i.TIM_ITConfig)
    TIM_TimeBaseInit                         0x08002519   Thumb Code   104  stm32f4xx_tim.o(i.TIM_TimeBaseInit)
    UART4_IRQHandler                         0x0800259d   Thumb Code    48  main.o(i.UART4_IRQHandler)
    UART5_IRQHandler                         0x080025d1   Thumb Code   108  main.o(i.UART5_IRQHandler)
    USART2_IRQHandler                        0x0800264d   Thumb Code    70  main.o(i.USART2_IRQHandler)
    USART4_Init                              0x080026a1   Thumb Code   164  usart.o(i.USART4_Init)
    USART5_Init                              0x0800274d   Thumb Code   188  usart.o(i.USART5_Init)
    USART_ClearITPendingBit                  0x08002815   Thumb Code    30  stm32f4xx_usart.o(i.USART_ClearITPendingBit)
    USART_Cmd                                0x08002833   Thumb Code    24  stm32f4xx_usart.o(i.USART_Cmd)
    USART_GetITStatus                        0x0800284b   Thumb Code    84  stm32f4xx_usart.o(i.USART_GetITStatus)
    USART_ITConfig                           0x0800289f   Thumb Code    74  stm32f4xx_usart.o(i.USART_ITConfig)
    USART_Init                               0x080028e9   Thumb Code   204  stm32f4xx_usart.o(i.USART_Init)
    USART_ReceiveData                        0x080029bd   Thumb Code    10  stm32f4xx_usart.o(i.USART_ReceiveData)
    UpdateOLEDDisplay                        0x080029c9   Thumb Code    56  main.o(i.UpdateOLEDDisplay)
    UsageFault_Handler                       0x08002a11   Thumb Code     4  stm32f4xx_it.o(i.UsageFault_Handler)
    __hardfp_fabs                            0x08002a15   Thumb Code    20  fabs.o(i.__hardfp_fabs)
    delay_init                               0x08002a29   Thumb Code    46  delay.o(i.delay_init)
    delay_ms                                 0x08002a61   Thumb Code    50  delay.o(i.delay_ms)
    delay_us                                 0x08002a99   Thumb Code    72  delay.o(i.delay_us)
    main                                     0x08002ae5   Thumb Code  1222  main.o(i.main)
    pi_data_process                          0x08002fcd   Thumb Code   108  main.o(i.pi_data_process)
    set_target_position                      0x08003051   Thumb Code   382  main.o(i.set_target_position)
    _get_lc_ctype                            0x080031fd   Thumb Code    44  lc_ctype_c.o(locale$$code)
    __fpl_dcmp_Inf                           0x08003229   Thumb Code    24  dcmpi.o(x$fpl$dcmpinf)
    __aeabi_cdcmple                          0x08003241   Thumb Code     0  dleqf.o(x$fpl$dleqf)
    _dcmple                                  0x08003241   Thumb Code   120  dleqf.o(x$fpl$dleqf)
    __fpl_dcmple_InfNaN                      0x080032a3   Thumb Code     0  dleqf.o(x$fpl$dleqf)
    __fpl_dnaninf                            0x080032b9   Thumb Code   156  dnaninf.o(x$fpl$dnaninf)
    __fpl_dretinf                            0x08003355   Thumb Code    12  dretinf.o(x$fpl$dretinf)
    __aeabi_cdrcmple                         0x08003361   Thumb Code     0  drleqf.o(x$fpl$drleqf)
    _drcmple                                 0x08003361   Thumb Code   108  drleqf.o(x$fpl$drleqf)
    __aeabi_f2d                              0x080033cd   Thumb Code     0  f2d.o(x$fpl$f2d)
    _f2d                                     0x080033cd   Thumb Code    86  f2d.o(x$fpl$f2d)
    __fpl_fnaninf                            0x08003423   Thumb Code   140  fnaninf.o(x$fpl$fnaninf)
    _fp_init                                 0x080034af   Thumb Code    10  fpinit.o(x$fpl$fpinit)
    __fplib_config_fpu_vfp                   0x080034b7   Thumb Code     0  fpinit.o(x$fpl$fpinit)
    __fplib_config_pureend_doubles           0x080034b7   Thumb Code     0  fpinit.o(x$fpl$fpinit)
    F6x8                                     0x080034b8   Data         552  oled.o(.constdata)
    __I$use$fp                               0x080034b8   Number         0  usenofp.o(x$fpl$usenofp)
    F8X16                                    0x080036e0   Data        1520  oled.o(.constdata)
    Region$$Table$$Base                      0x08003cd0   Number         0  anon$$obj.o(Region$$Table)
    Region$$Table$$Limit                     0x08003cf0   Number         0  anon$$obj.o(Region$$Table)
    __ctype                                  0x08003cfd   Data           0  lc_ctype_c.o(locale$$data)
    stcAngle                                 0x20000000   Data           8  main.o(.data)
    uartReceiveIndex                         0x2000000a   Data           2  main.o(.data)
    rx_index                                 0x2000000c   Data           2  main.o(.data)
    rx_complete                              0x2000000e   Data           1  main.o(.data)
    position_x                               0x20000010   Data           4  main.o(.data)
    position_y                               0x20000014   Data           4  main.o(.data)
    sign_move                                0x20000018   Data           4  main.o(.data)
    flag_arr_speed_1                         0x2000001c   Data           4  main.o(.data)
    flag_arr_speed_2                         0x20000020   Data           4  main.o(.data)
    flag_arr_speed_3                         0x20000024   Data           4  main.o(.data)
    flag_arr_speed_4                         0x20000028   Data           4  main.o(.data)
    x_pi                                     0x2000002c   Data           4  main.o(.data)
    y_pi                                     0x20000030   Data           4  main.o(.data)
    pi_put_obj_fir                           0x20000034   Data           4  main.o(.data)
    pi_put_obj_sec                           0x20000038   Data           4  main.o(.data)
    vy                                       0x2000003c   Data           4  main.o(.data)
    vx                                       0x20000040   Data           4  main.o(.data)
    omega                                    0x20000044   Data           4  main.o(.data)
    r                                        0x20000048   Data           4  main.o(.data)
    target_yaw                               0x2000004c   Data           4  main.o(.data)
    Move_num                                 0x20000050   Data           4  main.o(.data)
    run_num                                  0x20000054   Data           4  main.o(.data)
    left                                     0x20000058   Data           4  main.o(.data)
    right                                    0x2000005c   Data           4  main.o(.data)
    up                                       0x20000060   Data           4  main.o(.data)
    down                                     0x20000064   Data           4  main.o(.data)
    system_ticks                             0x20000068   Data           4  main.o(.data)
    update_display                           0x2000006c   Data           1  main.o(.data)
    Move_moters_speed                        0x20000088   Data          16  main.o(.bss)
    motors                                   0x20000098   Data          96  main.o(.bss)
    angle_pid_controllers                    0x200000f8   Data          32  main.o(.bss)
    position_pid_controllers                 0x20000118   Data         128  main.o(.bss)
    speed_pid_controllers                    0x20000198   Data         128  main.o(.bss)
    current_pid_controllers                  0x20000218   Data         128  main.o(.bss)
    uartReceiveBuffer                        0x20000298   Data         256  main.o(.bss)
    rx_buffer                                0x20000398   Data         512  main.o(.bss)
    target_positions                         0x20000598   Data          16  main.o(.bss)
    current_speeds                           0x200005a8   Data          16  main.o(.bss)
    __libspace_start                         0x200006b4   Data          96  libspace.o(.bss)
    __temporary_stack_top$libspace           0x20000714   Data           0  libspace.o(.bss)



==============================================================================

Memory Map of the image

  Image Entry point : 0x08000189

  Load Region LR_IROM1 (Base: 0x08000000, Size: 0x00003e88, Max: 0x00080000, ABSOLUTE)

    Execution Region ER_IROM1 (Exec base: 0x08000000, Load base: 0x08000000, Size: 0x00003e00, Max: 0x00080000, ABSOLUTE)

    Exec Addr    Load Addr    Size         Type   Attr      Idx    E Section Name        Object

    0x08000000   0x08000000   0x00000188   Data   RO          488    RESET               startup_stm32f40_41xxx.o
    0x08000188   0x08000188   0x00000008   Code   RO         6099  * !!!main             c_w.l(__main.o)
    0x08000190   0x08000190   0x00000034   Code   RO         6310    !!!scatter          c_w.l(__scatter.o)
    0x080001c4   0x080001c4   0x0000001a   Code   RO         6312    !!handler_copy      c_w.l(__scatter_copy.o)
    0x080001de   0x080001de   0x00000002   PAD
    0x080001e0   0x080001e0   0x0000001c   Code   RO         6314    !!handler_zi        c_w.l(__scatter_zi.o)
    0x080001fc   0x080001fc   0x00000000   Code   RO         6086    .ARM.Collect$$_printf_percent$$00000000  c_w.l(_printf_percent.o)
    0x080001fc   0x080001fc   0x00000006   Code   RO         6085    .ARM.Collect$$_printf_percent$$00000009  c_w.l(_printf_d.o)
    0x08000202   0x08000202   0x00000004   Code   RO         6120    .ARM.Collect$$_printf_percent$$00000017  c_w.l(_printf_percent_end.o)
    0x08000206   0x08000206   0x00000002   Code   RO         6170    .ARM.Collect$$libinit$$00000000  c_w.l(libinit.o)
    0x08000208   0x08000208   0x00000004   Code   RO         6184    .ARM.Collect$$libinit$$00000001  c_w.l(libinit2.o)
    0x0800020c   0x0800020c   0x00000000   Code   RO         6187    .ARM.Collect$$libinit$$00000004  c_w.l(libinit2.o)
    0x0800020c   0x0800020c   0x00000000   Code   RO         6190    .ARM.Collect$$libinit$$0000000A  c_w.l(libinit2.o)
    0x0800020c   0x0800020c   0x00000000   Code   RO         6192    .ARM.Collect$$libinit$$0000000C  c_w.l(libinit2.o)
    0x0800020c   0x0800020c   0x00000000   Code   RO         6194    .ARM.Collect$$libinit$$0000000E  c_w.l(libinit2.o)
    0x0800020c   0x0800020c   0x00000006   Code   RO         6195    .ARM.Collect$$libinit$$0000000F  c_w.l(libinit2.o)
    0x08000212   0x08000212   0x00000000   Code   RO         6197    .ARM.Collect$$libinit$$00000011  c_w.l(libinit2.o)
    0x08000212   0x08000212   0x0000000c   Code   RO         6198    .ARM.Collect$$libinit$$00000012  c_w.l(libinit2.o)
    0x0800021e   0x0800021e   0x00000000   Code   RO         6199    .ARM.Collect$$libinit$$00000013  c_w.l(libinit2.o)
    0x0800021e   0x0800021e   0x00000000   Code   RO         6201    .ARM.Collect$$libinit$$00000015  c_w.l(libinit2.o)
    0x0800021e   0x0800021e   0x00000000   Code   RO         6203    .ARM.Collect$$libinit$$00000017  c_w.l(libinit2.o)
    0x0800021e   0x0800021e   0x00000000   Code   RO         6205    .ARM.Collect$$libinit$$00000019  c_w.l(libinit2.o)
    0x0800021e   0x0800021e   0x00000000   Code   RO         6207    .ARM.Collect$$libinit$$0000001B  c_w.l(libinit2.o)
    0x0800021e   0x0800021e   0x00000000   Code   RO         6209    .ARM.Collect$$libinit$$0000001D  c_w.l(libinit2.o)
    0x0800021e   0x0800021e   0x00000000   Code   RO         6211    .ARM.Collect$$libinit$$0000001F  c_w.l(libinit2.o)
    0x0800021e   0x0800021e   0x00000000   Code   RO         6213    .ARM.Collect$$libinit$$00000021  c_w.l(libinit2.o)
    0x0800021e   0x0800021e   0x00000000   Code   RO         6215    .ARM.Collect$$libinit$$00000023  c_w.l(libinit2.o)
    0x0800021e   0x0800021e   0x00000000   Code   RO         6217    .ARM.Collect$$libinit$$00000025  c_w.l(libinit2.o)
    0x0800021e   0x0800021e   0x00000000   Code   RO         6221    .ARM.Collect$$libinit$$0000002C  c_w.l(libinit2.o)
    0x0800021e   0x0800021e   0x00000000   Code   RO         6223    .ARM.Collect$$libinit$$0000002E  c_w.l(libinit2.o)
    0x0800021e   0x0800021e   0x00000000   Code   RO         6225    .ARM.Collect$$libinit$$00000030  c_w.l(libinit2.o)
    0x0800021e   0x0800021e   0x00000000   Code   RO         6227    .ARM.Collect$$libinit$$00000032  c_w.l(libinit2.o)
    0x0800021e   0x0800021e   0x00000002   Code   RO         6228    .ARM.Collect$$libinit$$00000033  c_w.l(libinit2.o)
    0x08000220   0x08000220   0x00000002   Code   RO         6250    .ARM.Collect$$libshutdown$$00000000  c_w.l(libshutdown.o)
    0x08000222   0x08000222   0x00000000   Code   RO         6263    .ARM.Collect$$libshutdown$$00000002  c_w.l(libshutdown2.o)
    0x08000222   0x08000222   0x00000000   Code   RO         6265    .ARM.Collect$$libshutdown$$00000004  c_w.l(libshutdown2.o)
    0x08000222   0x08000222   0x00000000   Code   RO         6268    .ARM.Collect$$libshutdown$$00000007  c_w.l(libshutdown2.o)
    0x08000222   0x08000222   0x00000000   Code   RO         6271    .ARM.Collect$$libshutdown$$0000000A  c_w.l(libshutdown2.o)
    0x08000222   0x08000222   0x00000000   Code   RO         6273    .ARM.Collect$$libshutdown$$0000000C  c_w.l(libshutdown2.o)
    0x08000222   0x08000222   0x00000000   Code   RO         6276    .ARM.Collect$$libshutdown$$0000000F  c_w.l(libshutdown2.o)
    0x08000222   0x08000222   0x00000002   Code   RO         6277    .ARM.Collect$$libshutdown$$00000010  c_w.l(libshutdown2.o)
    0x08000224   0x08000224   0x00000000   Code   RO         6113    .ARM.Collect$$rtentry$$00000000  c_w.l(__rtentry.o)
    0x08000224   0x08000224   0x00000000   Code   RO         6139    .ARM.Collect$$rtentry$$00000002  c_w.l(__rtentry2.o)
    0x08000224   0x08000224   0x00000006   Code   RO         6151    .ARM.Collect$$rtentry$$00000004  c_w.l(__rtentry4.o)
    0x0800022a   0x0800022a   0x00000000   Code   RO         6141    .ARM.Collect$$rtentry$$00000009  c_w.l(__rtentry2.o)
    0x0800022a   0x0800022a   0x00000004   Code   RO         6142    .ARM.Collect$$rtentry$$0000000A  c_w.l(__rtentry2.o)
    0x0800022e   0x0800022e   0x00000000   Code   RO         6144    .ARM.Collect$$rtentry$$0000000C  c_w.l(__rtentry2.o)
    0x0800022e   0x0800022e   0x00000008   Code   RO         6145    .ARM.Collect$$rtentry$$0000000D  c_w.l(__rtentry2.o)
    0x08000236   0x08000236   0x00000002   Code   RO         6174    .ARM.Collect$$rtexit$$00000000  c_w.l(rtexit.o)
    0x08000238   0x08000238   0x00000000   Code   RO         6230    .ARM.Collect$$rtexit$$00000002  c_w.l(rtexit2.o)
    0x08000238   0x08000238   0x00000004   Code   RO         6231    .ARM.Collect$$rtexit$$00000003  c_w.l(rtexit2.o)
    0x0800023c   0x0800023c   0x00000006   Code   RO         6232    .ARM.Collect$$rtexit$$00000004  c_w.l(rtexit2.o)
    0x08000242   0x08000242   0x00000002   PAD
    0x08000244   0x08000244   0x00000040   Code   RO          489    .text               startup_stm32f40_41xxx.o
    0x08000284   0x08000284   0x00000028   Code   RO         6059    .text               c_w.l(noretval__2sprintf.o)
    0x080002ac   0x080002ac   0x00000068   Code   RO         6061    .text               c_w.l(__printf.o)
    0x08000314   0x08000314   0x00000078   Code   RO         6063    .text               c_w.l(_printf_dec.o)
    0x0800038c   0x0800038c   0x0000003c   Code   RO         6087    .text               c_w.l(__0sscanf.o)
    0x080003c8   0x080003c8   0x0000014c   Code   RO         6089    .text               c_w.l(_scanf_int.o)
    0x08000514   0x08000514   0x0000003e   Code   RO         6091    .text               c_w.l(strlen.o)
    0x08000552   0x08000552   0x00000006   Code   RO         6097    .text               c_w.l(heapauxi.o)
    0x08000558   0x08000558   0x000000b2   Code   RO         6114    .text               c_w.l(_printf_intcommon.o)
    0x0800060a   0x0800060a   0x00000002   PAD
    0x0800060c   0x0800060c   0x00000030   Code   RO         6116    .text               c_w.l(_printf_char_common.o)
    0x0800063c   0x0800063c   0x0000000a   Code   RO         6118    .text               c_w.l(_sputc.o)
    0x08000646   0x08000646   0x0000001c   Code   RO         6121    .text               c_w.l(_chval.o)
    0x08000662   0x08000662   0x00000002   PAD
    0x08000664   0x08000664   0x0000002c   Code   RO         6123    .text               c_w.l(scanf_char.o)
    0x08000690   0x08000690   0x00000040   Code   RO         6125    .text               c_w.l(_sgetc.o)
    0x080006d0   0x080006d0   0x00000012   Code   RO         6153    .text               c_w.l(isspace.o)
    0x080006e2   0x080006e2   0x00000002   PAD
    0x080006e4   0x080006e4   0x00000374   Code   RO         6157    .text               c_w.l(_scanf.o)
    0x08000a58   0x08000a58   0x0000004a   Code   RO         6159    .text               c_w.l(sys_stackheap_outer.o)
    0x08000aa2   0x08000aa2   0x00000002   PAD
    0x08000aa4   0x08000aa4   0x00000010   Code   RO         6161    .text               c_w.l(rt_ctype_table.o)
    0x08000ab4   0x08000ab4   0x00000012   Code   RO         6163    .text               c_w.l(exit.o)
    0x08000ac6   0x08000ac6   0x00000002   PAD
    0x08000ac8   0x08000ac8   0x00000008   Code   RO         6171    .text               c_w.l(libspace.o)
    0x08000ad0   0x08000ad0   0x00000008   Code   RO         6179    .text               c_w.l(rt_locale_intlibspace.o)
    0x08000ad8   0x08000ad8   0x00000080   Code   RO         6236    .text               c_w.l(strcmpv7m.o)
    0x08000b58   0x08000b58   0x0000000c   Code   RO         6242    .text               c_w.l(sys_exit.o)
    0x08000b64   0x08000b64   0x00000002   Code   RO         6253    .text               c_w.l(use_no_semi.o)
    0x08000b66   0x08000b66   0x00000000   Code   RO         6255    .text               c_w.l(indicate_semi.o)
    0x08000b66   0x08000b66   0x00000004   Code   RO          279    i.BusFault_Handler  stm32f4xx_it.o
    0x08000b6a   0x08000b6a   0x00000008   Code   RO            3    i.CAN1_RX0_IRQHandler  main.o
    0x08000b72   0x08000b72   0x00000002   PAD
    0x08000b74   0x08000b74   0x000000a8   Code   RO          809    i.CAN_ClearITPendingBit  stm32f4xx_can.o
    0x08000c1c   0x08000c1c   0x000000ec   Code   RO         5802    i.CAN_Config        m2006driver.o
    0x08000d08   0x08000d08   0x00000108   Code   RO          813    i.CAN_FilterInit    stm32f4xx_can.o
    0x08000e10   0x08000e10   0x00000120   Code   RO          815    i.CAN_GetITStatus   stm32f4xx_can.o
    0x08000f30   0x08000f30   0x00000012   Code   RO          819    i.CAN_ITConfig      stm32f4xx_can.o
    0x08000f42   0x08000f42   0x00000114   Code   RO          820    i.CAN_Init          stm32f4xx_can.o
    0x08001056   0x08001056   0x00000002   PAD
    0x08001058   0x08001058   0x000001fc   Code   RO         5803    i.CAN_RX_ISR        m2006driver.o
    0x08001254   0x08001254   0x000000f0   Code   RO          823    i.CAN_Receive       stm32f4xx_can.o
    0x08001344   0x08001344   0x00000126   Code   RO          828    i.CAN_Transmit      stm32f4xx_can.o
    0x0800146a   0x0800146a   0x00000012   Code   RO          831    i.CheckITStatus     stm32f4xx_can.o
    0x0800147c   0x0800147c   0x00000058   Code   RO            5    i.CopeSerial4Data   main.o
    0x080014d4   0x080014d4   0x00000002   Code   RO          280    i.DebugMon_Handler  stm32f4xx_it.o
    0x080014d6   0x080014d6   0x00000090   Code   RO         2244    i.GPIO_Init         stm32f4xx_gpio.o
    0x08001566   0x08001566   0x00000046   Code   RO         2245    i.GPIO_PinAFConfig  stm32f4xx_gpio.o
    0x080015ac   0x080015ac   0x00000004   Code   RO         2251    i.GPIO_ResetBits    stm32f4xx_gpio.o
    0x080015b0   0x080015b0   0x00000004   Code   RO         2252    i.GPIO_SetBits      stm32f4xx_gpio.o
    0x080015b4   0x080015b4   0x00000004   Code   RO          281    i.HardFault_Handler  stm32f4xx_it.o
    0x080015b8   0x080015b8   0x000001e0   Code   RO            6    i.InitPIDControllers  main.o
    0x08001798   0x08001798   0x0000007c   Code   RO            7    i.LimitAcceleration  main.o
    0x08001814   0x08001814   0x00000064   Code   RO         5805    i.M2006_SetCurrent_ALL  m2006driver.o
    0x08001878   0x08001878   0x00000004   Code   RO          282    i.MemManage_Handler  stm32f4xx_it.o
    0x0800187c   0x0800187c   0x00000002   Code   RO          283    i.NMI_Handler       stm32f4xx_it.o
    0x0800187e   0x0800187e   0x00000002   PAD
    0x08001880   0x08001880   0x00000078   Code   RO          495    i.NVIC_Init         misc.o
    0x080018f8   0x080018f8   0x00000038   Code   RO         5721    i.OLED_Clear        oled.o
    0x08001930   0x08001930   0x00000118   Code   RO         5722    i.OLED_Init         oled.o
    0x08001a48   0x08001a48   0x00000060   Code   RO         5723    i.OLED_ShowChar     oled.o
    0x08001aa8   0x08001aa8   0x00000024   Code   RO         5725    i.OLED_ShowNumber   oled.o
    0x08001acc   0x08001acc   0x0000002c   Code   RO         5726    i.OLED_ShowString   oled.o
    0x08001af8   0x08001af8   0x0000003e   Code   RO         5727    i.OLED_ShowUTF8String  oled.o
    0x08001b36   0x08001b36   0x00000002   PAD
    0x08001b38   0x08001b38   0x0000001c   Code   RO         5728    i.OLED_WriteCommand  oled.o
    0x08001b54   0x08001b54   0x0000001c   Code   RO         5729    i.OLED_WriteData    oled.o
    0x08001b70   0x08001b70   0x000000b2   Code   RO         5393    i.PID_Compute       pid.o
    0x08001c22   0x08001c22   0x00000002   PAD
    0x08001c24   0x08001c24   0x00000040   Code   RO         5394    i.PID_Init          pid.o
    0x08001c64   0x08001c64   0x0000000a   Code   RO         5395    i.PID_SetOutputLimits  pid.o
    0x08001c6e   0x08001c6e   0x00000002   Code   RO          284    i.PendSV_Handler    stm32f4xx_it.o
    0x08001c70   0x08001c70   0x00000028   Code   RO            8    i.ProcessReceivedData  main.o
    0x08001c98   0x08001c98   0x00000020   Code   RO         3108    i.RCC_AHB1PeriphClockCmd  stm32f4xx_rcc.o
    0x08001cb8   0x08001cb8   0x00000020   Code   RO         3117    i.RCC_APB1PeriphClockCmd  stm32f4xx_rcc.o
    0x08001cd8   0x08001cd8   0x000000e8   Code   RO         3129    i.RCC_GetClocksFreq  stm32f4xx_rcc.o
    0x08001dc0   0x08001dc0   0x00000048   Code   RO         5730    i.SPI_SendByte      oled.o
    0x08001e08   0x08001e08   0x00000002   Code   RO          285    i.SVC_Handler       stm32f4xx_it.o
    0x08001e0a   0x08001e0a   0x00000002   PAD
    0x08001e0c   0x08001e0c   0x000000ec   Code   RO          451    i.SetSysClock       system_stm32f4xx.o
    0x08001ef8   0x08001ef8   0x00000028   Code   RO          499    i.SysTick_CLKSourceConfig  misc.o
    0x08001f20   0x08001f20   0x00000002   Code   RO          286    i.SysTick_Handler   stm32f4xx_it.o
    0x08001f22   0x08001f22   0x00000002   PAD
    0x08001f24   0x08001f24   0x00000068   Code   RO          453    i.SystemInit        system_stm32f4xx.o
    0x08001f8c   0x08001f8c   0x0000006c   Code   RO            9    i.TIM6_DAC_IRQHandler  main.o
    0x08001ff8   0x08001ff8   0x0000005c   Code   RO         5348    i.TIM6_Int_Init     timer.o
    0x08002054   0x08002054   0x00000414   Code   RO           10    i.TIM7_IRQHandler   main.o
    0x08002468   0x08002468   0x0000005c   Code   RO         5349    i.TIM7_Int_Init     timer.o
    0x080024c4   0x080024c4   0x00000006   Code   RO         4450    i.TIM_ClearITPendingBit  stm32f4xx_tim.o
    0x080024ca   0x080024ca   0x00000018   Code   RO         4455    i.TIM_Cmd           stm32f4xx_tim.o
    0x080024e2   0x080024e2   0x00000022   Code   RO         4476    i.TIM_GetITStatus   stm32f4xx_tim.o
    0x08002504   0x08002504   0x00000012   Code   RO         4480    i.TIM_ITConfig      stm32f4xx_tim.o
    0x08002516   0x08002516   0x00000002   PAD
    0x08002518   0x08002518   0x00000084   Code   RO         4527    i.TIM_TimeBaseInit  stm32f4xx_tim.o
    0x0800259c   0x0800259c   0x00000034   Code   RO           11    i.UART4_IRQHandler  main.o
    0x080025d0   0x080025d0   0x0000007c   Code   RO           12    i.UART5_IRQHandler  main.o
    0x0800264c   0x0800264c   0x00000054   Code   RO           14    i.USART2_IRQHandler  main.o
    0x080026a0   0x080026a0   0x000000ac   Code   RO         5458    i.USART4_Init       usart.o
    0x0800274c   0x0800274c   0x000000c8   Code   RO         5459    i.USART5_Init       usart.o
    0x08002814   0x08002814   0x0000001e   Code   RO         5002    i.USART_ClearITPendingBit  stm32f4xx_usart.o
    0x08002832   0x08002832   0x00000018   Code   RO         5005    i.USART_Cmd         stm32f4xx_usart.o
    0x0800284a   0x0800284a   0x00000054   Code   RO         5009    i.USART_GetITStatus  stm32f4xx_usart.o
    0x0800289e   0x0800289e   0x0000004a   Code   RO         5011    i.USART_ITConfig    stm32f4xx_usart.o
    0x080028e8   0x080028e8   0x000000d4   Code   RO         5012    i.USART_Init        stm32f4xx_usart.o
    0x080029bc   0x080029bc   0x0000000a   Code   RO         5019    i.USART_ReceiveData  stm32f4xx_usart.o
    0x080029c6   0x080029c6   0x00000002   PAD
    0x080029c8   0x080029c8   0x00000048   Code   RO           15    i.UpdateOLEDDisplay  main.o
    0x08002a10   0x08002a10   0x00000004   Code   RO          287    i.UsageFault_Handler  stm32f4xx_it.o
    0x08002a14   0x08002a14   0x00000014   Code   RO         6107    i.__hardfp_fabs     m_wm.l(fabs.o)
    0x08002a28   0x08002a28   0x00000038   Code   RO         5254    i.delay_init        delay.o
    0x08002a60   0x08002a60   0x00000038   Code   RO         5255    i.delay_ms          delay.o
    0x08002a98   0x08002a98   0x0000004c   Code   RO         5256    i.delay_us          delay.o
    0x08002ae4   0x08002ae4   0x000004e8   Code   RO           16    i.main              main.o
    0x08002fcc   0x08002fcc   0x00000084   Code   RO           17    i.pi_data_process   main.o
    0x08003050   0x08003050   0x000001ac   Code   RO           18    i.set_target_position  main.o
    0x080031fc   0x080031fc   0x0000002c   Code   RO         6182    locale$$code        c_w.l(lc_ctype_c.o)
    0x08003228   0x08003228   0x00000018   Code   RO         6129    x$fpl$dcmpinf       fz_wm.l(dcmpi.o)
    0x08003240   0x08003240   0x00000078   Code   RO         6101    x$fpl$dleqf         fz_wm.l(dleqf.o)
    0x080032b8   0x080032b8   0x0000009c   Code   RO         6131    x$fpl$dnaninf       fz_wm.l(dnaninf.o)
    0x08003354   0x08003354   0x0000000c   Code   RO         6133    x$fpl$dretinf       fz_wm.l(dretinf.o)
    0x08003360   0x08003360   0x0000006c   Code   RO         6103    x$fpl$drleqf        fz_wm.l(drleqf.o)
    0x080033cc   0x080033cc   0x00000056   Code   RO         6105    x$fpl$f2d           fz_wm.l(f2d.o)
    0x08003422   0x08003422   0x0000008c   Code   RO         6135    x$fpl$fnaninf       fz_wm.l(fnaninf.o)
    0x080034ae   0x080034ae   0x0000000a   Code   RO         6240    x$fpl$fpinit        fz_wm.l(fpinit.o)
    0x080034b8   0x080034b8   0x00000000   Code   RO         6137    x$fpl$usenofp       fz_wm.l(usenofp.o)
    0x080034b8   0x080034b8   0x00000818   Data   RO         5731    .constdata          oled.o
    0x08003cd0   0x08003cd0   0x00000020   Data   RO         6308    Region$$Table       anon$$obj.o
    0x08003cf0   0x08003cf0   0x00000110   Data   RO         6181    locale$$data        c_w.l(lc_ctype_c.o)


    Execution Region RW_IRAM1 (Exec base: 0x20000000, Load base: 0x08003e00, Size: 0x00000d18, Max: 0x00020000, ABSOLUTE)

    Exec Addr    Load Addr    Size         Type   Attr      Idx    E Section Name        Object

    0x20000000   0x08003e00   0x0000006e   Data   RW           20    .data               main.o
    0x2000006e   0x08003e6e   0x00000010   Data   RW         3161    .data               stm32f4xx_rcc.o
    0x2000007e   0x08003e7e   0x00000002   PAD
    0x20000080   0x08003e80   0x00000008   Data   RW         5257    .data               delay.o
    0x20000088        -       0x0000062a   Zero   RW           19    .bss                main.o
    0x200006b2   0x08003e88   0x00000002   PAD
    0x200006b4        -       0x00000060   Zero   RW         6172    .bss                c_w.l(libspace.o)
    0x20000714   0x08003e88   0x00000004   PAD
    0x20000718        -       0x00000200   Zero   RW          487    HEAP                startup_stm32f40_41xxx.o
    0x20000918        -       0x00000400   Zero   RW          486    STACK               startup_stm32f40_41xxx.o


==============================================================================

Image component sizes


      Code (inc. data)   RO Data    RW Data    ZI Data      Debug   Object Name

       188         20          0          8          0     239343   delay.o
       844         26          0          0          0       2509   m2006driver.o
      4040        454          0        110       1578     272055   main.o
       160         14          0          0          0     238910   misc.o
       702         30       2072          0          0       6688   oled.o
       252         14          0          0          0       2783   pid.o
        64         26        392          0       1536        832   startup_stm32f40_41xxx.o
      1566         16          0          0          0       6382   stm32f4xx_can.o
       222          0          0          0          0       2847   stm32f4xx_gpio.o
        26          0          0          0          0      51918   stm32f4xx_it.o
       296         30          0         16          0       4002   stm32f4xx_rcc.o
       214         28          0          0          0       3642   stm32f4xx_tim.o
       434          8          0          0          0       4888   stm32f4xx_usart.o
       340         32          0          0          0       1461   system_stm32f4xx.o
       184          8          0          0          0       1348   timer.o
       372         20          0          0          0       1408   usart.o

    ----------------------------------------------------------------------
      9922        726       2496        136       3116     841016   Object Totals
         0          0         32          0          0          0   (incl. Generated)
        18          0          0          2          2          0   (incl. Padding)

    ----------------------------------------------------------------------

      Code (inc. data)   RO Data    RW Data    ZI Data      Debug   Library Member Name

        60          8          0          0          0         84   __0sscanf.o
         8          0          0          0          0         68   __main.o
       104          0          0          0          0         84   __printf.o
         0          0          0          0          0          0   __rtentry.o
        12          0          0          0          0          0   __rtentry2.o
         6          0          0          0          0          0   __rtentry4.o
        52          8          0          0          0          0   __scatter.o
        26          0          0          0          0          0   __scatter_copy.o
        28          0          0          0          0          0   __scatter_zi.o
        28          0          0          0          0         68   _chval.o
        48          6          0          0          0         96   _printf_char_common.o
         6          0          0          0          0          0   _printf_d.o
       120         16          0          0          0         92   _printf_dec.o
       178          0          0          0          0         88   _printf_intcommon.o
         0          0          0          0          0          0   _printf_percent.o
         4          0          0          0          0          0   _printf_percent_end.o
       884          6          0          0          0        100   _scanf.o
       332          0          0          0          0         96   _scanf_int.o
        64          0          0          0          0         84   _sgetc.o
        10          0          0          0          0         68   _sputc.o
        18          0          0          0          0         80   exit.o
         6          0          0          0          0        152   heapauxi.o
         0          0          0          0          0          0   indicate_semi.o
        18          0          0          0          0         76   isspace.o
        44         10        272          0          0         76   lc_ctype_c.o
         2          0          0          0          0          0   libinit.o
        24          0          0          0          0          0   libinit2.o
         2          0          0          0          0          0   libshutdown.o
         2          0          0          0          0          0   libshutdown2.o
         8          4          0          0         96         68   libspace.o
        40          6          0          0          0         84   noretval__2sprintf.o
        16          4          0          0          0         76   rt_ctype_table.o
         8          4          0          0          0         68   rt_locale_intlibspace.o
         2          0          0          0          0          0   rtexit.o
        10          0          0          0          0          0   rtexit2.o
        44          8          0          0          0         84   scanf_char.o
       128          0          0          0          0         68   strcmpv7m.o
        62          0          0          0          0         76   strlen.o
        12          4          0          0          0         68   sys_exit.o
        74          0          0          0          0         80   sys_stackheap_outer.o
         2          0          0          0          0         68   use_no_semi.o
        24          0          0          0          0        116   dcmpi.o
       120          4          0          0          0        140   dleqf.o
       156          4          0          0          0        140   dnaninf.o
        12          0          0          0          0        116   dretinf.o
       108          0          0          0          0        128   drleqf.o
        86          4          0          0          0        132   f2d.o
       140          4          0          0          0        132   fnaninf.o
        10          0          0          0          0        116   fpinit.o
         0          0          0          0          0          0   usenofp.o
        20          0          0          0          0        124   fabs.o

    ----------------------------------------------------------------------
      3182        100        272          0        100       3196   Library Totals
        14          0          0          0          4          0   (incl. Padding)

    ----------------------------------------------------------------------

      Code (inc. data)   RO Data    RW Data    ZI Data      Debug   Library Name

      2492         84        272          0         96       2052   c_w.l
       656         16          0          0          0       1020   fz_wm.l
        20          0          0          0          0        124   m_wm.l

    ----------------------------------------------------------------------
      3182        100        272          0        100       3196   Library Totals

    ----------------------------------------------------------------------

==============================================================================


      Code (inc. data)   RO Data    RW Data    ZI Data      Debug   

     13104        826       2768        136       3216     835620   Grand Totals
     13104        826       2768        136       3216     835620   ELF Image Totals
     13104        826       2768        136          0          0   ROM Totals

==============================================================================

    Total RO  Size (Code + RO Data)                15872 (  15.50kB)
    Total RW  Size (RW Data + ZI Data)              3352 (   3.27kB)
    Total ROM Size (Code + RO Data + RW Data)      16008 (  15.63kB)

==============================================================================

