Component: ARM Compiler 5.06 update 5 (build 528) Tool: armlink [4d35e2]

==============================================================================

Section Cross References

    main.o(i.CAN1_RX0_IRQHandler) refers to m2006driver.o(i.CAN_RX_ISR) for CAN_RX_ISR
    main.o(i.ClearRxBuffer) refers to rt_memclr_w.o(.text) for __aeabi_memclr4
    main.o(i.ClearRxBuffer) refers to main.o(.bss) for rx_buffer
    main.o(i.ClearRxBuffer) refers to main.o(.data) for rx_index
    main.o(i.CopeSerial4Data) refers to main.o(.data) for ucRxCnt
    main.o(i.CopeSerial4Data) refers to main.o(.bss) for ucRxBuffer
    main.o(i.InitPIDControllers) refers to pid.o(i.PID_Init) for PID_Init
    main.o(i.InitPIDControllers) refers to pid.o(i.PID_SetOutputLimits) for PID_SetOutputLimits
    main.o(i.InitPIDControllers) refers to main.o(.data) for mini_pos_corr
    main.o(i.InitPIDControllers) refers to main.o(.bss) for angle_pid_controllers
    main.o(i.LimitAcceleration) refers to f2d.o(x$fpl$f2d) for __aeabi_f2d
    main.o(i.LimitAcceleration) refers to fabs.o(i.__hardfp_fabs) for __hardfp_fabs
    main.o(i.LimitAcceleration) refers to drleqf.o(x$fpl$drleqf) for __aeabi_cdrcmple
    main.o(i.ProcessReceivedData) refers to oled.o(i.OLED_Clear) for OLED_Clear
    main.o(i.ProcessReceivedData) refers to oled.o(i.OLED_ShowUTF8String) for OLED_ShowUTF8String
    main.o(i.ProcessReceivedData) refers to main.o(.data) for rx_complete
    main.o(i.ProcessReceivedData) refers to main.o(.bss) for rx_buffer
    main.o(i.TIM6_DAC_IRQHandler) refers to stm32f4xx_tim.o(i.TIM_GetITStatus) for TIM_GetITStatus
    main.o(i.TIM6_DAC_IRQHandler) refers to stm32f4xx_tim.o(i.TIM_ClearITPendingBit) for TIM_ClearITPendingBit
    main.o(i.TIM6_DAC_IRQHandler) refers to main.o(i.ProcessReceivedData) for ProcessReceivedData
    main.o(i.TIM6_DAC_IRQHandler) refers to main.o(i.pi_data_process) for pi_data_process
    main.o(i.TIM6_DAC_IRQHandler) refers to main.o(.data) for system_ticks
    main.o(i.TIM6_DAC_IRQHandler) refers to main.o(.bss) for rx_buffer
    main.o(i.TIM7_IRQHandler) refers to stm32f4xx_tim.o(i.TIM_GetITStatus) for TIM_GetITStatus
    main.o(i.TIM7_IRQHandler) refers to stm32f4xx_tim.o(i.TIM_ClearITPendingBit) for TIM_ClearITPendingBit
    main.o(i.TIM7_IRQHandler) refers to pid.o(i.PID_Compute) for PID_Compute
    main.o(i.TIM7_IRQHandler) refers to f2d.o(x$fpl$f2d) for __aeabi_f2d
    main.o(i.TIM7_IRQHandler) refers to fabs.o(i.__hardfp_fabs) for __hardfp_fabs
    main.o(i.TIM7_IRQHandler) refers to dleqf.o(x$fpl$dleqf) for __aeabi_cdcmple
    main.o(i.TIM7_IRQHandler) refers to m2006driver.o(i.M2006_SetCurrent_ALL) for M2006_SetCurrent_ALL
    main.o(i.TIM7_IRQHandler) refers to main.o(.data) for x_move
    main.o(i.TIM7_IRQHandler) refers to main.o(.bss) for position_pid_controllers
    main.o(i.UART4_IRQHandler) refers to stm32f4xx_usart.o(i.USART_GetITStatus) for USART_GetITStatus
    main.o(i.UART4_IRQHandler) refers to main.o(i.CopeSerial4Data) for CopeSerial4Data
    main.o(i.UART4_IRQHandler) refers to stm32f4xx_usart.o(i.USART_ClearITPendingBit) for USART_ClearITPendingBit
    main.o(i.UART5_IRQHandler) refers to stm32f4xx_usart.o(i.USART_GetITStatus) for USART_GetITStatus
    main.o(i.UART5_IRQHandler) refers to stm32f4xx_usart.o(i.USART_ReceiveData) for USART_ReceiveData
    main.o(i.UART5_IRQHandler) refers to stm32f4xx_usart.o(i.USART_ClearITPendingBit) for USART_ClearITPendingBit
    main.o(i.UART5_IRQHandler) refers to main.o(.data) for rx_index
    main.o(i.UART5_IRQHandler) refers to main.o(.bss) for rx_buffer
    main.o(i.UART5_Transmit) refers to stm32f4xx_usart.o(i.USART_GetFlagStatus) for USART_GetFlagStatus
    main.o(i.UART5_Transmit) refers to stm32f4xx_usart.o(i.USART_SendData) for USART_SendData
    main.o(i.USART2_IRQHandler) refers to stm32f4xx_usart.o(i.USART_GetITStatus) for USART_GetITStatus
    main.o(i.USART2_IRQHandler) refers to stm32f4xx_usart.o(i.USART_ReceiveData) for USART_ReceiveData
    main.o(i.USART2_IRQHandler) refers to main.o(.data) for uartReceiveIndex
    main.o(i.USART2_IRQHandler) refers to main.o(.bss) for uartReceiveBuffer
    main.o(i.UpdateOLEDDisplay) refers to oled.o(i.OLED_Clear) for OLED_Clear
    main.o(i.UpdateOLEDDisplay) refers to oled.o(i.OLED_ShowNumber) for OLED_ShowNumber
    main.o(i.UpdateOLEDDisplay) refers to main.o(.data) for x_move
    main.o(i.main) refers to system_stm32f4xx.o(i.SystemInit) for SystemInit
    main.o(i.main) refers to oled.o(i.OLED_Init) for OLED_Init
    main.o(i.main) refers to oled.o(i.OLED_Clear) for OLED_Clear
    main.o(i.main) refers to delay.o(i.delay_init) for delay_init
    main.o(i.main) refers to timer.o(i.TIM6_Int_Init) for TIM6_Int_Init
    main.o(i.main) refers to timer.o(i.TIM7_Int_Init) for TIM7_Int_Init
    main.o(i.main) refers to main.o(i.InitPIDControllers) for InitPIDControllers
    main.o(i.main) refers to m2006driver.o(i.CAN_Config) for CAN_Config
[...]
    .text                                    0x08000514   Section        0  strlen.o(.text)
    .text                                    0x08000552   Section       78  rt_memclr_w.o(.text)
    .text                                    0x080005a0   Section        0  heapauxi.o(.text)
    .text                                    0x080005a6   Section        0  _printf_intcommon.o(.text)
    .text                                    0x08000658   Section        0  _printf_char_common.o(.text)
    _printf_input_char                       0x08000659   Thumb Code    10  _printf_char_common.o(.text)
    .text                                    0x08000688   Section        0  _sputc.o(.text)
    .text                                    0x08000692   Section        0  _chval.o(.text)
    .text                                    0x080006b0   Section        0  scanf_char.o(.text)
    _scanf_char_input                        0x080006b1   Thumb Code    12  scanf_char.o(.text)
    .text                                    0x080006dc   Section        0  _sgetc.o(.text)
    .text                                    0x0800071c   Section        0  isspace.o(.text)
    .text                                    0x08000730   Section        0  _scanf.o(.text)
    .text                                    0x08000aa4   Section       74  sys_stackheap_outer.o(.text)
    .text                                    0x08000af0   Section       16  rt_ctype_table.o(.text)
    .text                                    0x08000b00   Section        0  exit.o(.text)
    .text                                    0x08000b14   Section        8  libspace.o(.text)
    .text                                    0x08000b1c   Section        8  rt_locale_intlibspace.o(.text)
    .text                                    0x08000b24   Section      128  strcmpv7m.o(.text)
    .text                                    0x08000ba4   Section        0  sys_exit.o(.text)
    .text                                    0x08000bb0   Section        2  use_no_semi.o(.text)
    .text                                    0x08000bb2   Section        0  indicate_semi.o(.text)
    i.BusFault_Handler                       0x08000bb2   Section        0  stm32f4xx_it.o(i.BusFault_Handler)
    i.CAN1_RX0_IRQHandler                    0x08000bb6   Section        0  main.o(i.CAN1_RX0_IRQHandler)
    i.CAN_ClearITPendingBit                  0x08000bc0   Section        0  stm32f4xx_can.o(i.CAN_ClearITPendingBit)
    i.CAN_Config                             0x08000c68   Section        0  m2006driver.o(i.CAN_Config)
    i.CAN_FilterInit                         0x08000d54   Section        0  stm32f4xx_can.o(i.CAN_FilterInit)
    i.CAN_GetITStatus                        0x08000e5c   Section        0  stm32f4xx_can.o(i.CAN_GetITStatus)
    i.CAN_ITConfig                           0x08000f7c   Section        0  stm32f4xx_can.o(i.CAN_ITConfig)
    i.CAN_Init                               0x08000f8e   Section        0  stm32f4xx_can.o(i.CAN_Init)
    i.CAN_RX_ISR                             0x080010a4   Section        0  m2006driver.o(i.CAN_RX_ISR)
    i.CAN_Receive                            0x080012a0   Section        0  stm32f4xx_can.o(i.CAN_Receive)
    i.CAN_Transmit                           0x08001390   Section        0  stm32f4xx_can.o(i.CAN_Transmit)
    i.CheckITStatus                          0x080014b6   Section        0  stm32f4xx_can.o(i.CheckITStatus)
    CheckITStatus                            0x080014b7   Thumb Code    18  stm32f4xx_can.o(i.CheckITStatus)
    i.ClearRxBuffer                          0x080014c8   Section        0  main.o(i.ClearRxBuffer)
    i.CopeSerial4Data                        0x080014ec   Section        0  main.o(i.CopeSerial4Data)
    i.DebugMon_Handler                       0x08001544   Section        0  stm32f4xx_it.o(i.DebugMon_Handler)
    i.FineTunePID_Init                       0x08001548   Section        0  finetune.o(i.FineTunePID_Init)
    FineTunePID_Init                         0x08001549   Thumb Code    38  finetune.o(i.FineTunePID_Init)
    i.GPIO_Init                              0x08001574   Section        0  stm32f4xx_gpio.o(i.GPIO_Init)
    i.GPIO_PinAFConfig                       0x08001604   Section        0  stm32f4xx_gpio.o(i.GPIO_PinAFConfig)
    i.GPIO_ResetBits                         0x0800164a   Section        0  stm32f4xx_gpio.o(i.GPIO_ResetBits)
    i.GPIO_SetBits                           0x0800164e   Section        0  stm32f4xx_gpio.o(i.GPIO_SetBits)
    i.GPIO_StructInit                        0x08001652   Section        0  stm32f4xx_gpio.o(i.GPIO_StructInit)
    i.HardFault_Handler                      0x08001664   Section        0  stm32f4xx_it.o(i.HardFault_Handler)
    i.InitPIDControllers                     0x08001668   Section        0  main.o(i.InitPIDControllers)
    i.InitializeMotorFineTuneControllers     0x08001cbc   Section        0  finetune.o(i.InitializeMotorFineTuneControllers)
    i.LimitAcceleration                      0x08001d78   Section        0  main.o(i.LimitAcceleration)
    i.M2006_SetCurrent_ALL                   0x08001df4   Section        0  m2006driver.o(i.M2006_SetCurrent_ALL)
    i.MemManage_Handler                      0x08001e58   Section        0  stm32f4xx_it.o(i.MemManage_Handler)
    i.NMI_Handler                            0x08001e5c   Section        0  stm32f4xx_it.o(i.NMI_Handler)
    i.NVIC_Init                              0x08001e60   Section        0  misc.o(i.NVIC_Init)
    i.NVIC_PriorityGroupConfig               0x08001ed8   Section        0  misc.o(i.NVIC_PriorityGroupConfig)
    i.OLED_Clear                             0x08001eec   Section        0  oled.o(i.OLED_Clear)
    i.OLED_Init                              0x08001f24   Section        0  oled.o(i.OLED_Init)
    i.OLED_ShowChar                          0x0800203c   Section        0  oled.o(i.OLED_ShowChar)
    i.OLED_ShowNumber                        0x0800209c   Section        0  oled.o(i.OLED_ShowNumber)
    i.OLED_ShowString                        0x080020c0   Section        0  oled.o(i.OLED_ShowString)
    i.OLED_ShowUTF8String                    0x080020ec   Section        0  oled.o(i.OLED_ShowUTF8String)
    i.OLED_WriteCommand                      0x0800212c   Section        0  oled.o(i.OLED_WriteCommand)
    i.OLED_WriteData                         0x08002148   Section        0  oled.o(i.OLED_WriteData)
    i.PID_Compute                            0x08002164   Section        0  pid.o(i.PID_Compute)
    i.PID_Init                               0x08002218   Section        0  pid.o(i.PID_Init)
    i.PID_SetOutputLimits                    0x08002258   Section        0  pid.o(i.PID_SetOutputLimits)
    i.PendSV_Handler                         0x08002262   Section        0  stm32f4xx_it.o(i.PendSV_Handler)
    i.ProcessReceivedData                    0x08002264   Section        0  main.o(i.ProcessReceivedData)
    i.RCC_AHB1PeriphClockCmd                 0x0800228c   Section        0  stm32f4xx_rcc.o(i.RCC_AHB1PeriphClockCmd)
    i.RCC_APB1PeriphClockCmd                 0x080022ac   Section        0  stm32f4xx_rcc.o(i.RCC_APB1PeriphClockCmd)
    i.RCC_APB1PeriphResetCmd                 0x080022cc   Section        0  stm32f4xx_rcc.o(i.RCC_APB1PeriphResetCmd)
    i.RCC_APB2PeriphResetCmd                 0x080022ec   Section        0  stm32f4xx_rcc.o(i.RCC_APB2PeriphResetCmd)
    i.RCC_GetClocksFreq                      0x0800230c   Section        0  stm32f4xx_rcc.o(i.RCC_GetClocksFreq)
    i.SPI_SendByte                           0x080023f4   Section        0  oled.o(i.SPI_SendByte)
    i.SVC_Handler                            0x0800243c   Section        0  stm32f4xx_it.o(i.SVC_Handler)
    i.SetSysClock                            0x08002440   Section        0  system_stm32f4xx.o(i.SetSysClock)
    SetSysClock                              0x08002441   Thumb Code   220  system_stm32f4xx.o(i.SetSysClock)
    i.SysTick_CLKSourceConfig                0x0800252c   Section        0  misc.o(i.SysTick_CLKSourceConfig)
    i.SysTick_Handler                        0x08002554   Section        0  stm32f4xx_it.o(i.SysTick_Handler)
    i.SystemInit                             0x08002558   Section        0  system_stm32f4xx.o(i.SystemInit)
    i.TIM6_DAC_IRQHandler                    0x080025c0   Section        0  main.o(i.TIM6_DAC_IRQHandler)
    i.TIM6_Int_Init                          0x08002684   Section        0  timer.o(i.TIM6_Int_Init)
    i.TIM7_IRQHandler                        0x080026e0   Section        0  main.o(i.TIM7_IRQHandler)
    i.TIM7_Int_Init                          0x08002b6c   Section        0  timer.o(i.TIM7_Int_Init)
    i.TIM_ClearITPendingBit                  0x08002bc8   Section        0  stm32f4xx_tim.o(i.TIM_ClearITPendingBit)
    i.TIM_Cmd                                0x08002bce   Section        0  stm32f4xx_tim.o(i.TIM_Cmd)
    i.TIM_GetITStatus                        0x08002be6   Section        0  stm32f4xx_tim.o(i.TIM_GetITStatus)
    i.TIM_ITConfig                           0x08002c08   Section        0  stm32f4xx_tim.o(i.TIM_ITConfig)
    i.TIM_TimeBaseInit                       0x08002c1c   Section        0  stm32f4xx_tim.o(i.TIM_TimeBaseInit)
    i.UART4_IRQHandler                       0x08002ca0   Section        0  main.o(i.UART4_IRQHandler)
    i.UART5_IRQHandler                       0x08002cd4   Section        0  main.o(i.UART5_IRQHandler)
    i.UART5_Transmit                         0x08002d50   Section        0  main.o(i.UART5_Transmit)
    i.USART2_Conf                            0x08002d8c   Section        0  usart.o(i.USART2_Conf)
    i.USART2_IO_Conf                         0x08002df0   Section        0  usart.o(i.USART2_IO_Conf)
    i.USART2_IRQHandler                      0x08002e68   Section        0  main.o(i.USART2_IRQHandler)
    i.USART2_NVICConf                        0x08002ebc   Section        0  usart.o(i.USART2_NVICConf)
    i.USART4_Init                            0x08002edc   Section        0  usart.o(i.USART4_Init)
    i.USART5_Init                            0x08002f88   Section        0  usart.o(i.USART5_Init)
    i.USART_ClearFlag                        0x08003050   Section        0  stm32f4xx_usart.o(i.USART_ClearFlag)
    i.USART_ClearITPendingBit                0x08003062   Section        0  stm32f4xx_usart.o(i.USART_ClearITPendingBit)
    i.USART_Cmd                              0x08003080   Section        0  stm32f4xx_usart.o(i.USART_Cmd)
    i.USART_DeInit                           0x08003098   Section        0  stm32f4xx_usart.o(i.USART_DeInit)
    i.USART_GetFlagStatus                    0x08003188   Section        0  stm32f4xx_usart.o(i.USART_GetFlagStatus)
    i.USART_GetITStatus                      0x080031a2   Section        0  stm32f4xx_usart.o(i.USART_GetITStatus)
    i.USART_ITConfig                         0x080031f6   Section        0  stm32f4xx_usart.o(i.USART_ITConfig)
    i.USART_Init                             0x08003240   Section        0  stm32f4xx_usart.o(i.USART_Init)
    i.USART_ReceiveData                      0x08003314   Section        0  stm32f4xx_usart.o(i.USART_ReceiveData)
    i.USART_SendData                         0x0800331e   Section        0  stm32f4xx_usart.o(i.USART_SendData)
    i.USART_StructInit                       0x08003326   Section        0  stm32f4xx_usart.o(i.USART_StructInit)
    i.UpdateOLEDDisplay                      0x08003340   Section        0  main.o(i.UpdateOLEDDisplay)
    i.UsageFault_Handler                     0x08003384   Section        0  stm32f4xx_it.o(i.UsageFault_Handler)
    i.Usart_SendString                       0x08003388   Section        0  usart.o(i.Usart_SendString)
    i.__hardfp_fabs                          0x080033b6   Section        0  fabs.o(i.__hardfp_fabs)
    i.delay_init                             0x080033cc   Section        0  delay.o(i.delay_init)
    i.delay_ms                               0x08003404   Section        0  delay.o(i.delay_ms)
    i.delay_us                               0x0800343c   Section        0  delay.o(i.delay_us)
    i.initial_pos                            0x08003488   Section        0  pack_one.o(i.initial_pos)
    i.main                                   0x08003508   Section        0  main.o(i.main)
    i.move_robot_arm_speed                   0x08003ed0   Section        0  pack_one.o(i.move_robot_arm_speed)
    i.pi_data_process                        0x08003f48   Section        0  main.o(i.pi_data_process)
    i.pick_car_out_blue                      0x0800400c   Section        0  action.o(i.pick_car_out_blue)
    i.pick_car_out_blue_cemian               0x0800402c   Section        0  action.o(i.pick_car_out_blue_cemian)
    i.pick_car_out_green                     0x0800404c   Section        0  action.o(i.pick_car_out_green)
    i.pick_car_out_green_cemian              0x0800406c   Section        0  action.o(i.pick_car_out_green_cemian)
    i.pick_car_out_red                       0x0800408c   Section        0  action.o(i.pick_car_out_red)
    i.pick_car_out_red_cemian                0x080040ac   Section        0  action.o(i.pick_car_out_red_cemian)
    i.pick_car_you                           0x080040cc   Section        0  pack_one.o(i.pick_car_you)
    i.pick_car_you_cemian                    0x0800414e   Section        0  pack_one.o(i.pick_car_you_cemian)
    i.pick_car_zhong                         0x080041d0   Section        0  pack_one.o(i.pick_car_zhong)
    i.pick_car_zhong_cemian                  0x0800425c   Section        0  pack_one.o(i.pick_car_zhong_cemian)
    i.pick_car_zuo                           0x080042e8   Section        0  pack_one.o(i.pick_car_zuo)
    i.pick_car_zuo_cemian                    0x0800436a   Section        0  pack_one.o(i.pick_car_zuo_cemian)
    i.pick_yuantai                           0x080043ec   Section        0  pack_one.o(i.pick_yuantai)
    i.pick_yuantai_blue                      0x0800445e   Section        0  action.o(i.pick_yuantai_blue)
    i.pick_yuantai_green                     0x0800447a   Section        0  action.o(i.pick_yuantai_green)
    i.pick_yuantai_red                       0x08004496   Section        0  action.o(i.pick_yuantai_red)
    i.pick_zhong_move_zuo                    0x080044b2   Section        0  pack_one.o(i.pick_zhong_move_zuo)
    i.put_youbian                            0x080044d8   Section        0  pack_one.o(i.put_youbian)
    i.put_youbian_car_out                    0x08004556   Section        0  pack_one.o(i.put_youbian_car_out)
    i.put_youbian_car_out_cemian             0x0800466c   Section        0  pack_one.o(i.put_youbian_car_out_cemian)
    i.put_zhongjian                          0x08004782   Section        0  pack_one.o(i.put_zhongjian)
    i.put_zhongjian_car_out                  0x080047ea   Section        0  pack_one.o(i.put_zhongjian_car_out)
    i.put_zhongjian_car_out_cemian           0x080048ba   Section        0  pack_one.o(i.put_zhongjian_car_out_cemian)
    i.put_zuobian                            0x0800498a   Section        0  pack_one.o(i.put_zuobian)
    i.put_zuobian_car_out                    0x080049f2   Section        0  pack_one.o(i.put_zuobian_car_out)
    i.put_zuobian_car_out_cemian             0x08004af4   Section        0  pack_one.o(i.put_zuobian_car_out_cemian)
    i.set_target_position                    0x08004bf8   Section        0  main.o(i.set_target_position)
    i.watch_Initial_Position1                0x08004da4   Section        0  pack_one.o(i.watch_Initial_Position1)
    i.watch_Initial_Position2                0x08004e1c   Section        0  pack_one.o(i.watch_Initial_Position2)
    i.watch_Initial_Position3                0x08004e9a   Section        0  pack_one.o(i.watch_Initial_Position3)
    locale$$code                             0x08004f18   Section       44  lc_ctype_c.o(locale$$code)
    x$fpl$dcmpinf                            0x08004f44   Section       24  dcmpi.o(x$fpl$dcmpinf)
    $v0                                      0x08004f44   Number         0  dcmpi.o(x$fpl$dcmpinf)
    x$fpl$dleqf                              0x08004f5c   Section      120  dleqf.o(x$fpl$dleqf)
    $v0                                      0x08004f5c   Number         0  dleqf.o(x$fpl$dleqf)
    x$fpl$dnaninf                            0x08004fd4   Section      156  dnaninf.o(x$fpl$dnaninf)
    $v0                                      0x08004fd4   Number         0  dnaninf.o(x$fpl$dnaninf)
    x$fpl$dretinf                            0x08005070   Section       12  dretinf.o(x$fpl$dretinf)
    $v0                                      0x08005070   Number         0  dretinf.o(x$fpl$dretinf)
    x$fpl$drleqf                             0x0800507c   Section      108  drleqf.o(x$fpl$drleqf)
    $v0                                      0x0800507c   Number         0  drleqf.o(x$fpl$drleqf)
    x$fpl$f2d                                0x080050e8   Section       86  f2d.o(x$fpl$f2d)
    $v0                                      0x080050e8   Number         0  f2d.o(x$fpl$f2d)
    x$fpl$fnaninf                            0x0800513e   Section      140  fnaninf.o(x$fpl$fnaninf)
    $v0                                      0x0800513e   Number         0  fnaninf.o(x$fpl$fnaninf)
    x$fpl$fpinit                             0x080051ca   Section       10  fpinit.o(x$fpl$fpinit)
    $v0                                      0x080051ca   Number         0  fpinit.o(x$fpl$fpinit)
    .constdata                               0x080051d4   Section     2072  oled.o(.constdata)
    x$fpl$usenofp                            0x080051d4   Section        0  usenofp.o(x$fpl$usenofp)
    locale$$data                             0x08005a0c   Section      272  lc_ctype_c.o(locale$$data)
    __lcctype_c_name                         0x08005a10   Data           2  lc_ctype_c.o(locale$$data)
    __lcctype_c_start                        0x08005a18   Data           0  lc_ctype_c.o(locale$$data)
    __lcctype_c_end                          0x08005b1c   Data           0  lc_ctype_c.o(locale$$data)
    .data                                    0x20000000   Section      154  main.o(.data)
    s_cDataUpdate                            0x20000008   Data           1  main.o(.data)
    s_cCmd                                   0x20000009   Data           1  main.o(.data)
    ucRxCnt                                  0x20000099   Data           1  main.o(.data)
    .data                                    0x2000009a   Section       16  stm32f4xx_rcc.o(.data)
    APBAHBPrescTable                         0x2000009a   Data          16  stm32f4xx_rcc.o(.data)
    .data                                    0x200000ac   Section        8  delay.o(.data)
    fac_us                                   0x200000ac   Data           4  delay.o(.data)
    fac_ms                                   0x200000b0   Data           4  delay.o(.data)
    .data                                    0x200000b4   Section       13  pack_one.o(.data)
    .bss                                     0x200000c4   Section     1578  main.o(.bss)
    ucRxBuffer                               0x200005f4   Data         250  main.o(.bss)
    .bss                                     0x200006f0   Section      336  finetune.o(.bss)
    .bss                                     0x20000840   Section       96  libspace.o(.bss)
    HEAP                                     0x200008a0   Section      512  startup_stm32f40_41xxx.o(HEAP)
    Heap_Mem                                 0x200008a0   Data         512  startup_stm32f40_41xxx.o(HEAP)
    STACK                                    0x20000aa0   Section     1024  startup_stm32f40_41xxx.o(STACK)
    Stack_Mem                                0x20000aa0   Data        1024  startup_stm32f40_41xxx.o(STACK)
    __initial_sp                             0x20000ea0   Data           0  startup_stm32f40_41xxx.o(STACK)

    Global Symbols

    Symbol Name                              Value     Ov Type        Size  Object(Section)

    BuildAttributes$$THM_ISAv4$E$P$D$K$B$S$7EM$VFPi3$EXTD16$VFPS$VFMA$PE$A:L22UL41UL21$X:L11$S22US41US21$IEEE1$IW$USESV6$~STKCKD$USESV7$~SHL$OTIME$ROPI$IEEEJ$EBA8$UX$STANDARDLIB$REQ8$PRES8$EABIv2 0x00000000   Number         0  anon$$obj.o ABSOLUTE
    __ARM_use_no_argv                        0x00000000   Number         0  main.o ABSOLUTE
    __ARM_exceptions_init                     - Undefined Weak Reference
    __alloca_initialize                       - Undefined Weak Reference
    __arm_preinit_                            - Undefined Weak Reference
    __cpp_initialize__aeabi_                  - Undefined Weak Reference
    __cxa_finalize                            - Undefined Weak Reference
    __sigvec_lookup                           - Undefined Weak Reference
    _atexit_init                              - Undefined Weak Reference
    _call_atexit_fns                          - Undefined Weak Reference
    _clock_init                               - Undefined Weak Reference
    _fp_trap_init                             - Undefined Weak Reference
    _fp_trap_shutdown                         - Undefined Weak Reference
    _get_lc_collate                           - Undefined Weak Reference
    _get_lc_monetary                          - Undefined Weak Reference
    _get_lc_numeric                           - Undefined Weak Reference
    _get_lc_time                              - Undefined Weak Reference
    _getenv_init                              - Undefined Weak Reference
    _handle_redirection                       - Undefined Weak Reference
    _init_alloc                               - Undefined Weak Reference
    _init_user_alloc                          - Undefined Weak Reference
    _initio                                   - Undefined Weak Reference
    _printf_post_padding                      - Undefined Weak Reference
    _printf_pre_padding                       - Undefined Weak Reference
    _printf_truncate_signed                   - Undefined Weak Reference
    _printf_truncate_unsigned                 - Undefined Weak Reference
    _rand_init                                - Undefined Weak Reference
    _scanf_longlong                           - Undefined Weak Reference
    _scanf_mbtowc                             - Undefined Weak Reference
    _scanf_real                               - Undefined Weak Reference
    _scanf_string                             - Undefined Weak Reference
    _scanf_wctomb                             - Undefined Weak Reference
    _scanf_wstring                            - Undefined Weak Reference
    _signal_finish                            - Undefined Weak Reference
    _signal_init                              - Undefined Weak Reference
    _terminate_alloc                          - Undefined Weak Reference
    _terminate_user_alloc                     - Undefined Weak Reference
    _terminateio                              - Undefined Weak Reference
    __Vectors_Size                           0x00000188   Number         0  startup_stm32f40_41xxx.o ABSOLUTE
    __Vectors                                0x08000000   Data           4  startup_stm32f40_41xxx.o(RESET)
    __Vectors_End                            0x08000188   Data           0  startup_stm32f40_41xxx.o(RESET)
    __main                                   0x08000189   Thumb Code     8  __main.o(!!!main)
    __scatterload                            0x08000191   Thumb Code     0  __scatter.o(!!!scatter)
    __scatterload_rt2                        0x08000191   Thumb Code    44  __scatter.o(!!!scatter)
    __scatterload_rt2_thumb_only             0x08000191   Thumb Code     0  __scatter.o(!!!scatter)
    __scatterload_null                       0x0800019f   Thumb Code     0  __scatter.o(!!!scatter)
    __scatterload_copy                       0x080001c5   Thumb Code    26  __scatter_copy.o(!!handler_copy)
    __scatterload_zeroinit                   0x080001e1   Thumb Code    28  __scatter_zi.o(!!handler_zi)
    _printf_d                                0x080001fd   Thumb Code     0  _printf_d.o(.ARM.Collect$$_printf_percent$$00000009)
    _printf_percent                          0x080001fd   Thumb Code     0  _printf_percent.o(.ARM.Collect$$_printf_percent$$00000000)
    _printf_percent_end                      0x08000203   Thumb Code     0  _printf_percent_end.o(.ARM.Collect$$_printf_percent$$00000017)
    __rt_lib_init                            0x08000207   Thumb Code     0  libinit.o(.ARM.Collect$$libinit$$00000000)
    __rt_lib_init_fp_1                       0x08000209   Thumb Code     0  libinit2.o(.ARM.Collect$$libinit$$00000001)
    __rt_lib_init_heap_1                     0x0800020d   Thumb Code     0  libinit2.o(.ARM.Collect$$libinit$$0000000A)
    __rt_lib_init_lc_common                  0x0800020d   Thumb Code     0  libinit2.o(.ARM.Collect$$libinit$$0000000F)
    __rt_lib_init_preinit_1                  0x0800020d   Thumb Code     0  libinit2.o(.ARM.Collect$$libinit$$00000004)
    __rt_lib_init_rand_1                     0x0800020d   Thumb Code     0  libinit2.o(.ARM.Collect$$libinit$$0000000E)
    __rt_lib_init_user_alloc_1               0x0800020d   Thumb Code     0  libinit2.o(.ARM.Collect$$libinit$$0000000C)
    __rt_lib_init_lc_collate_1               0x08000213   Thumb Code     0  libinit2.o(.ARM.Collect$$libinit$$00000011)
    __rt_lib_init_lc_ctype_2                 0x08000213   Thumb Code     0  libinit2.o(.ARM.Collect$$libinit$$00000012)
    __rt_lib_init_alloca_1                   0x0800021f   Thumb Code     0  libinit2.o(.ARM.Collect$$libinit$$0000002E)
    __rt_lib_init_argv_1                     0x0800021f   Thumb Code     0  libinit2.o(.ARM.Collect$$libinit$$0000002C)
    __rt_lib_init_atexit_1                   0x0800021f   Thumb Code     0  libinit2.o(.ARM.Collect$$libinit$$0000001B)
    __rt_lib_init_clock_1                    0x0800021f   Thumb Code     0  libinit2.o(.ARM.Collect$$libinit$$00000021)
    __rt_lib_init_cpp_1                      0x0800021f   Thumb Code     0  libinit2.o(.ARM.Collect$$libinit$$00000032)
    __rt_lib_init_exceptions_1               0x0800021f   Thumb Code     0  libinit2.o(.ARM.Collect$$libinit$$00000030)
    __rt_lib_init_fp_trap_1                  0x0800021f   Thumb Code     0  libinit2.o(.ARM.Collect$$libinit$$0000001F)
    __rt_lib_init_getenv_1                   0x0800021f   Thumb Code     0  libinit2.o(.ARM.Collect$$libinit$$00000023)
    __rt_lib_init_lc_ctype_1                 0x0800021f   Thumb Code     0  libinit2.o(.ARM.Collect$$libinit$$00000013)
    __rt_lib_init_lc_monetary_1              0x0800021f   Thumb Code     0  libinit2.o(.ARM.Collect$$libinit$$00000015)
    __rt_lib_init_lc_numeric_1               0x0800021f   Thumb Code     0  libinit2.o(.ARM.Collect$$libinit$$00000017)
    __rt_lib_init_lc_time_1                  0x0800021f   Thumb Code     0  libinit2.o(.ARM.Collect$$libinit$$00000019)
    __rt_lib_init_return                     0x0800021f   Thumb Code     0  libinit2.o(.ARM.Collect$$libinit$$00000033)
    __rt_lib_init_signal_1                   0x0800021f   Thumb Code     0  libinit2.o(.ARM.Collect$$libinit$$0000001D)
    __rt_lib_init_stdio_1                    0x0800021f   Thumb Code     0  libinit2.o(.ARM.Collect$$libinit$$00000025)
    __rt_lib_shutdown                        0x08000221   Thumb Code     0  libshutdown.o(.ARM.Collect$$libshutdown$$00000000)
    __rt_lib_shutdown_cpp_1                  0x08000223   Thumb Code     0  libshutdown2.o(.ARM.Collect$$libshutdown$$00000002)
    __rt_lib_shutdown_fp_trap_1              0x08000223   Thumb Code     0  libshutdown2.o(.ARM.Collect$$libshutdown$$00000007)
    __rt_lib_shutdown_heap_1                 0x08000223   Thumb Code     0  libshutdown2.o(.ARM.Collect$$libshutdown$$0000000F)
    __rt_lib_shutdown_return                 0x08000223   Thumb Code     0  libshutdown2.o(.ARM.Collect$$libshutdown$$00000010)
    __rt_lib_shutdown_signal_1               0x08000223   Thumb Code     0  libshutdown2.o(.ARM.Collect$$libshutdown$$0000000A)
    __rt_lib_shutdown_stdio_1                0x08000223   Thumb Code     0  libshutdown2.o(.ARM.Collect$$libshutdown$$00000004)
    __rt_lib_shutdown_user_alloc_1           0x08000223   Thumb Code     0  libshutdown2.o(.ARM.Collect$$libshutdown$$0000000C)
    __rt_entry                               0x08000225   Thumb Code     0  __rtentry.o(.ARM.Collect$$rtentry$$00000000)
    __rt_entry_presh_1                       0x08000225   Thumb Code     0  __rtentry2.o(.ARM.Collect$$rtentry$$00000002)
    __rt_entry_sh                            0x08000225   Thumb Code     0  __rtentry4.o(.ARM.Collect$$rtentry$$00000004)
    __rt_entry_li                            0x0800022b   Thumb Code     0  __rtentry2.o(.ARM.Collect$$rtentry$$0000000A)
    __rt_entry_postsh_1                      0x0800022b   Thumb Code     0  __rtentry2.o(.ARM.Collect$$rtentry$$00000009)
    __rt_entry_main                          0x0800022f   Thumb Code     0  __rtentry2.o(.ARM.Collect$$rtentry$$0000000D)
    __rt_entry_postli_1                      0x0800022f   Thumb Code     0  __rtentry2.o(.ARM.Collect$$rtentry$$0000000C)
    __rt_exit                                0x08000237   Thumb Code     0  rtexit.o(.ARM.Collect$$rtexit$$00000000)
    __rt_exit_ls                             0x08000239   Thumb Code     0  rtexit2.o(.ARM.Collect$$rtexit$$00000003)
    __rt_exit_prels_1                        0x08000239   Thumb Code     0  rtexit2.o(.ARM.Collect$$rtexit$$00000002)
    __rt_exit_exit                           0x0800023d   Thumb Code     0  rtexit2.o(.ARM.Collect$$rtexit$$00000004)
    Reset_Handler                            0x08000245   Thumb Code     8  startup_stm32f40_41xxx.o(.text)
    ADC_IRQHandler                           0x0800025f   Thumb Code     0  startup_stm32f40_41xxx.o(.text)
    CAN1_RX1_IRQHandler                      0x0800025f   Thumb Code     0  startup_stm32f40_41xxx.o(.text)
    CAN1_SCE_IRQHandler                      0x0800025f   Thumb Code     0  startup_stm32f40_41xxx.o(.text)
    CAN1_TX_IRQHandler                       0x0800025f   Thumb Code     0  startup_stm32f40_41xxx.o(.text)
    CAN2_RX0_IRQHandler                      0x0800025f   Thumb Code     0  startup_stm32f40_41xxx.o(.text)
    CAN2_RX1_IRQHandler                      0x0800025f   Thumb Code     0  startup_stm32f40_41xxx.o(.text)
    CAN2_SCE_IRQHandler                      0x0800025f   Thumb Code     0  startup_stm32f40_41xxx.o(.text)
    CAN2_TX_IRQHandler                       0x0800025f   Thumb Code     0  startup_stm32f40_41xxx.o(.text)
    CRYP_IRQHandler                          0x0800025f   Thumb Code     0  startup_stm32f40_41xxx.o(.text)
    DCMI_IRQHandler                          0x0800025f   Thumb Code     0  startup_stm32f40_41xxx.o(.text)
    DMA1_Stream0_IRQHandler                  0x0800025f   Thumb Code     0  startup_stm32f40_41xxx.o(.text)
    DMA1_Stream1_IRQHandler                  0x0800025f   Thumb Code     0  startup_stm32f40_41xxx.o(.text)
    DMA1_Stream2_IRQHandler                  0x0800025f   Thumb Code     0  startup_stm32f40_41xxx.o(.text)
    DMA1_Stream3_IRQHandler                  0x0800025f   Thumb Code     0  startup_stm32f40_41xxx.o(.text)
    DMA1_Stream4_IRQHandler                  0x0800025f   Thumb Code     0  startup_stm32f40_41xxx.o(.text)
    DMA1_Stream5_IRQHandler                  0x0800025f   Thumb Code     0  startup_stm32f40_41xxx.o(.text)
    DMA1_Stream6_IRQHandler                  0x0800025f   Thumb Code     0  startup_stm32f40_41xxx.o(.text)
    DMA1_Stream7_IRQHandler                  0x0800025f   Thumb Code     0  startup_stm32f40_41xxx.o(.text)
    DMA2_Stream0_IRQHandler                  0x0800025f   Thumb Code     0  startup_stm32f40_41xxx.o(.text)
    DMA2_Stream1_IRQHandler                  0x0800025f   Thumb Code     0  startup_stm32f40_41xxx.o(.text)
    DMA2_Stream2_IRQHandler                  0x0800025f   Thumb Code     0  startup_stm32f40_41xxx.o(.text)
    DMA2_Stream3_IRQHandler                  0x0800025f   Thumb Code     0  startup_stm32f40_41xxx.o(.text)
    DMA2_Stream4_IRQHandler                  0x0800025f   Thumb Code     0  startup_stm32f40_41xxx.o(.text)
    DMA2_Stream5_IRQHandler                  0x0800025f   Thumb Code     0  startup_stm32f40_41xxx.o(.text)
    DMA2_Stream6_IRQHandler                  0x0800025f   Thumb Code     0  startup_stm32f40_41xxx.o(.text)
    DMA2_Stream7_IRQHandler                  0x0800025f   Thumb Code     0  startup_stm32f40_41xxx.o(.text)
    ETH_IRQHandler                           0x0800025f   Thumb Code     0  startup_stm32f40_41xxx.o(.text)
    ETH_WKUP_IRQHandler                      0x0800025f   Thumb Code     0  startup_stm32f40_41xxx.o(.text)
    EXTI0_IRQHandler                         0x0800025f   Thumb Code     0  startup_stm32f40_41xxx.o(.text)
    EXTI15_10_IRQHandler                     0x0800025f   Thumb Code     0  startup_stm32f40_41xxx.o(.text)
    EXTI1_IRQHandler                         0x0800025f   Thumb Code     0  startup_stm32f40_41xxx.o(.text)
    EXTI2_IRQHandler                         0x0800025f   Thumb Code     0  startup_stm32f40_41xxx.o(.text)
    EXTI3_IRQHandler                         0x0800025f   Thumb Code     0  startup_stm32f40_41xxx.o(.text)
    EXTI4_IRQHandler                         0x0800025f   Thumb Code     0  startup_stm32f40_41xxx.o(.text)
    EXTI9_5_IRQHandler                       0x0800025f   Thumb Code     0  startup_stm32f40_41xxx.o(.text)
    FLASH_IRQHandler                         0x0800025f   Thumb Code     0  startup_stm32f40_41xxx.o(.text)
    FPU_IRQHandler                           0x0800025f   Thumb Code     0  startup_stm32f40_41xxx.o(.text)
    FSMC_IRQHandler                          0x0800025f   Thumb Code     0  startup_stm32f40_41xxx.o(.text)
    HASH_RNG_IRQHandler                      0x0800025f   Thumb Code     0  startup_stm32f40_41xxx.o(.text)
    I2C1_ER_IRQHandler                       0x0800025f   Thumb Code     0  startup_stm32f40_41xxx.o(.text)
    I2C1_EV_IRQHandler                       0x0800025f   Thumb Code     0  startup_stm32f40_41xxx.o(.text)
    I2C2_ER_IRQHandler                       0x0800025f   Thumb Code     0  startup_stm32f40_41xxx.o(.text)
    I2C2_EV_IRQHandler                       0x0800025f   Thumb Code     0  startup_stm32f40_41xxx.o(.text)
    I2C3_ER_IRQHandler                       0x0800025f   Thumb Code     0  startup_stm32f40_41xxx.o(.text)
    I2C3_EV_IRQHandler                       0x0800025f   Thumb Code     0  startup_stm32f40_41xxx.o(.text)
    OTG_FS_IRQHandler                        0x0800025f   Thumb Code     0  startup_stm32f40_41xxx.o(.text)
    OTG_FS_WKUP_IRQHandler                   0x0800025f   Thumb Code     0  startup_stm32f40_41xxx.o(.text)
    OTG_HS_EP1_IN_IRQHandler                 0x0800025f   Thumb Code     0  startup_stm32f40_41xxx.o(.text)
    OTG_HS_EP1_OUT_IRQHandler                0x0800025f   Thumb Code     0  startup_stm32f40_41xxx.o(.text)
    OTG_HS_IRQHandler                        0x0800025f   Thumb Code     0  startup_stm32f40_41xxx.o(.text)
    OTG_HS_WKUP_IRQHandler                   0x0800025f   Thumb Code     0  startup_stm32f40_41xxx.o(.text)
    PVD_IRQHandler                           0x0800025f   Thumb Code     0  startup_stm32f40_41xxx.o(.text)
    RCC_IRQHandler                           0x0800025f   Thumb Code     0  startup_stm32f40_41xxx.o(.text)
    RTC_Alarm_IRQHandler                     0x0800025f   Thumb Code     0  startup_stm32f40_41xxx.o(.text)
    RTC_WKUP_IRQHandler                      0x0800025f   Thumb Code     0  startup_stm32f40_41xxx.o(.text)
    SDIO_IRQHandler                          0x0800025f   Thumb Code     0  startup_stm32f40_41xxx.o(.text)
    SPI1_IRQHandler                          0x0800025f   Thumb Code     0  startup_stm32f40_41xxx.o(.text)
    SPI2_IRQHandler                          0x0800025f   Thumb Code     0  startup_stm32f40_41xxx.o(.text)
    SPI3_IRQHandler                          0x0800025f   Thumb Code     0  startup_stm32f40_41xxx.o(.text)
    TAMP_STAMP_IRQHandler                    0x0800025f   Thumb Code     0  startup_stm32f40_41xxx.o(.text)
    TIM1_BRK_TIM9_IRQHandler                 0x0800025f   Thumb Code     0  startup_stm32f40_41xxx.o(.text)
    TIM1_CC_IRQHandler                       0x0800025f   Thumb Code     0  startup_stm32f40_41xxx.o(.text)
    TIM1_TRG_COM_TIM11_IRQHandler            0x0800025f   Thumb Code     0  startup_stm32f40_41xxx.o(.text)
    TIM1_UP_TIM10_IRQHandler                 0x0800025f   Thumb Code     0  startup_stm32f40_41xxx.o(.text)
    TIM2_IRQHandler                          0x0800025f   Thumb Code     0  startup_stm32f40_41xxx.o(.text)
    TIM3_IRQHandler                          0x0800025f   Thumb Code     0  startup_stm32f40_41xxx.o(.text)
    TIM4_IRQHandler                          0x0800025f   Thumb Code     0  startup_stm32f40_41xxx.o(.text)
    TIM5_IRQHandler                          0x0800025f   Thumb Code     0  startup_stm32f40_41xxx.o(.text)
    TIM8_BRK_TIM12_IRQHandler                0x0800025f   Thumb Code     0  startup_stm32f40_41xxx.o(.text)
    TIM8_CC_IRQHandler                       0x0800025f   Thumb Code     0  startup_stm32f40_41xxx.o(.text)
    TIM8_TRG_COM_TIM14_IRQHandler            0x0800025f   Thumb Code     0  startup_stm32f40_41xxx.o(.text)
    TIM8_UP_TIM13_IRQHandler                 0x0800025f   Thumb Code     0  startup_stm32f40_41xxx.o(.text)
    USART1_IRQHandler                        0x0800025f   Thumb Code     0  startup_stm32f40_41xxx.o(.text)
    USART3_IRQHandler                        0x0800025f   Thumb Code     0  startup_stm32f40_41xxx.o(.text)
    USART6_IRQHandler                        0x0800025f   Thumb Code     0  startup_stm32f40_41xxx.o(.text)
    WWDG_IRQHandler                          0x0800025f   Thumb Code     0  startup_stm32f40_41xxx.o(.text)
    __user_initial_stackheap                 0x08000261   Thumb Code     0  startup_stm32f40_41xxx.o(.text)
    __2sprintf                               0x08000285   Thumb Code    34  noretval__2sprintf.o(.text)
    __printf                                 0x080002ad   Thumb Code   104  __printf.o(.text)
    _printf_int_dec                          0x08000315   Thumb Code   104  _printf_dec.o(.text)
    __0sscanf                                0x0800038d   Thumb Code    52  __0sscanf.o(.text)
    _scanf_int                               0x080003c9   Thumb Code   332  _scanf_int.o(.text)
    strlen                                   0x08000515   Thumb Code    62  strlen.o(.text)
    __aeabi_memclr4                          0x08000553   Thumb Code     0  rt_memclr_w.o(.text)
    __aeabi_memclr8                          0x08000553   Thumb Code     0  rt_memclr_w.o(.text)
    __rt_memclr_w                            0x08000553   Thumb Code    78  rt_memclr_w.o(.text)
    _memset_w                                0x08000557   Thumb Code     0  rt_memclr_w.o(.text)
    __use_two_region_memory                  0x080005a1   Thumb Code     2  heapauxi.o(.text)
    __rt_heap_escrow$2region                 0x080005a3   Thumb Code     2  heapauxi.o(.text)
    __rt_heap_expand$2region                 0x080005a5   Thumb Code     2  heapauxi.o(.text)
    _printf_int_common                       0x080005a7   Thumb Code   178  _printf_intcommon.o(.text)
    _printf_char_common                      0x08000663   Thumb Code    32  _printf_char_common.o(.text)
    _sputc                                   0x08000689   Thumb Code    10  _sputc.o(.text)
    _chval                                   0x08000693   Thumb Code    28  _chval.o(.text)
    __vfscanf_char                           0x080006bd   Thumb Code    24  scanf_char.o(.text)
    _sgetc                                   0x080006dd   Thumb Code    30  _sgetc.o(.text)
    _sbackspace                              0x080006fb   Thumb Code    34  _sgetc.o(.text)
    isspace                                  0x0800071d   Thumb Code    18  isspace.o(.text)
    __vfscanf                                0x08000731   Thumb Code   878  _scanf.o(.text)
    __user_setup_stackheap                   0x08000aa5   Thumb Code    74  sys_stackheap_outer.o(.text)
    __rt_ctype_table                         0x08000af1   Thumb Code    16  rt_ctype_table.o(.text)
    exit                                     0x08000b01   Thumb Code    18  exit.o(.text)
    __user_libspace                          0x08000b15   Thumb Code     8  libspace.o(.text)
    __user_perproc_libspace                  0x08000b15   Thumb Code     0  libspace.o(.text)
    __user_perthread_libspace                0x08000b15   Thumb Code     0  libspace.o(.text)
    __rt_locale                              0x08000b1d   Thumb Code     8  rt_locale_intlibspace.o(.text)
    strcmp                                   0x08000b25   Thumb Code   128  strcmpv7m.o(.text)
    _sys_exit                                0x08000ba5   Thumb Code     8  sys_exit.o(.text)
    __I$use$semihosting                      0x08000bb1   Thumb Code     0  use_no_semi.o(.text)
    __use_no_semihosting_swi                 0x08000bb1   Thumb Code     2  use_no_semi.o(.text)
    BusFault_Handler                         0x08000bb3   Thumb Code     4  stm32f4xx_it.o(i.BusFault_Handler)
    __semihosting_library_function           0x08000bb3   Thumb Code     0  indicate_semi.o(.text)
    CAN1_RX0_IRQHandler                      0x08000bb7   Thumb Code     8  main.o(i.CAN1_RX0_IRQHandler)
    CAN_ClearITPendingBit                    0x08000bc1   Thumb Code   162  stm32f4xx_can.o(i.CAN_ClearITPendingBit)
    CAN_Config                               0x08000c69   Thumb Code   228  m2006driver.o(i.CAN_Config)
    CAN_FilterInit                           0x08000d55   Thumb Code   258  stm32f4xx_can.o(i.CAN_FilterInit)
    CAN_GetITStatus                          0x08000e5d   Thumb Code   284  stm32f4xx_can.o(i.CAN_GetITStatus)
    CAN_ITConfig                             0x08000f7d   Thumb Code    18  stm32f4xx_can.o(i.CAN_ITConfig)
    CAN_Init                                 0x08000f8f   Thumb Code   276  stm32f4xx_can.o(i.CAN_Init)
    CAN_RX_ISR                               0x080010a5   Thumb Code   496  m2006driver.o(i.CAN_RX_ISR)
    CAN_Receive                              0x080012a1   Thumb Code   240  stm32f4xx_can.o(i.CAN_Receive)
    CAN_Transmit                             0x08001391   Thumb Code   294  stm32f4xx_can.o(i.CAN_Transmit)
    ClearRxBuffer                            0x080014c9   Thumb Code    24  main.o(i.ClearRxBuffer)
    CopeSerial4Data                          0x080014ed   Thumb Code    76  main.o(i.CopeSerial4Data)
    DebugMon_Handler                         0x08001545   Thumb Code     2  stm32f4xx_it.o(i.DebugMon_Handler)
    GPIO_Init                                0x08001575   Thumb Code   144  stm32f4xx_gpio.o(i.GPIO_Init)
    GPIO_PinAFConfig                         0x08001605   Thumb Code    70  stm32f4xx_gpio.o(i.GPIO_PinAFConfig)
    GPIO_ResetBits                           0x0800164b   Thumb Code     4  stm32f4xx_gpio.o(i.GPIO_ResetBits)
    GPIO_SetBits                             0x0800164f   Thumb Code     4  stm32f4xx_gpio.o(i.GPIO_SetBits)
    GPIO_StructInit                          0x08001653   Thumb Code    18  stm32f4xx_gpio.o(i.GPIO_StructInit)
    HardFault_Handler                        0x08001665   Thumb Code     4  stm32f4xx_it.o(i.HardFault_Handler)
    InitPIDControllers                       0x08001669   Thumb Code  1576  main.o(i.InitPIDControllers)
    InitializeMotorFineTuneControllers       0x08001cbd   Thumb Code   136  finetune.o(i.InitializeMotorFineTuneControllers)
    LimitAcceleration                        0x08001d79   Thumb Code   112  main.o(i.LimitAcceleration)
    M2006_SetCurrent_ALL                     0x08001df5   Thumb Code    94  m2006driver.o(i.M2006_SetCurrent_ALL)
    MemManage_Handler                        0x08001e59   Thumb Code     4  stm32f4xx_it.o(i.MemManage_Handler)
    NMI_Handler                              0x08001e5d   Thumb Code     2  stm32f4xx_it.o(i.NMI_Handler)
    NVIC_Init                                0x08001e61   Thumb Code   106  misc.o(i.NVIC_Init)
    NVIC_PriorityGroupConfig                 0x08001ed9   Thumb Code    10  misc.o(i.NVIC_PriorityGroupConfig)
    OLED_Clear                               0x08001eed   Thumb Code    56  oled.o(i.OLED_Clear)
    OLED_Init                                0x08001f25   Thumb Code   276  oled.o(i.OLED_Init)
    OLED_ShowChar                            0x0800203d   Thumb Code    92  oled.o(i.OLED_ShowChar)
    OLED_ShowNumber                          0x0800209d   Thumb Code    30  oled.o(i.OLED_ShowNumber)
    OLED_ShowString                          0x080020c1   Thumb Code    44  oled.o(i.OLED_ShowString)
    OLED_ShowUTF8String                      0x080020ed   Thumb Code    62  oled.o(i.OLED_ShowUTF8String)
    OLED_WriteCommand                        0x0800212d   Thumb Code    22  oled.o(i.OLED_WriteCommand)
    OLED_WriteData                           0x08002149   Thumb Code    22  oled.o(i.OLED_WriteData)
    PID_Compute                              0x08002165   Thumb Code   178  pid.o(i.PID_Compute)
    PID_Init                                 0x08002219   Thumb Code    50  pid.o(i.PID_Init)
    PID_SetOutputLimits                      0x08002259   Thumb Code    10  pid.o(i.PID_SetOutputLimits)
    PendSV_Handler                           0x08002263   Thumb Code     2  stm32f4xx_it.o(i.PendSV_Handler)
    ProcessReceivedData                      0x08002265   Thumb Code    30  main.o(i.ProcessReceivedData)
    RCC_AHB1PeriphClockCmd                   0x0800228d   Thumb Code    26  stm32f4xx_rcc.o(i.RCC_AHB1PeriphClockCmd)
    RCC_APB1PeriphClockCmd                   0x080022ad   Thumb Code    26  stm32f4xx_rcc.o(i.RCC_APB1PeriphClockCmd)
    RCC_APB1PeriphResetCmd                   0x080022cd   Thumb Code    26  stm32f4xx_rcc.o(i.RCC_APB1PeriphResetCmd)
    RCC_APB2PeriphResetCmd                   0x080022ed   Thumb Code    26  stm32f4xx_rcc.o(i.RCC_APB2PeriphResetCmd)
    RCC_GetClocksFreq                        0x0800230d   Thumb Code   214  stm32f4xx_rcc.o(i.RCC_GetClocksFreq)
    SPI_SendByte                             0x080023f5   Thumb Code    68  oled.o(i.SPI_SendByte)
    SVC_Handler                              0x0800243d   Thumb Code     2  stm32f4xx_it.o(i.SVC_Handler)
    SysTick_CLKSourceConfig                  0x0800252d   Thumb Code    40  misc.o(i.SysTick_CLKSourceConfig)
    SysTick_Handler                          0x08002555   Thumb Code     2  stm32f4xx_it.o(i.SysTick_Handler)
    SystemInit                               0x08002559   Thumb Code    88  system_stm32f4xx.o(i.SystemInit)
    TIM6_DAC_IRQHandler                      0x080025c1   Thumb Code   146  main.o(i.TIM6_DAC_IRQHandler)
    TIM6_Int_Init                            0x08002685   Thumb Code    88  timer.o(i.TIM6_Int_Init)
    TIM7_IRQHandler                          0x080026e1   Thumb Code  1160  main.o(i.TIM7_IRQHandler)
    TIM7_Int_Init                            0x08002b6d   Thumb Code    88  timer.o(i.TIM7_Int_Init)
    TIM_ClearITPendingBit                    0x08002bc9   Thumb Code     6  stm32f4xx_tim.o(i.TIM_ClearITPendingBit)
    TIM_Cmd                                  0x08002bcf   Thumb Code    24  stm32f4xx_tim.o(i.TIM_Cmd)
    TIM_GetITStatus                          0x08002be7   Thumb Code    34  stm32f4xx_tim.o(i.TIM_GetITStatus)
    TIM_ITConfig                             0x08002c09   Thumb Code    18  stm32f4xx_tim.o(i.TIM_ITConfig)
    TIM_TimeBaseInit                         0x08002c1d   Thumb Code   104  stm32f4xx_tim.o(i.TIM_TimeBaseInit)
    UART4_IRQHandler                         0x08002ca1   Thumb Code    48  main.o(i.UART4_IRQHandler)
    UART5_IRQHandler                         0x08002cd5   Thumb Code   108  main.o(i.UART5_IRQHandler)
    UART5_Transmit                           0x08002d51   Thumb Code    56  main.o(i.UART5_Transmit)
    USART2_Conf                              0x08002d8d   Thumb Code    94  usart.o(i.USART2_Conf)
    USART2_IO_Conf                           0x08002df1   Thumb Code   116  usart.o(i.USART2_IO_Conf)
    USART2_IRQHandler                        0x08002e69   Thumb Code    70  main.o(i.USART2_IRQHandler)
    USART2_NVICConf                          0x08002ebd   Thumb Code    32  usart.o(i.USART2_NVICConf)
    USART4_Init                              0x08002edd   Thumb Code   164  usart.o(i.USART4_Init)
    USART5_Init                              0x08002f89   Thumb Code   188  usart.o(i.USART5_Init)
    USART_ClearFlag                          0x08003051   Thumb Code    18  stm32f4xx_usart.o(i.USART_ClearFlag)
    USART_ClearITPendingBit                  0x08003063   Thumb Code    30  stm32f4xx_usart.o(i.USART_ClearITPendingBit)
    USART_Cmd                                0x08003081   Thumb Code    24  stm32f4xx_usart.o(i.USART_Cmd)
    USART_DeInit                             0x08003099   Thumb Code   206  stm32f4xx_usart.o(i.USART_DeInit)
    USART_GetFlagStatus                      0x08003189   Thumb Code    26  stm32f4xx_usart.o(i.USART_GetFlagStatus)
    USART_GetITStatus                        0x080031a3   Thumb Code    84  stm32f4xx_usart.o(i.USART_GetITStatus)
    USART_ITConfig                           0x080031f7   Thumb Code    74  stm32f4xx_usart.o(i.USART_ITConfig)
    USART_Init                               0x08003241   Thumb Code   204  stm32f4xx_usart.o(i.USART_Init)
    USART_ReceiveData                        0x08003315   Thumb Code    10  stm32f4xx_usart.o(i.USART_ReceiveData)
    USART_SendData                           0x0800331f   Thumb Code     8  stm32f4xx_usart.o(i.USART_SendData)
    USART_StructInit                         0x08003327   Thumb Code    24  stm32f4xx_usart.o(i.USART_StructInit)
    UpdateOLEDDisplay                        0x08003341   Thumb Code    56  main.o(i.UpdateOLEDDisplay)
    UsageFault_Handler                       0x08003385   Thumb Code     4  stm32f4xx_it.o(i.UsageFault_Handler)
    Usart_SendString                         0x08003389   Thumb Code    46  usart.o(i.Usart_SendString)
    __hardfp_fabs                            0x080033b7   Thumb Code    20  fabs.o(i.__hardfp_fabs)
    delay_init                               0x080033cd   Thumb Code    46  delay.o(i.delay_init)
    delay_ms                                 0x08003405   Thumb Code    50  delay.o(i.delay_ms)
    delay_us                                 0x0800343d   Thumb Code    72  delay.o(i.delay_us)
    initial_pos                              0x08003489   Thumb Code   126  pack_one.o(i.initial_pos)
    main                                     0x08003509   Thumb Code  2468  main.o(i.main)
    move_robot_arm_speed                     0x08003ed1   Thumb Code   110  pack_one.o(i.move_robot_arm_speed)
    pi_data_process                          0x08003f49   Thumb Code   162  main.o(i.pi_data_process)
    pick_car_out_blue                        0x0800400d   Thumb Code    32  action.o(i.pick_car_out_blue)
    pick_car_out_blue_cemian                 0x0800402d   Thumb Code    32  action.o(i.pick_car_out_blue_cemian)
    pick_car_out_green                       0x0800404d   Thumb Code    32  action.o(i.pick_car_out_green)
    pick_car_out_green_cemian                0x0800406d   Thumb Code    32  action.o(i.pick_car_out_green_cemian)
    pick_car_out_red                         0x0800408d   Thumb Code    32  action.o(i.pick_car_out_red)
    pick_car_out_red_cemian                  0x080040ad   Thumb Code    32  action.o(i.pick_car_out_red_cemian)
    pick_car_you                             0x080040cd   Thumb Code   130  pack_one.o(i.pick_car_you)
    pick_car_you_cemian                      0x0800414f   Thumb Code   130  pack_one.o(i.pick_car_you_cemian)
    pick_car_zhong                           0x080041d1   Thumb Code   140  pack_one.o(i.pick_car_zhong)
    pick_car_zhong_cemian                    0x0800425d   Thumb Code   140  pack_one.o(i.pick_car_zhong_cemian)
    pick_car_zuo                             0x080042e9   Thumb Code   130  pack_one.o(i.pick_car_zuo)
    pick_car_zuo_cemian                      0x0800436b   Thumb Code   130  pack_one.o(i.pick_car_zuo_cemian)
    pick_yuantai                             0x080043ed   Thumb Code   114  pack_one.o(i.pick_yuantai)
    pick_yuantai_blue                        0x0800445f   Thumb Code    28  action.o(i.pick_yuantai_blue)
    pick_yuantai_green                       0x0800447b   Thumb Code    28  action.o(i.pick_yuantai_green)
    pick_yuantai_red                         0x08004497   Thumb Code    28  action.o(i.pick_yuantai_red)
    pick_zhong_move_zuo                      0x080044b3   Thumb Code    38  pack_one.o(i.pick_zhong_move_zuo)
    put_youbian                              0x080044d9   Thumb Code   126  pack_one.o(i.put_youbian)
    put_youbian_car_out                      0x08004557   Thumb Code   278  pack_one.o(i.put_youbian_car_out)
    put_youbian_car_out_cemian               0x0800466d   Thumb Code   278  pack_one.o(i.put_youbian_car_out_cemian)
    put_zhongjian                            0x08004783   Thumb Code   104  pack_one.o(i.put_zhongjian)
    put_zhongjian_car_out                    0x080047eb   Thumb Code   208  pack_one.o(i.put_zhongjian_car_out)
    put_zhongjian_car_out_cemian             0x080048bb   Thumb Code   208  pack_one.o(i.put_zhongjian_car_out_cemian)
    put_zuobian                              0x0800498b   Thumb Code   104  pack_one.o(i.put_zuobian)
    put_zuobian_car_out                      0x080049f3   Thumb Code   258  pack_one.o(i.put_zuobian_car_out)
    put_zuobian_car_out_cemian               0x08004af5   Thumb Code   258  pack_one.o(i.put_zuobian_car_out_cemian)
    set_target_position                      0x08004bf9   Thumb Code   382  main.o(i.set_target_position)
    watch_Initial_Position1                  0x08004da5   Thumb Code   120  pack_one.o(i.watch_Initial_Position1)
    watch_Initial_Position2                  0x08004e1d   Thumb Code   126  pack_one.o(i.watch_Initial_Position2)
    watch_Initial_Position3                  0x08004e9b   Thumb Code   126  pack_one.o(i.watch_Initial_Position3)
    _get_lc_ctype                            0x08004f19   Thumb Code    44  lc_ctype_c.o(locale$$code)
    __fpl_dcmp_Inf                           0x08004f45   Thumb Code    24  dcmpi.o(x$fpl$dcmpinf)
    __aeabi_cdcmple                          0x08004f5d   Thumb Code     0  dleqf.o(x$fpl$dleqf)
    _dcmple                                  0x08004f5d   Thumb Code   120  dleqf.o(x$fpl$dleqf)
    __fpl_dcmple_InfNaN                      0x08004fbf   Thumb Code     0  dleqf.o(x$fpl$dleqf)
    __fpl_dnaninf                            0x08004fd5   Thumb Code   156  dnaninf.o(x$fpl$dnaninf)
    __fpl_dretinf                            0x08005071   Thumb Code    12  dretinf.o(x$fpl$dretinf)
    __aeabi_cdrcmple                         0x0800507d   Thumb Code     0  drleqf.o(x$fpl$drleqf)
    _drcmple                                 0x0800507d   Thumb Code   108  drleqf.o(x$fpl$drleqf)
    __aeabi_f2d                              0x080050e9   Thumb Code     0  f2d.o(x$fpl$f2d)
    _f2d                                     0x080050e9   Thumb Code    86  f2d.o(x$fpl$f2d)
    __fpl_fnaninf                            0x0800513f   Thumb Code   140  fnaninf.o(x$fpl$fnaninf)
    _fp_init                                 0x080051cb   Thumb Code    10  fpinit.o(x$fpl$fpinit)
    __fplib_config_fpu_vfp                   0x080051d3   Thumb Code     0  fpinit.o(x$fpl$fpinit)
    __fplib_config_pureend_doubles           0x080051d3   Thumb Code     0  fpinit.o(x$fpl$fpinit)
    F6x8                                     0x080051d4   Data         552  oled.o(.constdata)
    __I$use$fp                               0x080051d4   Number         0  usenofp.o(x$fpl$usenofp)
    F8X16                                    0x080053fc   Data        1520  oled.o(.constdata)
    Region$$Table$$Base                      0x080059ec   Number         0  anon$$obj.o(Region$$Table)
    Region$$Table$$Limit                     0x08005a0c   Number         0  anon$$obj.o(Region$$Table)
    __ctype                                  0x08005a19   Data           0  lc_ctype_c.o(locale$$data)
    stcAngle                                 0x20000000   Data           8  main.o(.data)
    uartReceiveIndex                         0x2000000a   Data           2  main.o(.data)
    rx_index                                 0x2000000c   Data           2  main.o(.data)
    rx_complete                              0x2000000e   Data           1  main.o(.data)
    position_x                               0x20000010   Data           4  main.o(.data)
    position_y                               0x20000014   Data           4  main.o(.data)
    sign_move                                0x20000018   Data           4  main.o(.data)
    flag_arr_speed_1                         0x2000001c   Data           4  main.o(.data)
    flag_arr_speed_2                         0x20000020   Data           4  main.o(.data)
    flag_arr_speed_3                         0x20000024   Data           4  main.o(.data)
    flag_arr_speed_4                         0x20000028   Data           4  main.o(.data)
    x_pi                                     0x2000002c   Data           4  main.o(.data)
    y_pi                                     0x20000030   Data           4  main.o(.data)
    pi_command                               0x20000034   Data           4  main.o(.data)
    x_move                                   0x20000038   Data           4  main.o(.data)
    y_move                                   0x2000003c   Data           4  main.o(.data)
    pi_put_obj_fir                           0x20000040   Data           4  main.o(.data)
    pi_put_obj_sec                           0x20000044   Data           4  main.o(.data)
    vy                                       0x20000048   Data           4  main.o(.data)
    vx                                       0x2000004c   Data           4  main.o(.data)
    omega                                    0x20000050   Data           4  main.o(.data)
    r                                        0x20000054   Data           4  main.o(.data)
    target_yaw                               0x20000058   Data           4  main.o(.data)
    Move_num                                 0x2000005c   Data           4  main.o(.data)
    run_num                                  0x20000060   Data           4  main.o(.data)
    left                                     0x20000064   Data           4  main.o(.data)
    right                                    0x20000068   Data           4  main.o(.data)
    up                                       0x2000006c   Data           4  main.o(.data)
    down                                     0x20000070   Data           4  main.o(.data)
    mini_pos_corr                            0x20000074   Data           4  main.o(.data)
    target_x                                 0x20000078   Data           4  main.o(.data)
    target_y                                 0x2000007c   Data           4  main.o(.data)
    runs                                     0x20000080   Data           4  main.o(.data)
    sign_bazhi                               0x20000084   Data           4  main.o(.data)
    third_yuntai                             0x20000088   Data           4  main.o(.data)
    second_yuntai                            0x2000008c   Data           4  main.o(.data)
    first_yuntai                             0x20000090   Data           4  main.o(.data)
    system_ticks                             0x20000094   Data           4  main.o(.data)
    update_display                           0x20000098   Data           1  main.o(.data)
    ZQ_data                                  0x200000b4   Data          13  pack_one.o(.data)
    Move_moters_speed                        0x200000c4   Data          16  main.o(.bss)
    motors                                   0x200000d4   Data          96  main.o(.bss)
    angle_pid_controllers                    0x20000134   Data          32  main.o(.bss)
    position_pid_controllers                 0x20000154   Data         128  main.o(.bss)
    speed_pid_controllers                    0x200001d4   Data         128  main.o(.bss)
    current_pid_controllers                  0x20000254   Data         128  main.o(.bss)
    uartReceiveBuffer                        0x200002d4   Data         256  main.o(.bss)
    rx_buffer                                0x200003d4   Data         512  main.o(.bss)
    target_positions                         0x200005d4   Data          16  main.o(.bss)
    current_speeds                           0x200005e4   Data          16  main.o(.bss)
    motor_fine_tune_controllers              0x200006f0   Data         336  finetune.o(.bss)
    __libspace_start                         0x20000840   Data          96  libspace.o(.bss)
    __temporary_stack_top$libspace           0x200008a0   Data           0  libspace.o(.bss)



==============================================================================

Memory Map of the image

  Image Entry point : 0x08000189

  Load Region LR_IROM1 (Base: 0x08000000, Size: 0x00005be0, Max: 0x00080000, ABSOLUTE)

    Execution Region ER_IROM1 (Exec base: 0x08000000, Load base: 0x08000000, Size: 0x00005b1c, Max: 0x00080000, ABSOLUTE)

    Exec Addr    Load Addr    Size         Type   Attr      Idx    E Section Name        Object

    0x08000000   0x08000000   0x00000188   Data   RO          416    RESET               startup_stm32f40_41xxx.o
    0x08000188   0x08000188   0x00000008   Code   RO         6287  * !!!main             c_w.l(__main.o)
    0x08000190   0x08000190   0x00000034   Code   RO         6498    !!!scatter          c_w.l(__scatter.o)
    0x080001c4   0x080001c4   0x0000001a   Code   RO         6500    !!handler_copy      c_w.l(__scatter_copy.o)
    0x080001de   0x080001de   0x00000002   PAD
    0x080001e0   0x080001e0   0x0000001c   Code   RO         6502    !!handler_zi        c_w.l(__scatter_zi.o)
    0x080001fc   0x080001fc   0x00000000   Code   RO         6274    .ARM.Collect$$_printf_percent$$00000000  c_w.l(_printf_percent.o)
    0x080001fc   0x080001fc   0x00000006   Code   RO         6273    .ARM.Collect$$_printf_percent$$00000009  c_w.l(_printf_d.o)
    0x08000202   0x08000202   0x00000004   Code   RO         6308    .ARM.Collect$$_printf_percent$$00000017  c_w.l(_printf_percent_end.o)
    0x08000206   0x08000206   0x00000002   Code   RO         6358    .ARM.Collect$$libinit$$00000000  c_w.l(libinit.o)
    0x08000208   0x08000208   0x00000004   Code   RO         6372    .ARM.Collect$$libinit$$00000001  c_w.l(libinit2.o)
    0x0800020c   0x0800020c   0x00000000   Code   RO         6375    .ARM.Collect$$libinit$$00000004  c_w.l(libinit2.o)
    0x0800020c   0x0800020c   0x00000000   Code   RO         6378    .ARM.Collect$$libinit$$0000000A  c_w.l(libinit2.o)
    0x0800020c   0x0800020c   0x00000000   Code   RO         6380    .ARM.Collect$$libinit$$0000000C  c_w.l(libinit2.o)
    0x0800020c   0x0800020c   0x00000000   Code   RO         6382    .ARM.Collect$$libinit$$0000000E  c_w.l(libinit2.o)
    0x0800020c   0x0800020c   0x00000006   Code   RO         6383    .ARM.Collect$$libinit$$0000000F  c_w.l(libinit2.o)
    0x08000212   0x08000212   0x00000000   Code   RO         6385    .ARM.Collect$$libinit$$00000011  c_w.l(libinit2.o)
    0x08000212   0x08000212   0x0000000c   Code   RO         6386    .ARM.Collect$$libinit$$00000012  c_w.l(libinit2.o)
    0x0800021e   0x0800021e   0x00000000   Code   RO         6387    .ARM.Collect$$libinit$$00000013  c_w.l(libinit2.o)
    0x0800021e   0x0800021e   0x00000000   Code   RO         6389    .ARM.Collect$$libinit$$00000015  c_w.l(libinit2.o)
    0x0800021e   0x0800021e   0x00000000   Code   RO         6391    .ARM.Collect$$libinit$$00000017  c_w.l(libinit2.o)
    0x0800021e   0x0800021e   0x00000000   Code   RO         6393    .ARM.Collect$$libinit$$00000019  c_w.l(libinit2.o)
    0x0800021e   0x0800021e   0x00000000   Code   RO         6395    .ARM.Collect$$libinit$$0000001B  c_w.l(libinit2.o)
    0x0800021e   0x0800021e   0x00000000   Code   RO         6397    .ARM.Collect$$libinit$$0000001D  c_w.l(libinit2.o)
    0x0800021e   0x0800021e   0x00000000   Code   RO         6399    .ARM.Collect$$libinit$$0000001F  c_w.l(libinit2.o)
    0x0800021e   0x0800021e   0x00000000   Code   RO         6401    .ARM.Collect$$libinit$$00000021  c_w.l(libinit2.o)
    0x0800021e   0x0800021e   0x00000000   Code   RO         6403    .ARM.Collect$$libinit$$00000023  c_w.l(libinit2.o)
    0x0800021e   0x0800021e   0x00000000   Code   RO         6405    .ARM.Collect$$libinit$$00000025  c_w.l(libinit2.o)
    0x0800021e   0x0800021e   0x00000000   Code   RO         6409    .ARM.Collect$$libinit$$0000002C  c_w.l(libinit2.o)
    0x0800021e   0x0800021e   0x00000000   Code   RO         6411    .ARM.Collect$$libinit$$0000002E  c_w.l(libinit2.o)
    0x0800021e   0x0800021e   0x00000000   Code   RO         6413    .ARM.Collect$$libinit$$00000030  c_w.l(libinit2.o)
    0x0800021e   0x0800021e   0x00000000   Code   RO         6415    .ARM.Collect$$libinit$$00000032  c_w.l(libinit2.o)
    0x0800021e   0x0800021e   0x00000002   Code   RO         6416    .ARM.Collect$$libinit$$00000033  c_w.l(libinit2.o)
    0x08000220   0x08000220   0x00000002   Code   RO         6438    .ARM.Collect$$libshutdown$$00000000  c_w.l(libshutdown.o)
    0x08000222   0x08000222   0x00000000   Code   RO         6451    .ARM.Collect$$libshutdown$$00000002  c_w.l(libshutdown2.o)
    0x08000222   0x08000222   0x00000000   Code   RO         6453    .ARM.Collect$$libshutdown$$00000004  c_w.l(libshutdown2.o)
    0x08000222   0x08000222   0x00000000   Code   RO         6456    .ARM.Collect$$libshutdown$$00000007  c_w.l(libshutdown2.o)
    0x08000222   0x08000222   0x00000000   Code   RO         6459    .ARM.Collect$$libshutdown$$0000000A  c_w.l(libshutdown2.o)
    0x08000222   0x08000222   0x00000000   Code   RO         6461    .ARM.Collect$$libshutdown$$0000000C  c_w.l(libshutdown2.o)
    0x08000222   0x08000222   0x00000000   Code   RO         6464    .ARM.Collect$$libshutdown$$0000000F  c_w.l(libshutdown2.o)
    0x08000222   0x08000222   0x00000002   Code   RO         6465    .ARM.Collect$$libshutdown$$00000010  c_w.l(libshutdown2.o)
    0x08000224   0x08000224   0x00000000   Code   RO         6301    .ARM.Collect$$rtentry$$00000000  c_w.l(__rtentry.o)
    0x08000224   0x08000224   0x00000000   Code   RO         6327    .ARM.Collect$$rtentry$$00000002  c_w.l(__rtentry2.o)
    0x08000224   0x08000224   0x00000006   Code   RO         6339    .ARM.Collect$$rtentry$$00000004  c_w.l(__rtentry4.o)
    0x0800022a   0x0800022a   0x00000000   Code   RO         6329    .ARM.Collect$$rtentry$$00000009  c_w.l(__rtentry2.o)
    0x0800022a   0x0800022a   0x00000004   Code   RO         6330    .ARM.Collect$$rtentry$$0000000A  c_w.l(__rtentry2.o)
    0x0800022e   0x0800022e   0x00000000   Code   RO         6332    .ARM.Collect$$rtentry$$0000000C  c_w.l(__rtentry2.o)
    0x0800022e   0x0800022e   0x00000008   Code   RO         6333    .ARM.Collect$$rtentry$$0000000D  c_w.l(__rtentry2.o)
    0x08000236   0x08000236   0x00000002   Code   RO         6362    .ARM.Collect$$rtexit$$00000000  c_w.l(rtexit.o)
    0x08000238   0x08000238   0x00000000   Code   RO         6418    .ARM.Collect$$rtexit$$00000002  c_w.l(rtexit2.o)
    0x08000238   0x08000238   0x00000004   Code   RO         6419    .ARM.Collect$$rtexit$$00000003  c_w.l(rtexit2.o)
    0x0800023c   0x0800023c   0x00000006   Code   RO         6420    .ARM.Collect$$rtexit$$00000004  c_w.l(rtexit2.o)
    0x08000242   0x08000242   0x00000002   PAD
    0x08000244   0x08000244   0x00000040   Code   RO          417    .text               startup_stm32f40_41xxx.o
    0x08000284   0x08000284   0x00000028   Code   RO         6247    .text               c_w.l(noretval__2sprintf.o)
    0x080002ac   0x080002ac   0x00000068   Code   RO         6249    .text               c_w.l(__printf.o)
    0x08000314   0x08000314   0x00000078   Code   RO         6251    .text               c_w.l(_printf_dec.o)
    0x0800038c   0x0800038c   0x0000003c   Code   RO         6275    .text               c_w.l(__0sscanf.o)
    0x080003c8   0x080003c8   0x0000014c   Code   RO         6277    .text               c_w.l(_scanf_int.o)
    0x08000514   0x08000514   0x0000003e   Code   RO         6279    .text               c_w.l(strlen.o)
    0x08000552   0x08000552   0x0000004e   Code   RO         6283    .text               c_w.l(rt_memclr_w.o)
    0x080005a0   0x080005a0   0x00000006   Code   RO         6285    .text               c_w.l(heapauxi.o)
    0x080005a6   0x080005a6   0x000000b2   Code   RO         6302    .text               c_w.l(_printf_intcommon.o)
    0x08000658   0x08000658   0x00000030   Code   RO         6304    .text               c_w.l(_printf_char_common.o)
    0x08000688   0x08000688   0x0000000a   Code   RO         6306    .text               c_w.l(_sputc.o)
    0x08000692   0x08000692   0x0000001c   Code   RO         6309    .text               c_w.l(_chval.o)
    0x080006ae   0x080006ae   0x00000002   PAD
    0x080006b0   0x080006b0   0x0000002c   Code   RO         6311    .text               c_w.l(scanf_char.o)
    0x080006dc   0x080006dc   0x00000040   Code   RO         6313    .text               c_w.l(_sgetc.o)
    0x0800071c   0x0800071c   0x00000012   Code   RO         6341    .text               c_w.l(isspace.o)
    0x0800072e   0x0800072e   0x00000002   PAD
    0x08000730   0x08000730   0x00000374   Code   RO         6345    .text               c_w.l(_scanf.o)
    0x08000aa4   0x08000aa4   0x0000004a   Code   RO         6347    .text               c_w.l(sys_stackheap_outer.o)
    0x08000aee   0x08000aee   0x00000002   PAD
    0x08000af0   0x08000af0   0x00000010   Code   RO         6349    .text               c_w.l(rt_ctype_table.o)
    0x08000b00   0x08000b00   0x00000012   Code   RO         6351    .text               c_w.l(exit.o)
    0x08000b12   0x08000b12   0x00000002   PAD
    0x08000b14   0x08000b14   0x00000008   Code   RO         6359    .text               c_w.l(libspace.o)
    0x08000b1c   0x08000b1c   0x00000008   Code   RO         6367    .text               c_w.l(rt_locale_intlibspace.o)
    0x08000b24   0x08000b24   0x00000080   Code   RO         6424    .text               c_w.l(strcmpv7m.o)
    0x08000ba4   0x08000ba4   0x0000000c   Code   RO         6430    .text               c_w.l(sys_exit.o)
    0x08000bb0   0x08000bb0   0x00000002   Code   RO         6441    .text               c_w.l(use_no_semi.o)
    0x08000bb2   0x08000bb2   0x00000000   Code   RO         6443    .text               c_w.l(indicate_semi.o)
    0x08000bb2   0x08000bb2   0x00000004   Code   RO          289    i.BusFault_Handler  stm32f4xx_it.o
    0x08000bb6   0x08000bb6   0x00000008   Code   RO            3    i.CAN1_RX0_IRQHandler  main.o
    0x08000bbe   0x08000bbe   0x00000002   PAD
    0x08000bc0   0x08000bc0   0x000000a8   Code   RO          737    i.CAN_ClearITPendingBit  stm32f4xx_can.o
    0x08000c68   0x08000c68   0x000000ec   Code   RO         5990    i.CAN_Config        m2006driver.o
    0x08000d54   0x08000d54   0x00000108   Code   RO          741    i.CAN_FilterInit    stm32f4xx_can.o
    0x08000e5c   0x08000e5c   0x00000120   Code   RO          743    i.CAN_GetITStatus   stm32f4xx_can.o
    0x08000f7c   0x08000f7c   0x00000012   Code   RO          747    i.CAN_ITConfig      stm32f4xx_can.o
    0x08000f8e   0x08000f8e   0x00000114   Code   RO          748    i.CAN_Init          stm32f4xx_can.o
    0x080010a2   0x080010a2   0x00000002   PAD
    0x080010a4   0x080010a4   0x000001fc   Code   RO         5991    i.CAN_RX_ISR        m2006driver.o
    0x080012a0   0x080012a0   0x000000f0   Code   RO          751    i.CAN_Receive       stm32f4xx_can.o
    0x08001390   0x08001390   0x00000126   Code   RO          756    i.CAN_Transmit      stm32f4xx_can.o
    0x080014b6   0x080014b6   0x00000012   Code   RO          759    i.CheckITStatus     stm32f4xx_can.o
    0x080014c8   0x080014c8   0x00000024   Code   RO            4    i.ClearRxBuffer     main.o
    0x080014ec   0x080014ec   0x00000058   Code   RO            5    i.CopeSerial4Data   main.o
    0x08001544   0x08001544   0x00000002   Code   RO          290    i.DebugMon_Handler  stm32f4xx_it.o
    0x08001546   0x08001546   0x00000002   PAD
    0x08001548   0x08001548   0x0000002c   Code   RO         5781    i.FineTunePID_Init  finetune.o
    0x08001574   0x08001574   0x00000090   Code   RO         2172    i.GPIO_Init         stm32f4xx_gpio.o
    0x08001604   0x08001604   0x00000046   Code   RO         2173    i.GPIO_PinAFConfig  stm32f4xx_gpio.o
    0x0800164a   0x0800164a   0x00000004   Code   RO         2179    i.GPIO_ResetBits    stm32f4xx_gpio.o
    0x0800164e   0x0800164e   0x00000004   Code   RO         2180    i.GPIO_SetBits      stm32f4xx_gpio.o
    0x08001652   0x08001652   0x00000012   Code   RO         2181    i.GPIO_StructInit   stm32f4xx_gpio.o
    0x08001664   0x08001664   0x00000004   Code   RO          291    i.HardFault_Handler  stm32f4xx_it.o
    0x08001668   0x08001668   0x00000654   Code   RO            6    i.InitPIDControllers  main.o
    0x08001cbc   0x08001cbc   0x000000bc   Code   RO         5782    i.InitializeMotorFineTuneControllers  finetune.o
    0x08001d78   0x08001d78   0x0000007c   Code   RO            7    i.LimitAcceleration  main.o
    0x08001df4   0x08001df4   0x00000064   Code   RO         5993    i.M2006_SetCurrent_ALL  m2006driver.o
    0x08001e58   0x08001e58   0x00000004   Code   RO          292    i.MemManage_Handler  stm32f4xx_it.o
    0x08001e5c   0x08001e5c   0x00000002   Code   RO          293    i.NMI_Handler       stm32f4xx_it.o
    0x08001e5e   0x08001e5e   0x00000002   PAD
    0x08001e60   0x08001e60   0x00000078   Code   RO          423    i.NVIC_Init         misc.o
    0x08001ed8   0x08001ed8   0x00000014   Code   RO          424    i.NVIC_PriorityGroupConfig  misc.o
    0x08001eec   0x08001eec   0x00000038   Code   RO         5909    i.OLED_Clear        oled.o
    0x08001f24   0x08001f24   0x00000118   Code   RO         5910    i.OLED_Init         oled.o
    0x0800203c   0x0800203c   0x00000060   Code   RO         5911    i.OLED_ShowChar     oled.o
    0x0800209c   0x0800209c   0x00000024   Code   RO         5913    i.OLED_ShowNumber   oled.o
    0x080020c0   0x080020c0   0x0000002c   Code   RO         5914    i.OLED_ShowString   oled.o
    0x080020ec   0x080020ec   0x0000003e   Code   RO         5915    i.OLED_ShowUTF8String  oled.o
    0x0800212a   0x0800212a   0x00000002   PAD
    0x0800212c   0x0800212c   0x0000001c   Code   RO         5916    i.OLED_WriteCommand  oled.o
    0x08002148   0x08002148   0x0000001c   Code   RO         5917    i.OLED_WriteData    oled.o
    0x08002164   0x08002164   0x000000b2   Code   RO         5407    i.PID_Compute       pid.o
    0x08002216   0x08002216   0x00000002   PAD
    0x08002218   0x08002218   0x00000040   Code   RO         5408    i.PID_Init          pid.o
    0x08002258   0x08002258   0x0000000a   Code   RO         5409    i.PID_SetOutputLimits  pid.o
    0x08002262   0x08002262   0x00000002   Code   RO          294    i.PendSV_Handler    stm32f4xx_it.o
    0x08002264   0x08002264   0x00000028   Code   RO            8    i.ProcessReceivedData  main.o
    0x0800228c   0x0800228c   0x00000020   Code   RO         3036    i.RCC_AHB1PeriphClockCmd  stm32f4xx_rcc.o
    0x080022ac   0x080022ac   0x00000020   Code   RO         3045    i.RCC_APB1PeriphClockCmd  stm32f4xx_rcc.o
    0x080022cc   0x080022cc   0x00000020   Code   RO         3047    i.RCC_APB1PeriphResetCmd  stm32f4xx_rcc.o
    0x080022ec   0x080022ec   0x00000020   Code   RO         3050    i.RCC_APB2PeriphResetCmd  stm32f4xx_rcc.o
    0x0800230c   0x0800230c   0x000000e8   Code   RO         3057    i.RCC_GetClocksFreq  stm32f4xx_rcc.o
    0x080023f4   0x080023f4   0x00000048   Code   RO         5918    i.SPI_SendByte      oled.o
    0x0800243c   0x0800243c   0x00000002   Code   RO          295    i.SVC_Handler       stm32f4xx_it.o
    0x0800243e   0x0800243e   0x00000002   PAD
    0x08002440   0x08002440   0x000000ec   Code   RO          379    i.SetSysClock       system_stm32f4xx.o
    0x0800252c   0x0800252c   0x00000028   Code   RO          427    i.SysTick_CLKSourceConfig  misc.o
    0x08002554   0x08002554   0x00000002   Code   RO          296    i.SysTick_Handler   stm32f4xx_it.o
    0x08002556   0x08002556   0x00000002   PAD
    0x08002558   0x08002558   0x00000068   Code   RO          381    i.SystemInit        system_stm32f4xx.o
    0x080025c0   0x080025c0   0x000000c4   Code   RO            9    i.TIM6_DAC_IRQHandler  main.o
    0x08002684   0x08002684   0x0000005c   Code   RO         5362    i.TIM6_Int_Init     timer.o
    0x080026e0   0x080026e0   0x0000048c   Code   RO           10    i.TIM7_IRQHandler   main.o
    0x08002b6c   0x08002b6c   0x0000005c   Code   RO         5363    i.TIM7_Int_Init     timer.o
    0x08002bc8   0x08002bc8   0x00000006   Code   RO         4378    i.TIM_ClearITPendingBit  stm32f4xx_tim.o
    0x08002bce   0x08002bce   0x00000018   Code   RO         4383    i.TIM_Cmd           stm32f4xx_tim.o
    0x08002be6   0x08002be6   0x00000022   Code   RO         4404    i.TIM_GetITStatus   stm32f4xx_tim.o
    0x08002c08   0x08002c08   0x00000012   Code   RO         4408    i.TIM_ITConfig      stm32f4xx_tim.o
    0x08002c1a   0x08002c1a   0x00000002   PAD
    0x08002c1c   0x08002c1c   0x00000084   Code   RO         4455    i.TIM_TimeBaseInit  stm32f4xx_tim.o
    0x08002ca0   0x08002ca0   0x00000034   Code   RO           11    i.UART4_IRQHandler  main.o
    0x08002cd4   0x08002cd4   0x0000007c   Code   RO           12    i.UART5_IRQHandler  main.o
    0x08002d50   0x08002d50   0x0000003c   Code   RO           13    i.UART5_Transmit    main.o
    0x08002d8c   0x08002d8c   0x00000064   Code   RO         5468    i.USART2_Conf       usart.o
    0x08002df0   0x08002df0   0x00000078   Code   RO         5469    i.USART2_IO_Conf    usart.o
    0x08002e68   0x08002e68   0x00000054   Code   RO           14    i.USART2_IRQHandler  main.o
    0x08002ebc   0x08002ebc   0x00000020   Code   RO         5470    i.USART2_NVICConf   usart.o
    0x08002edc   0x08002edc   0x000000ac   Code   RO         5472    i.USART4_Init       usart.o
    0x08002f88   0x08002f88   0x000000c8   Code   RO         5473    i.USART5_Init       usart.o
    0x08003050   0x08003050   0x00000012   Code   RO         4929    i.USART_ClearFlag   stm32f4xx_usart.o
    0x08003062   0x08003062   0x0000001e   Code   RO         4930    i.USART_ClearITPendingBit  stm32f4xx_usart.o
    0x08003080   0x08003080   0x00000018   Code   RO         4933    i.USART_Cmd         stm32f4xx_usart.o
    0x08003098   0x08003098   0x000000f0   Code   RO         4935    i.USART_DeInit      stm32f4xx_usart.o
    0x08003188   0x08003188   0x0000001a   Code   RO         4936    i.USART_GetFlagStatus  stm32f4xx_usart.o
    0x080031a2   0x080031a2   0x00000054   Code   RO         4937    i.USART_GetITStatus  stm32f4xx_usart.o
    0x080031f6   0x080031f6   0x0000004a   Code   RO         4939    i.USART_ITConfig    stm32f4xx_usart.o
    0x08003240   0x08003240   0x000000d4   Code   RO         4940    i.USART_Init        stm32f4xx_usart.o
    0x08003314   0x08003314   0x0000000a   Code   RO         4947    i.USART_ReceiveData  stm32f4xx_usart.o
    0x0800331e   0x0800331e   0x00000008   Code   RO         4950    i.USART_SendData    stm32f4xx_usart.o
    0x08003326   0x08003326   0x00000018   Code   RO         4956    i.USART_StructInit  stm32f4xx_usart.o
    0x0800333e   0x0800333e   0x00000002   PAD
    0x08003340   0x08003340   0x00000044   Code   RO           15    i.UpdateOLEDDisplay  main.o
    0x08003384   0x08003384   0x00000004   Code   RO          297    i.UsageFault_Handler  stm32f4xx_it.o
    0x08003388   0x08003388   0x0000002e   Code   RO         5474    i.Usart_SendString  usart.o
    0x080033b6   0x080033b6   0x00000014   Code   RO         6295    i.__hardfp_fabs     m_wm.l(fabs.o)
    0x080033ca   0x080033ca   0x00000002   PAD
    0x080033cc   0x080033cc   0x00000038   Code   RO         5182    i.delay_init        delay.o
    0x08003404   0x08003404   0x00000038   Code   RO         5183    i.delay_ms          delay.o
    0x0800343c   0x0800343c   0x0000004c   Code   RO         5184    i.delay_us          delay.o
    0x08003488   0x08003488   0x0000007e   Code   RO         5537    i.initial_pos       pack_one.o
    0x08003506   0x08003506   0x00000002   PAD
    0x08003508   0x08003508   0x000009c8   Code   RO           16    i.main              main.o
    0x08003ed0   0x08003ed0   0x00000078   Code   RO         5538    i.move_robot_arm_speed  pack_one.o
    0x08003f48   0x08003f48   0x000000c4   Code   RO           18    i.pi_data_process   main.o
    0x0800400c   0x0800400c   0x00000020   Code   RO         5708    i.pick_car_out_blue  action.o
    0x0800402c   0x0800402c   0x00000020   Code   RO         5709    i.pick_car_out_blue_cemian  action.o
    0x0800404c   0x0800404c   0x00000020   Code   RO         5710    i.pick_car_out_green  action.o
    0x0800406c   0x0800406c   0x00000020   Code   RO         5711    i.pick_car_out_green_cemian  action.o
    0x0800408c   0x0800408c   0x00000020   Code   RO         5712    i.pick_car_out_red  action.o
    0x080040ac   0x080040ac   0x00000020   Code   RO         5713    i.pick_car_out_red_cemian  action.o
    0x080040cc   0x080040cc   0x00000082   Code   RO         5539    i.pick_car_you      pack_one.o
    0x0800414e   0x0800414e   0x00000082   Code   RO         5540    i.pick_car_you_cemian  pack_one.o
    0x080041d0   0x080041d0   0x0000008c   Code   RO         5541    i.pick_car_zhong    pack_one.o
    0x0800425c   0x0800425c   0x0000008c   Code   RO         5542    i.pick_car_zhong_cemian  pack_one.o
    0x080042e8   0x080042e8   0x00000082   Code   RO         5543    i.pick_car_zuo      pack_one.o
    0x0800436a   0x0800436a   0x00000082   Code   RO         5544    i.pick_car_zuo_cemian  pack_one.o
    0x080043ec   0x080043ec   0x00000072   Code   RO         5545    i.pick_yuantai      pack_one.o
    0x0800445e   0x0800445e   0x0000001c   Code   RO         5714    i.pick_yuantai_blue  action.o
    0x0800447a   0x0800447a   0x0000001c   Code   RO         5715    i.pick_yuantai_green  action.o
    0x08004496   0x08004496   0x0000001c   Code   RO         5716    i.pick_yuantai_red  action.o
    0x080044b2   0x080044b2   0x00000026   Code   RO         5546    i.pick_zhong_move_zuo  pack_one.o
    0x080044d8   0x080044d8   0x0000007e   Code   RO         5547    i.put_youbian       pack_one.o
    0x08004556   0x08004556   0x00000116   Code   RO         5548    i.put_youbian_car_out  pack_one.o
    0x0800466c   0x0800466c   0x00000116   Code   RO         5549    i.put_youbian_car_out_cemian  pack_one.o
    0x08004782   0x08004782   0x00000068   Code   RO         5550    i.put_zhongjian     pack_one.o
    0x080047ea   0x080047ea   0x000000d0   Code   RO         5551    i.put_zhongjian_car_out  pack_one.o
    0x080048ba   0x080048ba   0x000000d0   Code   RO         5552    i.put_zhongjian_car_out_cemian  pack_one.o
    0x0800498a   0x0800498a   0x00000068   Code   RO         5553    i.put_zuobian       pack_one.o
    0x080049f2   0x080049f2   0x00000102   Code   RO         5554    i.put_zuobian_car_out  pack_one.o
    0x08004af4   0x08004af4   0x00000102   Code   RO         5555    i.put_zuobian_car_out_cemian  pack_one.o
    0x08004bf6   0x08004bf6   0x00000002   PAD
    0x08004bf8   0x08004bf8   0x000001ac   Code   RO           19    i.set_target_position  main.o
    0x08004da4   0x08004da4   0x00000078   Code   RO         5556    i.watch_Initial_Position1  pack_one.o
    0x08004e1c   0x08004e1c   0x0000007e   Code   RO         5557    i.watch_Initial_Position2  pack_one.o
    0x08004e9a   0x08004e9a   0x0000007e   Code   RO         5558    i.watch_Initial_Position3  pack_one.o
    0x08004f18   0x08004f18   0x0000002c   Code   RO         6370    locale$$code        c_w.l(lc_ctype_c.o)
    0x08004f44   0x08004f44   0x00000018   Code   RO         6317    x$fpl$dcmpinf       fz_wm.l(dcmpi.o)
    0x08004f5c   0x08004f5c   0x00000078   Code   RO         6289    x$fpl$dleqf         fz_wm.l(dleqf.o)
    0x08004fd4   0x08004fd4   0x0000009c   Code   RO         6319    x$fpl$dnaninf       fz_wm.l(dnaninf.o)
    0x08005070   0x08005070   0x0000000c   Code   RO         6321    x$fpl$dretinf       fz_wm.l(dretinf.o)
    0x0800507c   0x0800507c   0x0000006c   Code   RO         6291    x$fpl$drleqf        fz_wm.l(drleqf.o)
    0x080050e8   0x080050e8   0x00000056   Code   RO         6293    x$fpl$f2d           fz_wm.l(f2d.o)
    0x0800513e   0x0800513e   0x0000008c   Code   RO         6323    x$fpl$fnaninf       fz_wm.l(fnaninf.o)
    0x080051ca   0x080051ca   0x0000000a   Code   RO         6428    x$fpl$fpinit        fz_wm.l(fpinit.o)
    0x080051d4   0x080051d4   0x00000000   Code   RO         6325    x$fpl$usenofp       fz_wm.l(usenofp.o)
    0x080051d4   0x080051d4   0x00000818   Data   RO         5919    .constdata          oled.o
    0x080059ec   0x080059ec   0x00000020   Data   RO         6496    Region$$Table       anon$$obj.o
    0x08005a0c   0x08005a0c   0x00000110   Data   RO         6369    locale$$data        c_w.l(lc_ctype_c.o)


    Execution Region RW_IRAM1 (Exec base: 0x20000000, Load base: 0x08005b1c, Size: 0x00000ea0, Max: 0x00020000, ABSOLUTE)

    Exec Addr    Load Addr    Size         Type   Attr      Idx    E Section Name        Object

    0x20000000   0x08005b1c   0x0000009a   Data   RW           21    .data               main.o
    0x2000009a   0x08005bb6   0x00000010   Data   RW         3089    .data               stm32f4xx_rcc.o
    0x200000aa   0x08005bc6   0x00000002   PAD
    0x200000ac   0x08005bc8   0x00000008   Data   RW         5185    .data               delay.o
    0x200000b4   0x08005bd0   0x0000000d   Data   RW         5559    .data               pack_one.o
    0x200000c1   0x08005bdd   0x00000003   PAD
    0x200000c4        -       0x0000062a   Zero   RW           20    .bss                main.o
    0x200006ee   0x08005bdd   0x00000002   PAD
    0x200006f0        -       0x00000150   Zero   RW         5784    .bss                finetune.o
    0x20000840        -       0x00000060   Zero   RW         6360    .bss                c_w.l(libspace.o)
    0x200008a0        -       0x00000200   Zero   RW          415    HEAP                startup_stm32f40_41xxx.o
    0x20000aa0        -       0x00000400   Zero   RW          414    STACK               startup_stm32f40_41xxx.o


==============================================================================

Image component sizes


      Code (inc. data)   RO Data    RW Data    ZI Data      Debug   Object Name

       276          0          0          0          0       4541   action.o
       188         20          0          8          0     272411   delay.o
       232         58          0          0        336       2231   finetune.o
       844         26          0          0          0       2509   m2006driver.o
      6792        724          0        154       1578     326477   main.o
       180         24          0          0          0     239441   misc.o
       702         30       2072          0          0       6688   oled.o
      3392         10          0         13          0      13186   pack_one.o
       252         14          0          0          0       2783   pid.o
        64         26        392          0       1536        832   startup_stm32f40_41xxx.o
      1566         16          0          0          0       6382   stm32f4xx_can.o
       240          0          0          0          0       3381   stm32f4xx_gpio.o
        26          0          0          0          0       4026   stm32f4xx_it.o
       360         42          0         16          0       5172   stm32f4xx_rcc.o
       214         28          0          0          0       3642   stm32f4xx_tim.o
       750         42          0          0          0       7883   stm32f4xx_usart.o
       340         32          0          0          0       1461   system_stm32f4xx.o
       184          8          0          0          0       1348   timer.o
       670         30          0          0          0       4064   usart.o

    ----------------------------------------------------------------------
     17296       1130       2496        196       3452     908458   Object Totals
         0          0         32          0          0          0   (incl. Generated)
        24          0          0          5          2          0   (incl. Padding)

    ----------------------------------------------------------------------

      Code (inc. data)   RO Data    RW Data    ZI Data      Debug   Library Member Name

        60          8          0          0          0         84   __0sscanf.o
         8          0          0          0          0         68   __main.o
       104          0          0          0          0         84   __printf.o
         0          0          0          0          0          0   __rtentry.o
        12          0          0          0          0          0   __rtentry2.o
         6          0          0          0          0          0   __rtentry4.o
        52          8          0          0          0          0   __scatter.o
        26          0          0          0          0          0   __scatter_copy.o
        28          0          0          0          0          0   __scatter_zi.o
        28          0          0          0          0         68   _chval.o
        48          6          0          0          0         96   _printf_char_common.o
         6          0          0          0          0          0   _printf_d.o
       120         16          0          0          0         92   _printf_dec.o
       178          0          0          0          0         88   _printf_intcommon.o
         0          0          0          0          0          0   _printf_percent.o
         4          0          0          0          0          0   _printf_percent_end.o
       884          6          0          0          0        100   _scanf.o
       332          0          0          0          0         96   _scanf_int.o
        64          0          0          0          0         84   _sgetc.o
        10          0          0          0          0         68   _sputc.o
        18          0          0          0          0         80   exit.o
         6          0          0          0          0        152   heapauxi.o
         0          0          0          0          0          0   indicate_semi.o
        18          0          0          0          0         76   isspace.o
        44         10        272          0          0         76   lc_ctype_c.o
         2          0          0          0          0          0   libinit.o
        24          0          0          0          0          0   libinit2.o
         2          0          0          0          0          0   libshutdown.o
         2          0          0          0          0          0   libshutdown2.o
         8          4          0          0         96         68   libspace.o
        40          6          0          0          0         84   noretval__2sprintf.o
        16          4          0          0          0         76   rt_ctype_table.o
         8          4          0          0          0         68   rt_locale_intlibspace.o
        78          0          0          0          0         80   rt_memclr_w.o
         2          0          0          0          0          0   rtexit.o
        10          0          0          0          0          0   rtexit2.o
        44          8          0          0          0         84   scanf_char.o
       128          0          0          0          0         68   strcmpv7m.o
        62          0          0          0          0         76   strlen.o
        12          4          0          0          0         68   sys_exit.o
        74          0          0          0          0         80   sys_stackheap_outer.o
         2          0          0          0          0         68   use_no_semi.o
        24          0          0          0          0        116   dcmpi.o
       120          4          0          0          0        140   dleqf.o
       156          4          0          0          0        140   dnaninf.o
        12          0          0          0          0        116   dretinf.o
       108          0          0          0          0        128   drleqf.o
        86          4          0          0          0        132   f2d.o
       140          4          0          0          0        132   fnaninf.o
        10          0          0          0          0        116   fpinit.o
         0          0          0          0          0          0   usenofp.o
        20          0          0          0          0        124   fabs.o

    ----------------------------------------------------------------------
      3260        100        272          0         96       3276   Library Totals
        14          0          0          0          0          0   (incl. Padding)

    ----------------------------------------------------------------------

      Code (inc. data)   RO Data    RW Data    ZI Data      Debug   Library Name

      2570         84        272          0         96       2132   c_w.l
       656         16          0          0          0       1020   fz_wm.l
        20          0          0          0          0        124   m_wm.l

    ----------------------------------------------------------------------
      3260        100        272          0         96       3276   Library Totals

    ----------------------------------------------------------------------

==============================================================================


      Code (inc. data)   RO Data    RW Data    ZI Data      Debug   

     20556       1230       2768        196       3548     898290   Grand Totals
     20556       1230       2768        196       3548     898290   ELF Image Totals
     20556       1230       2768        196          0          0   ROM Totals

==============================================================================

    Total RO  Size (Code + RO Data)                23324 (  22.78kB)
    Total RW  Size (RW Data + ZI Data)              3744 (   3.66kB)
    Total ROM Size (Code + RO Data + RW Data)      23520 (  22.97kB)

==============================================================================

