<html>
<body>
<pre>
<h1>µVision Build Log</h1>
<h2>Tool Versions:</h2>
IDE-Version: µVision V5.24.2.0
Copyright (C) 2017 ARM Ltd and ARM Germany GmbH. All rights reserved.
License Information: 1212121 221, 1121, LIC=D0D7S-L2SZ5-CXTU6-DGE84-1MV3A-6C9D7
 
Tool Versions:
Toolchain:       MDK-ARM Plus  Version: 5.24.1
Toolchain Path:  E:\Keil_v5\ARM\ARMCC\Bin
C Compiler:      Armcc.exe V5.06 update 5 (build 528)
Assembler:       Armasm.exe V5.06 update 5 (build 528)
Linker/Locator:  ArmLink.exe V5.06 update 5 (build 528)
Library Manager: ArmAr.exe V5.06 update 5 (build 528)
Hex Converter:   FromElf.exe V5.06 update 5 (build 528)
CPU DLL:         SARMCM3.DLL V5.24.1
Dialog DLL:      DCM.DLL V1.16.0.0
Target DLL:      CMSIS_AGDI.dll V1.28.3.0
Dialog DLL:      TCM.DLL V1.32.0.0
 
<h2>Project:</h2>
d:\Code\STM32\³ÌÐò\±ê×¼¿â\¹¤´´Èü-m2006\USER\STM32F407.uvprojx
Project File Date:  09/19/2024

<h2>Output:</h2>
*** Using Compiler 'V5.06 update 5 (build 528)', folder: 'E:\Keil_v5\ARM\ARMCC\Bin'
Build target 'STM32F407'
compiling main.c...
main.c(10): warning:  #47-D: incompatible redefinition of macro "POSITION_DEADBAND"  (declared at line 101 of "include.h")
  #define POSITION_DEADBAND 13  // ???????€?????????????????????????????????????
main.c(228): warning:  #167-D: argument of type "volatile uint8_t *" is incompatible with parameter of type "void *"
      memset(rx_buffer, 0, 
UFFER_SIZE);  // ???????????????
main.c(350): warning:  #167-D: argument of type "volatile uint8_t *" is incompatible with parameter of type "char *"
          pi_data_process(rx_buffer ,&x_pi ,&y_pi, &pi_put_obj_fir , &pi_put_obj_sec, &pi_command);
main.c(350): warning:  #167-D: argument of type "int32 *" is incompatible with parameter of type "int *"
          pi_data_process(rx_buffer ,&x_pi ,&y_pi, &pi_put_obj_fir , &pi_put_obj_sec, &pi_command);
main.c(432): warning:  #223-D: function "TIM6_Int_Init" declared implicitly
      TIM6_Int_Init(99, 839);      // ??????????????????6???????????????1000???
main.c(433): warning:  #223-D: function "TIM7_Int_Init" declared implicitly
      TIM7_Int_Init(99, 839);      // ??????????????????7???????????????1000???
main.c(533): warning:  #47-D: incompatible redefinition of macro "POSITION_DEADBAND"  (declared at line 10)
  				#define POSITION_DEADBAND 0  // ???????€?????????????????????????????????????
main.c(551): warning:  #223-D: function "pick_yuantai_red" declared implicitly
  					if(pi_command == 9991){pick_yuantai_red();watch_Initial_Position1(); catch_fir_flag++;pi_command = 0;}		
main.c(552): warning:  #223-D: function "pick_yuantai_green" declared implicitly
  					if(pi_command == 9992){pick_yuantai_green();watch_Initial_Position1(); catch_fir_flag++;pi_command = 0;}
main.c(553): warning:  #223-D: function "pick_yuantai_blue" declared implicitly
  					if(pi_command == 9993){pick_yuantai_blue();watch_Initial_Position1(); catch_fir_flag++;pi_command = 0;}
main.c(597): warning:  #47-D: incompatible redefinition of macro "POSITION_DEADBAND"  (declared at line 533)
  		#define POSITION_DEADBAND 13  // ???????€?????????????????????????????????????
main.c(521): warning:  #177-D: variable "j"  was declared but never referenced
  		int j = 1;
main.c: 12 warnings, 0 errors
linking...
Program Size: Code=16244 RO-data=2768 RW-data=184 ZI-data=3216  
FromELF: creating hex file...
".\Objects\STM32F407.axf" - 0 Error(s), 12 Warning(s).

<h2>Software Packages used:</h2>

Package Vendor: Keil
                https://www.keil.com/pack/Keil.STM32F4xx_DFP.2.17.1.pack
                Keil.STM32F4xx_DFP.2.17.1
                STMicroelectronics STM32F4 Series Device Support, Drivers and Examples

<h2>Collection of Component include folders:</h2>
  .\RTE\_STM32F407
  E:\Keil_v5\ARM\PACK\Keil\STM32F4xx_DFP\2.17.1\Drivers\CMSIS\Device\ST\STM32F4xx\Include

<h2>Collection of Component Files used:</h2>
Build Time Elapsed:  00:00:02
</pre>
</body>
</html>
